[09:22:24] == real-disable VM test  ip=192.168.64.14  Mon Sep  7 09:22:24 -04 2026 ==
[09:22:24] guest: 26.6.2 arm64 
[09:22:24] 
[09:22:24] ################ S0 reset + baseline ################
[09:22:24] -> pkill; defaults delete app.simpledisplay; open -a SimpleDisplay
[09:22:33] -- status (S0):
   id   name       virt on  main hidpi mirror mode
   1    Apple Virtual 0    1   1    0     0      1720x768
PROBE online=1 active=1 main=1
PROBE id=1 active=1 isActive=1 main=1 builtin=0 mirrorOf=0 uuid=9A0911C6-7B3D-4140-93FB-DE91CCE602DB 1720x768 px=1720x768 hidpi=0 modes=[800x600,1024x768,1280x572,1280x960,1344x600,1344x1008,1600x714,1600x1200,1720x768,640x480,860x384]
[09:22:34]    PASS  solo la consola de la VM, encendida y main
[09:22:34] consola id=1
[09:22:34] 
[09:22:34] ################ S1 crear 2 'Twin' identicos + 1 'Retina' HiDPI ################
[09:22:34] -> simpledisplay://create?width=1280&height=720&name=Twin
[09:22:38] -> simpledisplay://create?width=1280&height=720&name=Twin
[09:22:42] -> simpledisplay://create?width=1600&height=900&name=Retina&hidpi=true
[09:22:48] -- status (S1):
   id   name       virt on  main hidpi mirror mode
   1    Apple Virtual 0    1   1    0     0      1720x768
   23   Twin       1    1   0    0     0      1280x720
   24   Twin       1    1   0    0     0      1280x720
   25   Retina     1    1   0    1     0      1600x900
PROBE online=4 active=4 main=1
PROBE id=1 active=1 isActive=1 main=1 builtin=0 mirrorOf=0 uuid=9A0911C6-7B3D-4140-93FB-DE91CCE602DB 1720x768 px=1720x768 hidpi=0 modes=[800x600,1024x768,1280x572,1280x960,1344x600,1344x1008,1600x714,1600x1200,1720x768,640x480,860x384]
PROBE id=23 active=1 isActive=1 main=0 builtin=0 mirrorOf=0 uuid=2DC98E40-1180-4888-AA7B-FEE581F5A785 1280x720 px=1280x720 hidpi=0 modes=[800x600,1024x576,1024x768,1280x720,640x360,640x480]
PROBE id=24 active=1 isActive=1 main=0 builtin=0 mirrorOf=0 uuid=B5DF2BF2-76B2-4159-B011-5E1EC8C6A772 1280x720 px=1280x720 hidpi=0 modes=[800x600,1024x576,1024x768,1280x720,640x360,640x480]
PROBE id=25 active=1 isActive=1 main=0 builtin=0 mirrorOf=0 uuid=E3BD08CD-9ACF-4ABF-A67F-76EF61BBDD8D 1600x900 px=3200x1800 hidpi=1 modes=[800x600@2x,800x600,960x540@2x,1024x576,1024x768,1280x720,1280x960,1344x756,1344x1008,1600x900@2x,1600x900,1600x1200,1920x1080,3200x1800,400x300@2x,512x384@2x,640x360@2x,640x480@2x,640x480,672x378@2x,672x504@2x,800x450@2x,800x450@2x,1600x900]
[09:22:48]    PASS  4 displays, todos encendidos
[09:22:48]    PASS  dos filas 'Twin'
[09:22:48]    PASS  Retina es HiDPI 1600x900
PROBE online=4 active=4 main=1
PROBE id=1 active=1 isActive=1 main=1 builtin=0 mirrorOf=0 uuid=9A0911C6-7B3D-4140-93FB-DE91CCE602DB 1720x768 px=1720x768 hidpi=0 modes=[800x600,1024x768,1280x572,1280x960,1344x600,1344x1008,1600x714,1600x1200,1720x768,640x480,860x384]
PROBE id=23 active=1 isActive=1 main=0 builtin=0 mirrorOf=0 uuid=2DC98E40-1180-4888-AA7B-FEE581F5A785 1280x720 px=1280x720 hidpi=0 modes=[800x600,1024x576,1024x768,1280x720,640x360,640x480]
PROBE id=24 active=1 isActive=1 main=0 builtin=0 mirrorOf=0 uuid=B5DF2BF2-76B2-4159-B011-5E1EC8C6A772 1280x720 px=1280x720 hidpi=0 modes=[800x600,1024x576,1024x768,1280x720,640x360,640x480]
PROBE id=25 active=1 isActive=1 main=0 builtin=0 mirrorOf=0 uuid=E3BD08CD-9ACF-4ABF-A67F-76EF61BBDD8D 1600x900 px=3200x1800 hidpi=1 modes=[800x600@2x,800x600,960x540@2x,1024x576,1024x768,1280x720,1280x960,1344x756,1344x1008,1600x900@2x,1600x900,1600x1200,1920x1080,3200x1800,400x300@2x,512x384@2x,640x360@2x,640x480@2x,640x480,672x378@2x,672x504@2x,800x450@2x,800x450@2x,1600x900]
[09:22:49] ids: TWIN1=23 TWIN2=24 RET=25  RET_UUID=E3BD08CD-9ACF-4ABF-A67F-76EF61BBDD8D
[09:22:49] 
[09:22:49] ################ A gemelos: apagar Twin#1, el otro Twin conserva nombre y fila ################
[09:22:49] -> simpledisplayctl disable --id 23
[09:22:56] -- status (A1):
   id   name       virt on  main hidpi mirror mode
   1    Apple Virtual 0    1   1    0     0      1720x768
   24   Twin       1    1   0    0     0      1280x720
   25   Retina     1    1   0    1     0      1600x900
   23   Twin       1    0   0    0     0      1280x720
PROBE online=3 active=3 main=1
PROBE id=1 active=1 isActive=1 main=1 builtin=0 mirrorOf=0 uuid=9A0911C6-7B3D-4140-93FB-DE91CCE602DB 1720x768 px=1720x768 hidpi=0 modes=[800x600,1024x768,1280x572,1280x960,1344x600,1344x1008,1600x714,1600x1200,1720x768,640x480,860x384]
PROBE id=24 active=1 isActive=1 main=0 builtin=0 mirrorOf=0 uuid=B5DF2BF2-76B2-4159-B011-5E1EC8C6A772 1280x720 px=1280x720 hidpi=0 modes=[800x600,1024x576,1024x768,1280x720,640x360,640x480]
PROBE id=25 active=1 isActive=1 main=0 builtin=0 mirrorOf=0 uuid=E3BD08CD-9ACF-4ABF-A67F-76EF61BBDD8D 1600x900 px=3200x1800 hidpi=1 modes=[800x600@2x,800x600,960x540@2x,1024x576,1024x768,1280x720,1280x960,1344x756,1344x1008,1600x900@2x,1600x900,1600x1200,1920x1080,3200x1800,400x300@2x,512x384@2x,640x360@2x,640x480@2x,640x480,672x378@2x,672x504@2x,800x450@2x,800x450@2x,1600x900]
[09:22:57]    PASS  Twin#1 sigue listado (fantasma) y apagado
[09:22:57]    PASS  Twin#1 conserva el nombre 'Twin'
[09:22:57]    PASS  Twin#2 sigue encendido y con nombre 'Twin'
[09:22:57]    PASS  siguen 4 filas (ninguna desaparecio)
PROBE online=3 active=3 main=1
PROBE id=1 active=1 isActive=1 main=1 builtin=0 mirrorOf=0 uuid=9A0911C6-7B3D-4140-93FB-DE91CCE602DB 1720x768 px=1720x768 hidpi=0 modes=[800x600,1024x768,1280x572,1280x960,1344x600,1344x1008,1600x714,1600x1200,1720x768,640x480,860x384]
PROBE id=24 active=1 isActive=1 main=0 builtin=0 mirrorOf=0 uuid=B5DF2BF2-76B2-4159-B011-5E1EC8C6A772 1280x720 px=1280x720 hidpi=0 modes=[800x600,1024x576,1024x768,1280x720,640x360,640x480]
PROBE id=25 active=1 isActive=1 main=0 builtin=0 mirrorOf=0 uuid=E3BD08CD-9ACF-4ABF-A67F-76EF61BBDD8D 1600x900 px=3200x1800 hidpi=1 modes=[800x600@2x,800x600,960x540@2x,1024x576,1024x768,1280x720,1280x960,1344x756,1344x1008,1600x900@2x,1600x900,1600x1200,1920x1080,3200x1800,400x300@2x,512x384@2x,640x360@2x,640x480@2x,640x480,672x378@2x,672x504@2x,800x450@2x,800x450@2x,1600x900]
[09:22:57]    PASS  CG: Twin#1 fuera de la lista online (0=si) (0)
[09:22:57] -> simpledisplayctl enable --id 23
[09:23:07] -- status (A2):
   id   name       virt on  main hidpi mirror mode
   1    Apple Virtual 0    1   1    0     0      1720x768
   23   Twin       1    1   0    0     0      1280x720
   24   Twin       1    1   0    0     0      1280x720
   25   Retina     1    1   0    1     0      1600x900
PROBE online=4 active=4 main=1
PROBE id=1 active=1 isActive=1 main=1 builtin=0 mirrorOf=0 uuid=9A0911C6-7B3D-4140-93FB-DE91CCE602DB 1720x768 px=1720x768 hidpi=0 modes=[800x600,1024x768,1280x572,1280x960,1344x600,1344x1008,1600x714,1600x1200,1720x768,640x480,860x384]
PROBE id=23 active=1 isActive=1 main=0 builtin=0 mirrorOf=0 uuid=2DC98E40-1180-4888-AA7B-FEE581F5A785 1280x720 px=1280x720 hidpi=0 modes=[800x600,1024x576,1024x768,1280x720,640x360,640x480]
PROBE id=24 active=1 isActive=1 main=0 builtin=0 mirrorOf=0 uuid=B5DF2BF2-76B2-4159-B011-5E1EC8C6A772 1280x720 px=1280x720 hidpi=0 modes=[800x600,1024x576,1024x768,1280x720,640x360,640x480]
PROBE id=25 active=1 isActive=1 main=0 builtin=0 mirrorOf=0 uuid=E3BD08CD-9ACF-4ABF-A67F-76EF61BBDD8D 1600x900 px=3200x1800 hidpi=1 modes=[800x600@2x,800x600,960x540@2x,1024x576,1024x768,1280x720,1280x960,1344x756,1344x1008,1600x900@2x,1600x900,1600x1200,1920x1080,3200x1800,400x300@2x,512x384@2x,640x360@2x,640x480@2x,640x480,672x378@2x,672x504@2x,800x450@2x,800x450@2x,1600x900]
[09:23:07]    PASS  Twin#1 encendido de nuevo
[09:23:07]    PASS  los 4 encendidos
PROBE online=4 active=4 main=1
PROBE id=1 active=1 isActive=1 main=1 builtin=0 mirrorOf=0 uuid=9A0911C6-7B3D-4140-93FB-DE91CCE602DB 1720x768 px=1720x768 hidpi=0 modes=[800x600,1024x768,1280x572,1280x960,1344x600,1344x1008,1600x714,1600x1200,1720x768,640x480,860x384]
PROBE id=23 active=1 isActive=1 main=0 builtin=0 mirrorOf=0 uuid=2DC98E40-1180-4888-AA7B-FEE581F5A785 1280x720 px=1280x720 hidpi=0 modes=[800x600,1024x576,1024x768,1280x720,640x360,640x480]
PROBE id=24 active=1 isActive=1 main=0 builtin=0 mirrorOf=0 uuid=B5DF2BF2-76B2-4159-B011-5E1EC8C6A772 1280x720 px=1280x720 hidpi=0 modes=[800x600,1024x576,1024x768,1280x720,640x360,640x480]
PROBE id=25 active=1 isActive=1 main=0 builtin=0 mirrorOf=0 uuid=E3BD08CD-9ACF-4ABF-A67F-76EF61BBDD8D 1600x900 px=3200x1800 hidpi=1 modes=[800x600@2x,800x600,960x540@2x,1024x576,1024x768,1280x720,1280x960,1344x756,1344x1008,1600x900@2x,1600x900,1600x1200,1920x1080,3200x1800,400x300@2x,512x384@2x,640x360@2x,640x480@2x,640x480,672x378@2x,672x504@2x,800x450@2x,800x450@2x,1600x900]
[09:23:08]    PASS  CG: Twin#1 online y activo (1)
   LOG 2026-09-07 13:22:33.396 I  SimpleDisplay[1942:45fa] [app.simpledisplay:URLScheme] URL command: <private>
   LOG 2026-09-07 13:22:34.135 I  SimpleDisplay[1942:45fa] [app.simpledisplay:URLScheme] URL command: <private>
   LOG 2026-09-07 13:22:34.410 I  SimpleDisplay[1942:45fa] [app.simpledisplay:VirtualDisplayService] Created virtual display '<private>' (1280x720) → ID 23
   LOG 2026-09-07 13:22:38.502 I  SimpleDisplay[1942:45fa] [app.simpledisplay:URLScheme] URL command: <private>
   LOG 2026-09-07 13:22:38.785 I  SimpleDisplay[1942:45fa] [app.simpledisplay:VirtualDisplayService] Created virtual display '<private>' (1280x720) → ID 24
   LOG 2026-09-07 13:22:42.857 I  SimpleDisplay[1942:45fa] [app.simpledisplay:URLScheme] URL command: <private>
   LOG 2026-09-07 13:22:43.138 I  SimpleDisplay[1942:45fa] [app.simpledisplay:VirtualDisplayService] Created virtual display '<private>' (1600x900) → ID 25
   LOG 2026-09-07 13:22:48.227 I  SimpleDisplay[1942:45fa] [app.simpledisplay:URLScheme] URL command: <private>
   LOG 2026-09-07 13:22:49.380 I  SimpleDisplay[1942:45fa] [app.simpledisplay:URLScheme] URL command: <private>
   LOG 2026-09-07 13:22:56.784 I  SimpleDisplay[1942:45fa] [app.simpledisplay:URLScheme] URL command: <private>
   LOG 2026-09-07 13:22:57.884 I  SimpleDisplay[1942:45fa] [app.simpledisplay:URLScheme] URL command: <private>
   LOG 2026-09-07 13:23:07.294 I  SimpleDisplay[1942:45fa] [app.simpledisplay:URLScheme] URL command: <private>
[09:23:09] 
[09:23:09] ################ B HiDPI: apagar y encender Retina, debe volver en HiDPI ################
[09:23:09] -> simpledisplay://disable?id=25
[09:23:17] -- status (B1):
   id   name       virt on  main hidpi mirror mode
   1    Apple Virtual 0    1   1    0     0      1720x768
   23   Twin       1    1   0    0     0      1280x720
   24   Twin       1    1   0    0     0      1280x720
   25   Retina     1    0   0    1     0      1600x900
PROBE online=3 active=3 main=1
PROBE id=1 active=1 isActive=1 main=1 builtin=0 mirrorOf=0 uuid=9A0911C6-7B3D-4140-93FB-DE91CCE602DB 1720x768 px=1720x768 hidpi=0 modes=[800x600,1024x768,1280x572,1280x960,1344x600,1344x1008,1600x714,1600x1200,1720x768,640x480,860x384]
PROBE id=23 active=1 isActive=1 main=0 builtin=0 mirrorOf=0 uuid=2DC98E40-1180-4888-AA7B-FEE581F5A785 1280x720 px=1280x720 hidpi=0 modes=[800x600,1024x576,1024x768,1280x720,640x360,640x480]
PROBE id=24 active=1 isActive=1 main=0 builtin=0 mirrorOf=0 uuid=B5DF2BF2-76B2-4159-B011-5E1EC8C6A772 1280x720 px=1280x720 hidpi=0 modes=[800x600,1024x576,1024x768,1280x720,640x360,640x480]
[09:23:17]    PASS  Retina apagada
[09:23:17] -> simpledisplay://enable?id=25
[09:23:28] -- status (B2):
   id   name       virt on  main hidpi mirror mode
   1    Apple Virtual 0    1   1    0     0      1720x768
   23   Twin       1    1   0    0     0      1280x720
   24   Twin       1    1   0    0     0      1280x720
   25   Retina     1    1   0    1     0      1600x900
PROBE online=4 active=4 main=1
PROBE id=1 active=1 isActive=1 main=1 builtin=0 mirrorOf=0 uuid=9A0911C6-7B3D-4140-93FB-DE91CCE602DB 1720x768 px=1720x768 hidpi=0 modes=[800x600,1024x768,1280x572,1280x960,1344x600,1344x1008,1600x714,1600x1200,1720x768,640x480,860x384]
PROBE id=23 active=1 isActive=1 main=0 builtin=0 mirrorOf=0 uuid=2DC98E40-1180-4888-AA7B-FEE581F5A785 1280x720 px=1280x720 hidpi=0 modes=[800x600,1024x576,1024x768,1280x720,640x360,640x480]
PROBE id=24 active=1 isActive=1 main=0 builtin=0 mirrorOf=0 uuid=B5DF2BF2-76B2-4159-B011-5E1EC8C6A772 1280x720 px=1280x720 hidpi=0 modes=[800x600,1024x576,1024x768,1280x720,640x360,640x480]
PROBE id=25 active=1 isActive=1 main=0 builtin=0 mirrorOf=0 uuid=E3BD08CD-9ACF-4ABF-A67F-76EF61BBDD8D 1600x900 px=3200x1800 hidpi=1 modes=[800x600@2x,800x600,960x540@2x,1024x576,1024x768,1280x720,1280x960,1344x756,1344x1008,1600x900@2x,1600x900,1600x1200,1920x1080,3200x1800,400x300@2x,512x384@2x,640x360@2x,640x480@2x,640x480,672x378@2x,672x504@2x,800x450@2x,800x450@2x,1600x900]
[09:23:28]    PASS  Retina encendida
[09:23:28]    PASS  Retina sigue HiDPI 1600x900
   LOG 2026-09-07 13:22:49.380 I  SimpleDisplay[1942:45fa] [app.simpledisplay:URLScheme] URL command: <private>
   LOG 2026-09-07 13:22:56.784 I  SimpleDisplay[1942:45fa] [app.simpledisplay:URLScheme] URL command: <private>
   LOG 2026-09-07 13:22:57.884 I  SimpleDisplay[1942:45fa] [app.simpledisplay:URLScheme] URL command: <private>
   LOG 2026-09-07 13:23:07.294 I  SimpleDisplay[1942:45fa] [app.simpledisplay:URLScheme] URL command: <private>
   LOG 2026-09-07 13:23:09.594 I  SimpleDisplay[1942:45fa] [app.simpledisplay:URLScheme] URL command: <private>
   LOG 2026-09-07 13:23:16.934 I  SimpleDisplay[1942:45fa] [app.simpledisplay:URLScheme] URL command: <private>
   LOG 2026-09-07 13:23:17.631 I  SimpleDisplay[1942:45fa] [app.simpledisplay:URLScheme] URL command: <private>
   LOG 2026-09-07 13:23:27.977 I  SimpleDisplay[1942:45fa] [app.simpledisplay:URLScheme] URL command: <private>
[09:23:29] 
[09:23:29] ################ C reinicio de la app con Retina apagada; reactivar desde la fila fantasma ################
[09:23:29] -> simpledisplay://disable?id=25
[09:23:37] -- status (C1):
   id   name       virt on  main hidpi mirror mode
   1    Apple Virtual 0    1   1    0     0      1720x768
   23   Twin       1    1   0    0     0      1280x720
   24   Twin       1    1   0    0     0      1280x720
   25   Retina     1    0   0    1     0      1600x900
PROBE online=3 active=3 main=1
PROBE id=1 active=1 isActive=1 main=1 builtin=0 mirrorOf=0 uuid=9A0911C6-7B3D-4140-93FB-DE91CCE602DB 1720x768 px=1720x768 hidpi=0 modes=[800x600,1024x768,1280x572,1280x960,1344x600,1344x1008,1600x714,1600x1200,1720x768,640x480,860x384]
PROBE id=23 active=1 isActive=1 main=0 builtin=0 mirrorOf=0 uuid=2DC98E40-1180-4888-AA7B-FEE581F5A785 1280x720 px=1280x720 hidpi=0 modes=[800x600,1024x576,1024x768,1280x720,640x360,640x480]
PROBE id=24 active=1 isActive=1 main=0 builtin=0 mirrorOf=0 uuid=B5DF2BF2-76B2-4159-B011-5E1EC8C6A772 1280x720 px=1280x720 hidpi=0 modes=[800x600,1024x576,1024x768,1280x720,640x360,640x480]
[09:23:37]    PASS  Retina apagada antes de reiniciar
[09:23:37] -> pkill SimpleDisplay; open -a SimpleDisplay
[09:23:54] -- status (C2):
   id   name       virt on  main hidpi mirror mode
   1    Apple Virtual 0    1   1    0     0      1720x768
   26   Twin       1    1   0    0     0      1280x720
   27   Twin       1    1   0    0     0      1280x720
   28   Retina     1    0   0    1     0      1600x900
PROBE online=3 active=3 main=1
PROBE id=1 active=1 isActive=1 main=1 builtin=0 mirrorOf=0 uuid=9A0911C6-7B3D-4140-93FB-DE91CCE602DB 1720x768 px=1720x768 hidpi=0 modes=[800x600,1024x768,1280x572,1280x960,1344x600,1344x1008,1600x714,1600x1200,1720x768,640x480,860x384]
PROBE id=26 active=1 isActive=1 main=0 builtin=0 mirrorOf=0 uuid=2DC98E40-1180-4888-AA7B-FEE581F5A785 1280x720 px=1280x720 hidpi=0 modes=[800x600,1024x576,1024x768,1280x720,640x360,640x480]
PROBE id=27 active=1 isActive=1 main=0 builtin=0 mirrorOf=0 uuid=B5DF2BF2-76B2-4159-B011-5E1EC8C6A772 1280x720 px=1280x720 hidpi=0 modes=[800x600,1024x576,1024x768,1280x720,640x360,640x480]
[09:23:54]    PASS  app relanzada: 4 filas
[09:23:54]    PASS  Retina sigue apagada tras relanzar (estado persistido)
[09:23:54]    PASS  los dos Twin encendidos
PROBE online=3 active=3 main=1
PROBE id=1 active=1 isActive=1 main=1 builtin=0 mirrorOf=0 uuid=9A0911C6-7B3D-4140-93FB-DE91CCE602DB 1720x768 px=1720x768 hidpi=0 modes=[800x600,1024x768,1280x572,1280x960,1344x600,1344x1008,1600x714,1600x1200,1720x768,640x480,860x384]
PROBE id=26 active=1 isActive=1 main=0 builtin=0 mirrorOf=0 uuid=2DC98E40-1180-4888-AA7B-FEE581F5A785 1280x720 px=1280x720 hidpi=0 modes=[800x600,1024x576,1024x768,1280x720,640x360,640x480]
PROBE id=27 active=1 isActive=1 main=0 builtin=0 mirrorOf=0 uuid=B5DF2BF2-76B2-4159-B011-5E1EC8C6A772 1280x720 px=1280x720 hidpi=0 modes=[800x600,1024x576,1024x768,1280x720,640x360,640x480]
[09:23:55]    PASS  CG: Retina (3200x1800 px) no esta online (0=si) (0)
[09:23:55] -> simpledisplay://enable?name=Retina
[09:24:05] -- status (C3):
   id   name       virt on  main hidpi mirror mode
   1    Apple Virtual 0    1   1    0     0      1720x768
   26   Twin       1    1   0    0     0      1280x720
   27   Twin       1    1   0    0     0      1280x720
   28   Retina     1    1   0    1     0      1600x900
PROBE online=4 active=4 main=1
PROBE id=1 active=1 isActive=1 main=1 builtin=0 mirrorOf=0 uuid=9A0911C6-7B3D-4140-93FB-DE91CCE602DB 1720x768 px=1720x768 hidpi=0 modes=[800x600,1024x768,1280x572,1280x960,1344x600,1344x1008,1600x714,1600x1200,1720x768,640x480,860x384]
PROBE id=26 active=1 isActive=1 main=0 builtin=0 mirrorOf=0 uuid=2DC98E40-1180-4888-AA7B-FEE581F5A785 1280x720 px=1280x720 hidpi=0 modes=[800x600,1024x576,1024x768,1280x720,640x360,640x480]
PROBE id=27 active=1 isActive=1 main=0 builtin=0 mirrorOf=0 uuid=B5DF2BF2-76B2-4159-B011-5E1EC8C6A772 1280x720 px=1280x720 hidpi=0 modes=[800x600,1024x576,1024x768,1280x720,640x360,640x480]
PROBE id=28 active=1 isActive=1 main=0 builtin=0 mirrorOf=0 uuid=E3BD08CD-9ACF-4ABF-A67F-76EF61BBDD8D 1600x900 px=3200x1800 hidpi=1 modes=[800x600@2x,800x600,960x540@2x,1024x576,1024x768,1280x720,1280x960,1344x756,1344x1008,1600x900@2x,1600x900,1600x1200,1920x1080,3200x1800,400x300@2x,512x384@2x,640x360@2x,640x480@2x,640x480,672x378@2x,672x504@2x,800x450@2x,800x450@2x,1600x900]
[09:24:06]    PASS  Retina reactivada desde el fantasma
[09:24:06]    PASS  Retina volvio en HiDPI
   LOG 2026-09-07 13:22:38.502 I  SimpleDisplay[1942:45fa] [app.simpledisplay:URLScheme] URL command: <private>
   LOG 2026-09-07 13:22:38.785 I  SimpleDisplay[1942:45fa] [app.simpledisplay:VirtualDisplayService] Created virtual display '<private>' (1280x720) → ID 24
   LOG 2026-09-07 13:22:42.857 I  SimpleDisplay[1942:45fa] [app.simpledisplay:URLScheme] URL command: <private>
   LOG 2026-09-07 13:22:43.138 I  SimpleDisplay[1942:45fa] [app.simpledisplay:VirtualDisplayService] Created virtual display '<private>' (1600x900) → ID 25
   LOG 2026-09-07 13:22:48.227 I  SimpleDisplay[1942:45fa] [app.simpledisplay:URLScheme] URL command: <private>
   LOG 2026-09-07 13:22:49.380 I  SimpleDisplay[1942:45fa] [app.simpledisplay:URLScheme] URL command: <private>
   LOG 2026-09-07 13:22:56.784 I  SimpleDisplay[1942:45fa] [app.simpledisplay:URLScheme] URL command: <private>
   LOG 2026-09-07 13:22:57.884 I  SimpleDisplay[1942:45fa] [app.simpledisplay:URLScheme] URL command: <private>
   LOG 2026-09-07 13:23:07.294 I  SimpleDisplay[1942:45fa] [app.simpledisplay:URLScheme] URL command: <private>
   LOG 2026-09-07 13:23:09.594 I  SimpleDisplay[1942:45fa] [app.simpledisplay:URLScheme] URL command: <private>
   LOG 2026-09-07 13:23:16.934 I  SimpleDisplay[1942:45fa] [app.simpledisplay:URLScheme] URL command: <private>
   LOG 2026-09-07 13:23:17.631 I  SimpleDisplay[1942:45fa] [app.simpledisplay:URLScheme] URL command: <private>
   LOG 2026-09-07 13:23:27.977 I  SimpleDisplay[1942:45fa] [app.simpledisplay:URLScheme] URL command: <private>
   LOG 2026-09-07 13:23:29.597 I  SimpleDisplay[1942:45fa] [app.simpledisplay:URLScheme] URL command: <private>
   LOG 2026-09-07 13:23:36.958 I  SimpleDisplay[1942:45fa] [app.simpledisplay:URLScheme] URL command: <private>
   LOG 2026-09-07 13:23:40.083 I  SimpleDisplay[2133:4d3d] [app.simpledisplay:VirtualDisplayService] Created virtual display '<private>' (1280x720) → ID 26
   LOG 2026-09-07 13:23:40.162 I  SimpleDisplay[2133:4d3d] [app.simpledisplay:VirtualDisplayService] Created virtual display '<private>' (1280x720) → ID 27
   LOG 2026-09-07 13:23:40.289 I  SimpleDisplay[2133:4d3d] [app.simpledisplay:VirtualDisplayService] Created virtual display '<private>' (1600x900) → ID 28
   LOG 2026-09-07 13:23:41.709 I  SimpleDisplay[2133:4d3d] [app.simpledisplay:ViewModel] Restored disabled state on '<private>'
   LOG 2026-09-07 13:23:54.082 I  SimpleDisplay[2133:4d3d] [app.simpledisplay:URLScheme] URL command: <private>
   LOG 2026-09-07 13:23:55.163 I  SimpleDisplay[2133:4d3d] [app.simpledisplay:URLScheme] URL command: <private>
   LOG 2026-09-07 13:24:05.485 I  SimpleDisplay[2133:4d3d] [app.simpledisplay:URLScheme] URL command: <private>
[09:24:07] ids tras reinicio: TWIN1=26 TWIN2=27 RET=28 CONSOLE=1
[09:24:07] 
[09:24:07] ################ D quitar un display virtual apagado: no debe dejar fila muerta ni fantasma en el WindowServer ################
PROBE online=4 active=4 main=1
PROBE id=1 active=1 isActive=1 main=1 builtin=0 mirrorOf=0 uuid=9A0911C6-7B3D-4140-93FB-DE91CCE602DB 1720x768 px=1720x768 hidpi=0 modes=[800x600,1024x768,1280x572,1280x960,1344x600,1344x1008,1600x714,1600x1200,1720x768,640x480,860x384]
PROBE id=26 active=1 isActive=1 main=0 builtin=0 mirrorOf=0 uuid=2DC98E40-1180-4888-AA7B-FEE581F5A785 1280x720 px=1280x720 hidpi=0 modes=[800x600,1024x576,1024x768,1280x720,640x360,640x480]
PROBE id=27 active=1 isActive=1 main=0 builtin=0 mirrorOf=0 uuid=B5DF2BF2-76B2-4159-B011-5E1EC8C6A772 1280x720 px=1280x720 hidpi=0 modes=[800x600,1024x576,1024x768,1280x720,640x360,640x480]
PROBE id=28 active=1 isActive=1 main=0 builtin=0 mirrorOf=0 uuid=E3BD08CD-9ACF-4ABF-A67F-76EF61BBDD8D 1600x900 px=3200x1800 hidpi=1 modes=[800x600@2x,800x600,960x540@2x,1024x576,1024x768,1280x720,1280x960,1344x756,1344x1008,1600x900@2x,1600x900,1600x1200,1920x1080,3200x1800,400x300@2x,512x384@2x,640x360@2x,640x480@2x,640x480,672x378@2x,672x504@2x,800x450@2x,800x450@2x,1600x900]
[09:24:07] Twin#2 uuid=B5DF2BF2-76B2-4159-B011-5E1EC8C6A772
[09:24:07] -> simpledisplay://disable?id=27
[09:24:15] -- status (D1):
   id   name       virt on  main hidpi mirror mode
   1    Apple Virtual 0    1   1    0     0      1720x768
   26   Twin       1    1   0    0     0      1280x720
   28   Retina     1    1   0    1     0      1600x900
   27   Twin       1    0   0    0     0      1280x720
PROBE online=3 active=3 main=1
PROBE id=1 active=1 isActive=1 main=1 builtin=0 mirrorOf=0 uuid=9A0911C6-7B3D-4140-93FB-DE91CCE602DB 1720x768 px=1720x768 hidpi=0 modes=[800x600,1024x768,1280x572,1280x960,1344x600,1344x1008,1600x714,1600x1200,1720x768,640x480,860x384]
PROBE id=26 active=1 isActive=1 main=0 builtin=0 mirrorOf=0 uuid=2DC98E40-1180-4888-AA7B-FEE581F5A785 1280x720 px=1280x720 hidpi=0 modes=[800x600,1024x576,1024x768,1280x720,640x360,640x480]
PROBE id=28 active=1 isActive=1 main=0 builtin=0 mirrorOf=0 uuid=E3BD08CD-9ACF-4ABF-A67F-76EF61BBDD8D 1600x900 px=3200x1800 hidpi=1 modes=[800x600@2x,800x600,960x540@2x,1024x576,1024x768,1280x720,1280x960,1344x756,1344x1008,1600x900@2x,1600x900,1600x1200,1920x1080,3200x1800,400x300@2x,512x384@2x,640x360@2x,640x480@2x,640x480,672x378@2x,672x504@2x,800x450@2x,800x450@2x,1600x900]
[09:24:15]    PASS  Twin#2 apagado
[09:24:15] -> simpledisplay://remove?id=27
[09:24:25] -- status (D2):
   id   name       virt on  main hidpi mirror mode
   1    Apple Virtual 0    1   1    0     0      1720x768
   26   Twin       1    1   0    0     0      1280x720
   28   Retina     1    1   0    1     0      1600x900
PROBE online=3 active=3 main=1
PROBE id=1 active=1 isActive=1 main=1 builtin=0 mirrorOf=0 uuid=9A0911C6-7B3D-4140-93FB-DE91CCE602DB 1720x768 px=1720x768 hidpi=0 modes=[800x600,1024x768,1280x572,1280x960,1344x600,1344x1008,1600x714,1600x1200,1720x768,640x480,860x384]
PROBE id=26 active=1 isActive=1 main=0 builtin=0 mirrorOf=0 uuid=2DC98E40-1180-4888-AA7B-FEE581F5A785 1280x720 px=1280x720 hidpi=0 modes=[800x600,1024x576,1024x768,1280x720,640x360,640x480]
PROBE id=28 active=1 isActive=1 main=0 builtin=0 mirrorOf=0 uuid=E3BD08CD-9ACF-4ABF-A67F-76EF61BBDD8D 1600x900 px=3200x1800 hidpi=1 modes=[800x600@2x,800x600,960x540@2x,1024x576,1024x768,1280x720,1280x960,1344x756,1344x1008,1600x900@2x,1600x900,1600x1200,1920x1080,3200x1800,400x300@2x,512x384@2x,640x360@2x,640x480@2x,640x480,672x378@2x,672x504@2x,800x450@2x,800x450@2x,1600x900]
[09:24:25]    PASS  la fila de Twin#2 desaparecio al quitarlo (sin fantasma muerto)
[09:24:25]    PASS  quedan 3 filas, todas encendidas
[09:24:25]    persistido: [{"lastKnownID": 23, "uuid": "2DC98E40-1180-4888-AA7B-FEE581F5A785", "isDisabled": false, "isMain": false, "name": "Twin"}, {"lastKnownID": 28, "uuid": "E3BD08CD-9ACF-4ABF-A67F-76EF61BBDD8D", "isDisabled": false, "isMain": false, "name": "Retina"}]
[09:24:25]    PASS  persistencia olvido el uuid de Twin#2 (False)
[09:24:25] -> relanzar la app: quien herede el slot de serial de Twin#2 no debe heredar su modo
[09:24:42] -- status (D3):
   id   name       virt on  main hidpi mirror mode
   1    Apple Virtual 0    1   1    0     0      1720x768
   29   Twin       1    1   0    0     0      1280x720
   30   Retina     1    1   0    1     0      1600x900
PROBE online=3 active=3 main=1
PROBE id=1 active=1 isActive=1 main=1 builtin=0 mirrorOf=0 uuid=9A0911C6-7B3D-4140-93FB-DE91CCE602DB 1720x768 px=1720x768 hidpi=0 modes=[800x600,1024x768,1280x572,1280x960,1344x600,1344x1008,1600x714,1600x1200,1720x768,640x480,860x384]
PROBE id=29 active=1 isActive=1 main=0 builtin=0 mirrorOf=0 uuid=2DC98E40-1180-4888-AA7B-FEE581F5A785 1280x720 px=1280x720 hidpi=0 modes=[800x600,1024x576,1024x768,1280x720,640x360,640x480]
PROBE id=30 active=1 isActive=1 main=0 builtin=0 mirrorOf=0 uuid=E3BD08CD-9ACF-4ABF-A67F-76EF61BBDD8D 1600x900 px=3200x1800 hidpi=1 modes=[800x600@2x,800x600,960x540@2x,1024x576,1024x768,1280x720,1280x960,1344x756,1344x1008,1600x900@2x,1600x900,1600x1200,1920x1080,3200x1800,400x300@2x,512x384@2x,640x360@2x,640x480@2x,640x480,672x378@2x,672x504@2x,800x450@2x,800x450@2x,1600x900]
[09:24:43]    PASS  tras relanzar: 3 filas encendidas
[09:24:43]    PASS  Retina sigue 1600x900 HiDPI tras relanzar (serial persistente: no hereda el slot de Twin#2)
PROBE online=3 active=3 main=1
PROBE id=1 active=1 isActive=1 main=1 builtin=0 mirrorOf=0 uuid=9A0911C6-7B3D-4140-93FB-DE91CCE602DB 1720x768 px=1720x768 hidpi=0 modes=[800x600,1024x768,1280x572,1280x960,1344x600,1344x1008,1600x714,1600x1200,1720x768,640x480,860x384]
PROBE id=29 active=1 isActive=1 main=0 builtin=0 mirrorOf=0 uuid=2DC98E40-1180-4888-AA7B-FEE581F5A785 1280x720 px=1280x720 hidpi=0 modes=[800x600,1024x576,1024x768,1280x720,640x360,640x480]
PROBE id=30 active=1 isActive=1 main=0 builtin=0 mirrorOf=0 uuid=E3BD08CD-9ACF-4ABF-A67F-76EF61BBDD8D 1600x900 px=3200x1800 hidpi=1 modes=[800x600@2x,800x600,960x540@2x,1024x576,1024x768,1280x720,1280x960,1344x756,1344x1008,1600x900@2x,1600x900,1600x1200,1920x1080,3200x1800,400x300@2x,512x384@2x,640x360@2x,640x480@2x,640x480,672x378@2x,672x504@2x,800x450@2x,800x450@2x,1600x900]
[09:24:43]    PASS  Retina conserva su UUID (identidad) tras relanzar (E3BD08CD-9ACF-4ABF-A67F-76EF61BBDD8D)
   LOG 2026-09-07 13:23:54.082 I  SimpleDisplay[2133:4d3d] [app.simpledisplay:URLScheme] URL command: <private>
   LOG 2026-09-07 13:23:55.163 I  SimpleDisplay[2133:4d3d] [app.simpledisplay:URLScheme] URL command: <private>
   LOG 2026-09-07 13:24:05.485 I  SimpleDisplay[2133:4d3d] [app.simpledisplay:URLScheme] URL command: <private>
   LOG 2026-09-07 13:24:07.583 I  SimpleDisplay[2133:4d3d] [app.simpledisplay:URLScheme] URL command: <private>
   LOG 2026-09-07 13:24:14.945 I  SimpleDisplay[2133:4d3d] [app.simpledisplay:URLScheme] URL command: <private>
   LOG 2026-09-07 13:24:15.622 I  SimpleDisplay[2133:4d3d] [app.simpledisplay:URLScheme] URL command: <private>
   LOG 2026-09-07 13:24:16.266 I  SimpleDisplay[2133:4d3d] [app.simpledisplay:VirtualDisplayService] Removed virtual display<private> (ID 27)
   LOG 2026-09-07 13:24:24.982 I  SimpleDisplay[2133:4d3d] [app.simpledisplay:URLScheme] URL command: <private>
   LOG 2026-09-07 13:24:28.467 I  SimpleDisplay[2241:514b] [app.simpledisplay:VirtualDisplayService] Created virtual display '<private>' (1280x720) → ID 29
   LOG 2026-09-07 13:24:28.594 I  SimpleDisplay[2241:514b] [app.simpledisplay:VirtualDisplayService] Created virtual display '<private>' (1600x900) → ID 30
   LOG 2026-09-07 13:24:42.450 I  SimpleDisplay[2241:514b] [app.simpledisplay:URLScheme] URL command: <private>
[09:24:44] -> simpledisplay://create?width=1600&height=900&name=Retina2&hidpi=true
[09:24:53] -- status (D4):
   id   name       virt on  main hidpi mirror mode
   1    Apple Virtual 0    1   1    0     0      1720x768
   29   Twin       1    1   0    0     0      1280x720
   30   Retina     1    1   0    1     0      1600x900
   31   Retina2    1    1   0    1     0      1600x900
PROBE online=4 active=4 main=1
PROBE id=1 active=1 isActive=1 main=1 builtin=0 mirrorOf=0 uuid=9A0911C6-7B3D-4140-93FB-DE91CCE602DB 1720x768 px=1720x768 hidpi=0 modes=[800x600,1024x768,1280x572,1280x960,1344x600,1344x1008,1600x714,1600x1200,1720x768,640x480,860x384]
PROBE id=29 active=1 isActive=1 main=0 builtin=0 mirrorOf=0 uuid=2DC98E40-1180-4888-AA7B-FEE581F5A785 1280x720 px=1280x720 hidpi=0 modes=[800x600,1024x576,1024x768,1280x720,640x360,640x480]
PROBE id=30 active=1 isActive=1 main=0 builtin=0 mirrorOf=0 uuid=E3BD08CD-9ACF-4ABF-A67F-76EF61BBDD8D 1600x900 px=3200x1800 hidpi=1 modes=[800x600@2x,800x600,960x540@2x,1024x576,1024x768,1280x720,1280x960,1344x756,1344x1008,1600x900@2x,1600x900,1600x1200,1920x1080,3200x1800,400x300@2x,512x384@2x,640x360@2x,640x480@2x,640x480,672x378@2x,672x504@2x,800x450@2x,800x450@2x,1600x900]
PROBE id=31 active=1 isActive=1 main=0 builtin=0 mirrorOf=0 uuid=B5DF2BF2-76B2-4159-B011-5E1EC8C6A772 1600x900 px=3200x1800 hidpi=1 modes=[800x600@2x,800x600,960x540@2x,1024x576,1024x768,1280x720,1280x960,1344x756,1344x1008,1600x900@2x,1600x900,1600x1200,1920x1080,3200x1800,400x300@2x,512x384@2x,640x360@2x,640x480@2x,640x480,672x378@2x,672x504@2x,800x450@2x,800x450@2x,1600x900]
[09:24:53]    PASS  Retina2 (hereda el slot de Twin#2) arranca en 1600x900 HiDPI, no en el 1280x720 recordado
PROBE online=4 active=4 main=1
PROBE id=1 active=1 isActive=1 main=1 builtin=0 mirrorOf=0 uuid=9A0911C6-7B3D-4140-93FB-DE91CCE602DB 1720x768 px=1720x768 hidpi=0 modes=[800x600,1024x768,1280x572,1280x960,1344x600,1344x1008,1600x714,1600x1200,1720x768,640x480,860x384]
PROBE id=29 active=1 isActive=1 main=0 builtin=0 mirrorOf=0 uuid=2DC98E40-1180-4888-AA7B-FEE581F5A785 1280x720 px=1280x720 hidpi=0 modes=[800x600,1024x576,1024x768,1280x720,640x360,640x480]
PROBE id=30 active=1 isActive=1 main=0 builtin=0 mirrorOf=0 uuid=E3BD08CD-9ACF-4ABF-A67F-76EF61BBDD8D 1600x900 px=3200x1800 hidpi=1 modes=[800x600@2x,800x600,960x540@2x,1024x576,1024x768,1280x720,1280x960,1344x756,1344x1008,1600x900@2x,1600x900,1600x1200,1920x1080,3200x1800,400x300@2x,512x384@2x,640x360@2x,640x480@2x,640x480,672x378@2x,672x504@2x,800x450@2x,800x450@2x,1600x900]
PROBE id=31 active=1 isActive=1 main=0 builtin=0 mirrorOf=0 uuid=B5DF2BF2-76B2-4159-B011-5E1EC8C6A772 1600x900 px=3200x1800 hidpi=1 modes=[800x600@2x,800x600,960x540@2x,1024x576,1024x768,1280x720,1280x960,1344x756,1344x1008,1600x900@2x,1600x900,1600x1200,1920x1080,3200x1800,400x300@2x,512x384@2x,640x360@2x,640x480@2x,640x480,672x378@2x,672x504@2x,800x450@2x,800x450@2x,1600x900]
[09:24:53]    PASS  CG: dos displays a 3200x1800 px (Retina y Retina2) (2)
[09:24:53] -> simpledisplay://remove?name=Retina2
[09:25:00] -- status (D5):
   id   name       virt on  main hidpi mirror mode
   1    Apple Virtual 0    1   1    0     0      1720x768
   29   Twin       1    1   0    0     0      1280x720
   30   Retina     1    1   0    1     0      1600x900
PROBE online=3 active=3 main=1
PROBE id=1 active=1 isActive=1 main=1 builtin=0 mirrorOf=0 uuid=9A0911C6-7B3D-4140-93FB-DE91CCE602DB 1720x768 px=1720x768 hidpi=0 modes=[800x600,1024x768,1280x572,1280x960,1344x600,1344x1008,1600x714,1600x1200,1720x768,640x480,860x384]
PROBE id=29 active=1 isActive=1 main=0 builtin=0 mirrorOf=0 uuid=2DC98E40-1180-4888-AA7B-FEE581F5A785 1280x720 px=1280x720 hidpi=0 modes=[800x600,1024x576,1024x768,1280x720,640x360,640x480]
PROBE id=30 active=1 isActive=1 main=0 builtin=0 mirrorOf=0 uuid=E3BD08CD-9ACF-4ABF-A67F-76EF61BBDD8D 1600x900 px=3200x1800 hidpi=1 modes=[800x600@2x,800x600,960x540@2x,1024x576,1024x768,1280x720,1280x960,1344x756,1344x1008,1600x900@2x,1600x900,1600x1200,1920x1080,3200x1800,400x300@2x,512x384@2x,640x360@2x,640x480@2x,640x480,672x378@2x,672x504@2x,800x450@2x,800x450@2x,1600x900]
[09:25:00]    PASS  Retina2 quitado: quedan 3 filas encendidas
   LOG 2026-09-07 13:24:28.467 I  SimpleDisplay[2241:514b] [app.simpledisplay:VirtualDisplayService] Created virtual display '<private>' (1280x720) → ID 29
   LOG 2026-09-07 13:24:28.594 I  SimpleDisplay[2241:514b] [app.simpledisplay:VirtualDisplayService] Created virtual display '<private>' (1600x900) → ID 30
   LOG 2026-09-07 13:24:42.450 I  SimpleDisplay[2241:514b] [app.simpledisplay:URLScheme] URL command: <private>
   LOG 2026-09-07 13:24:44.431 I  SimpleDisplay[2241:514b] [app.simpledisplay:URLScheme] URL command: <private>
   LOG 2026-09-07 13:24:44.713 I  SimpleDisplay[2241:514b] [app.simpledisplay:VirtualDisplayService] Created virtual display '<private>' (1600x900) → ID 31
   LOG 2026-09-07 13:24:45.668 I  SimpleDisplay[2241:514b] [app.simpledisplay:ViewModel] Re-applied configured mode 1600x900<private> on virtual display '<private>' (came up as 1280x720)
   LOG 2026-09-07 13:24:52.785 I  SimpleDisplay[2241:514b] [app.simpledisplay:URLScheme] URL command: <private>
   LOG 2026-09-07 13:24:53.807 I  SimpleDisplay[2241:514b] [app.simpledisplay:URLScheme] URL command: <private>
   LOG 2026-09-07 13:24:53.808 I  SimpleDisplay[2241:514b] [app.simpledisplay:VirtualDisplayService] Removed virtual display<private> (ID 31)
   LOG 2026-09-07 13:25:00.161 I  SimpleDisplay[2241:514b] [app.simpledisplay:URLScheme] URL command: <private>
[09:25:01] ids: TWIN1=29 RET=30 CONSOLE=1
[09:25:01] 
[09:25:01] ################ H fantasmas sembrados desde una sesion previa: colision de ID y display inexistente ################
[09:25:01] -> pkill; defaults write con 'Phantom' (lastKnownID=1, id vivo de otro display) y 'Orphan' (lastKnownID=9999)
[09:25:04]    persistido antes: [{"uuid": "2DC98E40-1180-4888-AA7B-FEE581F5A785", "isDisabled": false, "lastKnownID": 23, "isMain": false, "name": "Twin"}, {"uuid": "E3BD08CD-9ACF-4ABF-A67F-76EF61BBDD8D", "isDisabled": false, "lastKnownID": 28, "isMain": false, "name": "Retina"}]
[09:25:05]    sembrado: [{"uuid": "2DC98E40-1180-4888-AA7B-FEE581F5A785", "isDisabled": false, "lastKnownID": 23, "isMain": false, "name": "Twin"}, {"uuid": "E3BD08CD-9ACF-4ABF-A67F-76EF61BBDD8D", "isDisabled": false, "lastKnownID": 28, "isMain": false, "name": "Retina"}, {"uuid": "FAKE-PHANTOM", "isDisabled": true, "isMain": false, "lastKnownID": 1, "name": "Phantom"}, {"uuid": "FAKE-ORPHAN", "isDisabled": true, "isMain": false, "lastKnownID": 9999, "name": "Orphan"}]
[09:25:19] -- status (H1):
   id   name       virt on  main hidpi mirror mode
   1    Apple Virtual 0    1   1    0     0      1720x768
   32   Twin       1    1   0    0     0      1280x720
   33   Retina     1    1   0    1     0      1600x900
   9999 Orphan     0    0   0    0     0      0x0
PROBE online=3 active=3 main=1
PROBE id=1 active=1 isActive=1 main=1 builtin=0 mirrorOf=0 uuid=9A0911C6-7B3D-4140-93FB-DE91CCE602DB 1720x768 px=1720x768 hidpi=0 modes=[800x600,1024x768,1280x572,1280x960,1344x600,1344x1008,1600x714,1600x1200,1720x768,640x480,860x384]
PROBE id=32 active=1 isActive=1 main=0 builtin=0 mirrorOf=0 uuid=2DC98E40-1180-4888-AA7B-FEE581F5A785 1280x720 px=1280x720 hidpi=0 modes=[800x600,1024x576,1024x768,1280x720,640x360,640x480]
PROBE id=33 active=1 isActive=1 main=0 builtin=0 mirrorOf=0 uuid=E3BD08CD-9ACF-4ABF-A67F-76EF61BBDD8D 1600x900 px=3200x1800 hidpi=1 modes=[800x600@2x,800x600,960x540@2x,1024x576,1024x768,1280x720,1280x960,1344x756,1344x1008,1600x900@2x,1600x900,1600x1200,1920x1080,3200x1800,400x300@2x,512x384@2x,640x360@2x,640x480@2x,640x480,672x378@2x,672x504@2x,800x450@2x,800x450@2x,1600x900]
[09:25:20]    PASS  'Phantom' (ID en colision con la consola) NO se muestra
[09:25:20]    PASS  la consola sigue encendida (no se toco el display equivocado)
[09:25:20]    PASS  'Orphan' (ID libre) se muestra como fila apagada placeholder
[09:25:20] -> simpledisplay://enable?name=Orphan
[09:25:28] -- status (H2):
   id   name       virt on  main hidpi mirror mode
   1    Apple Virtual 0    1   1    0     0      1720x768
   32   Twin       1    1   0    0     0      1280x720
   33   Retina     1    1   0    1     0      1600x900
PROBE online=3 active=3 main=1
PROBE id=1 active=1 isActive=1 main=1 builtin=0 mirrorOf=0 uuid=9A0911C6-7B3D-4140-93FB-DE91CCE602DB 1720x768 px=1720x768 hidpi=0 modes=[800x600,1024x768,1280x572,1280x960,1344x600,1344x1008,1600x714,1600x1200,1720x768,640x480,860x384]
PROBE id=32 active=1 isActive=1 main=0 builtin=0 mirrorOf=0 uuid=2DC98E40-1180-4888-AA7B-FEE581F5A785 1280x720 px=1280x720 hidpi=0 modes=[800x600,1024x576,1024x768,1280x720,640x360,640x480]
PROBE id=33 active=1 isActive=1 main=0 builtin=0 mirrorOf=0 uuid=E3BD08CD-9ACF-4ABF-A67F-76EF61BBDD8D 1600x900 px=3200x1800 hidpi=1 modes=[800x600@2x,800x600,960x540@2x,1024x576,1024x768,1280x720,1280x960,1344x756,1344x1008,1600x900@2x,1600x900,1600x1200,1920x1080,3200x1800,400x300@2x,512x384@2x,640x360@2x,640x480@2x,640x480,672x378@2x,672x504@2x,800x450@2x,800x450@2x,1600x900]
[09:25:29]    PASS  al intentar encender 'Orphan' inexistente, se olvida la fila
   LOG 2026-09-07 13:24:05.485 I  SimpleDisplay[2133:4d3d] [app.simpledisplay:URLScheme] URL command: <private>
   LOG 2026-09-07 13:24:07.583 I  SimpleDisplay[2133:4d3d] [app.simpledisplay:URLScheme] URL command: <private>
   LOG 2026-09-07 13:24:14.945 I  SimpleDisplay[2133:4d3d] [app.simpledisplay:URLScheme] URL command: <private>
   LOG 2026-09-07 13:24:15.622 I  SimpleDisplay[2133:4d3d] [app.simpledisplay:URLScheme] URL command: <private>
   LOG 2026-09-07 13:24:16.266 I  SimpleDisplay[2133:4d3d] [app.simpledisplay:VirtualDisplayService] Removed virtual display<private> (ID 27)
   LOG 2026-09-07 13:24:24.982 I  SimpleDisplay[2133:4d3d] [app.simpledisplay:URLScheme] URL command: <private>
   LOG 2026-09-07 13:24:28.467 I  SimpleDisplay[2241:514b] [app.simpledisplay:VirtualDisplayService] Created virtual display '<private>' (1280x720) → ID 29
   LOG 2026-09-07 13:24:28.594 I  SimpleDisplay[2241:514b] [app.simpledisplay:VirtualDisplayService] Created virtual display '<private>' (1600x900) → ID 30
   LOG 2026-09-07 13:24:42.450 I  SimpleDisplay[2241:514b] [app.simpledisplay:URLScheme] URL command: <private>
   LOG 2026-09-07 13:24:44.431 I  SimpleDisplay[2241:514b] [app.simpledisplay:URLScheme] URL command: <private>
   LOG 2026-09-07 13:24:44.713 I  SimpleDisplay[2241:514b] [app.simpledisplay:VirtualDisplayService] Created virtual display '<private>' (1600x900) → ID 31
   LOG 2026-09-07 13:24:45.668 I  SimpleDisplay[2241:514b] [app.simpledisplay:ViewModel] Re-applied configured mode 1600x900<private> on virtual display '<private>' (came up as 1280x720)
   LOG 2026-09-07 13:24:52.785 I  SimpleDisplay[2241:514b] [app.simpledisplay:URLScheme] URL command: <private>
   LOG 2026-09-07 13:24:53.807 I  SimpleDisplay[2241:514b] [app.simpledisplay:URLScheme] URL command: <private>
   LOG 2026-09-07 13:24:53.808 I  SimpleDisplay[2241:514b] [app.simpledisplay:VirtualDisplayService] Removed virtual display<private> (ID 31)
   LOG 2026-09-07 13:25:00.161 I  SimpleDisplay[2241:514b] [app.simpledisplay:URLScheme] URL command: <private>
   LOG 2026-09-07 13:25:05.542 I  SimpleDisplay[2353:54b4] [app.simpledisplay:VirtualDisplayService] Created virtual display '<private>' (1280x720) → ID 32
   LOG 2026-09-07 13:25:05.656 I  SimpleDisplay[2353:54b4] [app.simpledisplay:VirtualDisplayService] Created virtual display '<private>' (1600x900) → ID 33
   LOG 2026-09-07 13:25:05.674 E  SimpleDisplay[2353:54b4] [app.simpledisplay:ViewModel] Dropping ghost row '<private>' (<private>): its retained ID 1 now belongs to <private>
   LOG 2026-09-07 13:25:19.515 I  SimpleDisplay[2353:54b4] [app.simpledisplay:URLScheme] URL command: <private>
   LOG 2026-09-07 13:25:20.280 I  SimpleDisplay[2353:54b4] [app.simpledisplay:URLScheme] URL command: <private>
   LOG 2026-09-07 13:25:28.641 I  SimpleDisplay[2353:54b4] [app.simpledisplay:URLScheme] URL command: <private>
[09:25:30]    persistido ahora: [{"isDisabled": false, "uuid": "2DC98E40-1180-4888-AA7B-FEE581F5A785", "isMain": false, "lastKnownID": 23, "name": "Twin"}, {"isDisabled": false, "uuid": "E3BD08CD-9ACF-4ABF-A67F-76EF61BBDD8D", "isMain": false, "lastKnownID": 28, "name": "Retina"}, {"isDisabled": true, "uuid": "FAKE-PHANTOM", "isMain": false, "lastKnownID": 1, "name": "Phantom"}, {"isDisabled": false, "uuid": "FAKE-ORPHAN", "isMain": false, "lastKnownID": 9999, "name": "Orphan"}]
[09:25:30]    PASS  Orphan quedo con isDisabled=false en persistencia (False)
[09:25:30]    PASS  Phantom conserva isDisabled=true en persistencia (True)
[09:25:30] 
[09:25:30] ################ E apagar el display MAIN (la consola): main debe transferirse antes ################
[09:25:30] -- status (E0):
   id   name       virt on  main hidpi mirror mode
   1    Apple Virtual 0    1   1    0     0      1720x768
   32   Twin       1    1   0    0     0      1280x720
   33   Retina     1    1   0    1     0      1600x900
PROBE online=3 active=3 main=1
PROBE id=1 active=1 isActive=1 main=1 builtin=0 mirrorOf=0 uuid=9A0911C6-7B3D-4140-93FB-DE91CCE602DB 1720x768 px=1720x768 hidpi=0 modes=[800x600,1024x768,1280x572,1280x960,1344x600,1344x1008,1600x714,1600x1200,1720x768,640x480,860x384]
PROBE id=32 active=1 isActive=1 main=0 builtin=0 mirrorOf=0 uuid=2DC98E40-1180-4888-AA7B-FEE581F5A785 1280x720 px=1280x720 hidpi=0 modes=[800x600,1024x576,1024x768,1280x720,640x360,640x480]
PROBE id=33 active=1 isActive=1 main=0 builtin=0 mirrorOf=0 uuid=E3BD08CD-9ACF-4ABF-A67F-76EF61BBDD8D 1600x900 px=3200x1800 hidpi=1 modes=[800x600@2x,800x600,960x540@2x,1024x576,1024x768,1280x720,1280x960,1344x756,1344x1008,1600x900@2x,1600x900,1600x1200,1920x1080,3200x1800,400x300@2x,512x384@2x,640x360@2x,640x480@2x,640x480,672x378@2x,672x504@2x,800x450@2x,800x450@2x,1600x900]
[09:25:31] consola id=1
[09:25:31] -> simpledisplay://disable?id=1
[09:25:40] -- status (E1):
   id   name       virt on  main hidpi mirror mode
   32   Twin       1    1   1    0     0      1280x720
   33   Retina     1    1   0    1     0      1600x900
   1    Apple Virtual 0    0   0    0     0      1720x768
PROBE online=2 active=2 main=32
PROBE id=32 active=1 isActive=1 main=1 builtin=0 mirrorOf=0 uuid=2DC98E40-1180-4888-AA7B-FEE581F5A785 1280x720 px=1280x720 hidpi=0 modes=[800x600,1024x576,1024x768,1280x720,640x360,640x480]
PROBE id=33 active=1 isActive=1 main=0 builtin=0 mirrorOf=0 uuid=E3BD08CD-9ACF-4ABF-A67F-76EF61BBDD8D 1600x900 px=3200x1800 hidpi=1 modes=[800x600@2x,800x600,960x540@2x,1024x576,1024x768,1280x720,1280x960,1344x756,1344x1008,1600x900@2x,1600x900,1600x1200,1920x1080,3200x1800,400x300@2x,512x384@2x,640x360@2x,640x480@2x,640x480,672x378@2x,672x504@2x,800x450@2x,800x450@2x,1600x900]
[09:25:41]    PASS  consola apagada (fantasma)
[09:25:41]    PASS  otro display es main ahora
PROBE online=2 active=2 main=32
PROBE id=32 active=1 isActive=1 main=1 builtin=0 mirrorOf=0 uuid=2DC98E40-1180-4888-AA7B-FEE581F5A785 1280x720 px=1280x720 hidpi=0 modes=[800x600,1024x576,1024x768,1280x720,640x360,640x480]
PROBE id=33 active=1 isActive=1 main=0 builtin=0 mirrorOf=0 uuid=E3BD08CD-9ACF-4ABF-A67F-76EF61BBDD8D 1600x900 px=3200x1800 hidpi=1 modes=[800x600@2x,800x600,960x540@2x,1024x576,1024x768,1280x720,1280x960,1344x756,1344x1008,1600x900@2x,1600x900,1600x1200,1920x1080,3200x1800,400x300@2x,512x384@2x,640x360@2x,640x480@2x,640x480,672x378@2x,672x504@2x,800x450@2x,800x450@2x,1600x900]
[09:25:41]    PASS  CG: consola fuera de la lista online (0=si) (0)
[09:25:41] -> simpledisplay://enable?id=1
[09:25:51] -- status (E2):
   id   name       virt on  main hidpi mirror mode
   32   Twin       1    1   1    0     0      1280x720
   1    Apple Virtual 0    1   0    0     0      1720x768
   33   Retina     1    1   0    1     0      1600x900
PROBE online=3 active=3 main=32
PROBE id=32 active=1 isActive=1 main=1 builtin=0 mirrorOf=0 uuid=2DC98E40-1180-4888-AA7B-FEE581F5A785 1280x720 px=1280x720 hidpi=0 modes=[800x600,1024x576,1024x768,1280x720,640x360,640x480]
PROBE id=1 active=1 isActive=1 main=0 builtin=0 mirrorOf=0 uuid=9A0911C6-7B3D-4140-93FB-DE91CCE602DB 1720x768 px=1720x768 hidpi=0 modes=[800x600,1024x768,1280x572,1280x960,1344x600,1344x1008,1600x714,1600x1200,1720x768,640x480,860x384]
PROBE id=33 active=1 isActive=1 main=0 builtin=0 mirrorOf=0 uuid=E3BD08CD-9ACF-4ABF-A67F-76EF61BBDD8D 1600x900 px=3200x1800 hidpi=1 modes=[800x600@2x,800x600,960x540@2x,1024x576,1024x768,1280x720,1280x960,1344x756,1344x1008,1600x900@2x,1600x900,1600x1200,1920x1080,3200x1800,400x300@2x,512x384@2x,640x360@2x,640x480@2x,640x480,672x378@2x,672x504@2x,800x450@2x,800x450@2x,1600x900]
[09:25:51]    PASS  consola encendida de nuevo
[09:25:51]    PASS  todos encendidos
   LOG 2026-09-07 13:24:52.785 I  SimpleDisplay[2241:514b] [app.simpledisplay:URLScheme] URL command: <private>
   LOG 2026-09-07 13:24:53.807 I  SimpleDisplay[2241:514b] [app.simpledisplay:URLScheme] URL command: <private>
   LOG 2026-09-07 13:24:53.808 I  SimpleDisplay[2241:514b] [app.simpledisplay:VirtualDisplayService] Removed virtual display<private> (ID 31)
   LOG 2026-09-07 13:25:00.161 I  SimpleDisplay[2241:514b] [app.simpledisplay:URLScheme] URL command: <private>
   LOG 2026-09-07 13:25:05.542 I  SimpleDisplay[2353:54b4] [app.simpledisplay:VirtualDisplayService] Created virtual display '<private>' (1280x720) → ID 32
   LOG 2026-09-07 13:25:05.656 I  SimpleDisplay[2353:54b4] [app.simpledisplay:VirtualDisplayService] Created virtual display '<private>' (1600x900) → ID 33
   LOG 2026-09-07 13:25:05.674 E  SimpleDisplay[2353:54b4] [app.simpledisplay:ViewModel] Dropping ghost row '<private>' (<private>): its retained ID 1 now belongs to <private>
   LOG 2026-09-07 13:25:19.515 I  SimpleDisplay[2353:54b4] [app.simpledisplay:URLScheme] URL command: <private>
   LOG 2026-09-07 13:25:20.280 I  SimpleDisplay[2353:54b4] [app.simpledisplay:URLScheme] URL command: <private>
   LOG 2026-09-07 13:25:28.641 I  SimpleDisplay[2353:54b4] [app.simpledisplay:URLScheme] URL command: <private>
   LOG 2026-09-07 13:25:30.674 I  SimpleDisplay[2353:54b4] [app.simpledisplay:URLScheme] URL command: <private>
   LOG 2026-09-07 13:25:31.379 I  SimpleDisplay[2353:54b4] [app.simpledisplay:URLScheme] URL command: <private>
   LOG 2026-09-07 13:25:40.727 I  SimpleDisplay[2353:54b4] [app.simpledisplay:URLScheme] URL command: <private>
   LOG 2026-09-07 13:25:41.782 I  SimpleDisplay[2353:54b4] [app.simpledisplay:URLScheme] URL command: <private>
   LOG 2026-09-07 13:25:51.152 I  SimpleDisplay[2353:54b4] [app.simpledisplay:URLScheme] URL command: <private>
[09:25:52] 
[09:25:52] ################ G ultimo display visible: cuenta atras, confirmacion headless y recuperacion al arrancar ################
[09:25:53] -- status (G0):
   id   name       virt on  main hidpi mirror mode
   32   Twin       1    1   1    0     0      1280x720
   1    Apple Virtual 0    1   0    0     0      1720x768
   33   Retina     1    1   0    1     0      1600x900
PROBE online=3 active=3 main=32
PROBE id=32 active=1 isActive=1 main=1 builtin=0 mirrorOf=0 uuid=2DC98E40-1180-4888-AA7B-FEE581F5A785 1280x720 px=1280x720 hidpi=0 modes=[800x600,1024x576,1024x768,1280x720,640x360,640x480]
PROBE id=1 active=1 isActive=1 main=0 builtin=0 mirrorOf=0 uuid=9A0911C6-7B3D-4140-93FB-DE91CCE602DB 1720x768 px=1720x768 hidpi=0 modes=[800x600,1024x768,1280x572,1280x960,1344x600,1344x1008,1600x714,1600x1200,1720x768,640x480,860x384]
PROBE id=33 active=1 isActive=1 main=0 builtin=0 mirrorOf=0 uuid=E3BD08CD-9ACF-4ABF-A67F-76EF61BBDD8D 1600x900 px=3200x1800 hidpi=1 modes=[800x600@2x,800x600,960x540@2x,1024x576,1024x768,1280x720,1280x960,1344x756,1344x1008,1600x900@2x,1600x900,1600x1200,1920x1080,3200x1800,400x300@2x,512x384@2x,640x360@2x,640x480@2x,640x480,672x378@2x,672x504@2x,800x450@2x,800x450@2x,1600x900]
PROBE online=3 active=3 main=32
PROBE id=32 active=1 isActive=1 main=1 builtin=0 mirrorOf=0 uuid=2DC98E40-1180-4888-AA7B-FEE581F5A785 1280x720 px=1280x720 hidpi=0 modes=[800x600,1024x576,1024x768,1280x720,640x360,640x480]
PROBE id=1 active=1 isActive=1 main=0 builtin=0 mirrorOf=0 uuid=9A0911C6-7B3D-4140-93FB-DE91CCE602DB 1720x768 px=1720x768 hidpi=0 modes=[800x600,1024x768,1280x572,1280x960,1344x600,1344x1008,1600x714,1600x1200,1720x768,640x480,860x384]
PROBE id=33 active=1 isActive=1 main=0 builtin=0 mirrorOf=0 uuid=E3BD08CD-9ACF-4ABF-A67F-76EF61BBDD8D 1600x900 px=3200x1800 hidpi=1 modes=[800x600@2x,800x600,960x540@2x,1024x576,1024x768,1280x720,1280x960,1344x756,1344x1008,1600x900@2x,1600x900,1600x1200,1920x1080,3200x1800,400x300@2x,512x384@2x,640x360@2x,640x480@2x,640x480,672x378@2x,672x504@2x,800x450@2x,800x450@2x,1600x900]
[09:25:53] consola id=1 uuid=9A0911C6-7B3D-4140-93FB-DE91CCE602DB
[09:25:53] -> simpledisplay://disable?id=1
[09:26:00] -- status (G1):
   id   name       virt on  main hidpi mirror mode
   32   Twin       1    1   1    0     0      1280x720
   33   Retina     1    1   0    1     0      1600x900
   1    Apple Virtual 0    0   0    0     0      1720x768
PROBE online=2 active=2 main=32
PROBE id=32 active=1 isActive=1 main=1 builtin=0 mirrorOf=0 uuid=2DC98E40-1180-4888-AA7B-FEE581F5A785 1280x720 px=1280x720 hidpi=0 modes=[800x600,1024x576,1024x768,1280x720,640x360,640x480]
PROBE id=33 active=1 isActive=1 main=0 builtin=0 mirrorOf=0 uuid=E3BD08CD-9ACF-4ABF-A67F-76EF61BBDD8D 1600x900 px=3200x1800 hidpi=1 modes=[800x600@2x,800x600,960x540@2x,1024x576,1024x768,1280x720,1280x960,1344x756,1344x1008,1600x900@2x,1600x900,1600x1200,1920x1080,3200x1800,400x300@2x,512x384@2x,640x360@2x,640x480@2x,640x480,672x378@2x,672x504@2x,800x450@2x,800x450@2x,1600x900]
[09:26:00]    PASS  consola apagada (cuenta atras corriendo)
[09:26:01]    PASS  persistido como apagado NO confirmado (headless ausente) (None)
[09:26:01]    esperando 14 s a que venza la cuenta atras
[09:26:15] -- status (G2):
   id   name       virt on  main hidpi mirror mode
   32   Twin       1    1   1    0     0      1280x720
   1    Apple Virtual 0    1   0    0     0      1720x768
   33   Retina     1    1   0    1     0      1600x900
PROBE online=3 active=3 main=32
PROBE id=32 active=1 isActive=1 main=1 builtin=0 mirrorOf=0 uuid=2DC98E40-1180-4888-AA7B-FEE581F5A785 1280x720 px=1280x720 hidpi=0 modes=[800x600,1024x576,1024x768,1280x720,640x360,640x480]
PROBE id=1 active=1 isActive=1 main=0 builtin=0 mirrorOf=0 uuid=9A0911C6-7B3D-4140-93FB-DE91CCE602DB 1720x768 px=1720x768 hidpi=0 modes=[800x600,1024x768,1280x572,1280x960,1344x600,1344x1008,1600x714,1600x1200,1720x768,640x480,860x384]
PROBE id=33 active=1 isActive=1 main=0 builtin=0 mirrorOf=0 uuid=E3BD08CD-9ACF-4ABF-A67F-76EF61BBDD8D 1600x900 px=3200x1800 hidpi=1 modes=[800x600@2x,800x600,960x540@2x,1024x576,1024x768,1280x720,1280x960,1344x756,1344x1008,1600x900@2x,1600x900,1600x1200,1920x1080,3200x1800,400x300@2x,512x384@2x,640x360@2x,640x480@2x,640x480,672x378@2x,672x504@2x,800x450@2x,800x450@2x,1600x900]
[09:26:15]    PASS  la consola volvio sola al vencer la cuenta atras
[09:26:16]    PASS  persistencia: consola isDisabled=false tras revertir (False)
[09:26:16] -> simpledisplayctl disable --id 1 --headless
[09:26:22] -- status (G3):
   id   name       virt on  main hidpi mirror mode
   32   Twin       1    1   1    0     0      1280x720
   33   Retina     1    1   0    1     0      1600x900
   1    Apple Virtual 0    0   0    0     0      1720x768
PROBE online=2 active=2 main=32
PROBE id=32 active=1 isActive=1 main=1 builtin=0 mirrorOf=0 uuid=2DC98E40-1180-4888-AA7B-FEE581F5A785 1280x720 px=1280x720 hidpi=0 modes=[800x600,1024x576,1024x768,1280x720,640x360,640x480]
PROBE id=33 active=1 isActive=1 main=0 builtin=0 mirrorOf=0 uuid=E3BD08CD-9ACF-4ABF-A67F-76EF61BBDD8D 1600x900 px=3200x1800 hidpi=1 modes=[800x600@2x,800x600,960x540@2x,1024x576,1024x768,1280x720,1280x960,1344x756,1344x1008,1600x900@2x,1600x900,1600x1200,1920x1080,3200x1800,400x300@2x,512x384@2x,640x360@2x,640x480@2x,640x480,672x378@2x,672x504@2x,800x450@2x,800x450@2x,1600x900]
[09:26:23]    PASS  con headless=true la consola queda apagada
[09:26:23]    PASS  persistido headless=true (True)
[09:26:23]    esperando 17 s: con headless confirmado no debe revertirse
[09:26:40] -- status (G4):
   id   name       virt on  main hidpi mirror mode
   32   Twin       1    1   1    0     0      1280x720
   33   Retina     1    1   0    1     0      1600x900
   1    Apple Virtual 0    0   0    0     0      1720x768
PROBE online=2 active=2 main=32
PROBE id=32 active=1 isActive=1 main=1 builtin=0 mirrorOf=0 uuid=2DC98E40-1180-4888-AA7B-FEE581F5A785 1280x720 px=1280x720 hidpi=0 modes=[800x600,1024x576,1024x768,1280x720,640x360,640x480]
PROBE id=33 active=1 isActive=1 main=0 builtin=0 mirrorOf=0 uuid=E3BD08CD-9ACF-4ABF-A67F-76EF61BBDD8D 1600x900 px=3200x1800 hidpi=1 modes=[800x600@2x,800x600,960x540@2x,1024x576,1024x768,1280x720,1280x960,1344x756,1344x1008,1600x900@2x,1600x900,1600x1200,1920x1080,3200x1800,400x300@2x,512x384@2x,640x360@2x,640x480@2x,640x480,672x378@2x,672x504@2x,800x450@2x,800x450@2x,1600x900]
[09:26:45]    PASS  sigue apagada tras 17 s (sin cuenta atras)
[09:26:45] -> relanzar la app: un headless confirmado se reaplica
[09:27:02] -- status (G5):
   id   name       virt on  main hidpi mirror mode
   35   Twin       1    1   1    0     0      1280x720
   36   Retina     1    1   0    1     0      1600x900
   1    Apple Virtual 0    0   0    0     0      0x0
PROBE online=2 active=2 main=35
PROBE id=35 active=1 isActive=1 main=1 builtin=0 mirrorOf=0 uuid=2DC98E40-1180-4888-AA7B-FEE581F5A785 1280x720 px=1280x720 hidpi=0 modes=[800x600,1024x576,1024x768,1280x720,640x360,640x480]
PROBE id=36 active=1 isActive=1 main=0 builtin=0 mirrorOf=0 uuid=E3BD08CD-9ACF-4ABF-A67F-76EF61BBDD8D 1600x900 px=3200x1800 hidpi=1 modes=[800x600@2x,800x600,960x540@2x,1024x576,1024x768,1280x720,1280x960,1344x756,1344x1008,1600x900@2x,1600x900,1600x1200,1920x1080,3200x1800,400x300@2x,512x384@2x,640x360@2x,640x480@2x,640x480,672x378@2x,672x504@2x,800x450@2x,800x450@2x,1600x900]
[09:27:03]    PASS  tras relanzar la consola sigue apagada (headless confirmado)
[09:27:03] -> simpledisplay://enable?id=1
[09:27:11] -- status (G6):
   id   name       virt on  main hidpi mirror mode
   35   Twin       1    1   1    0     0      1280x720
   1    Apple Virtual 0    1   0    0     0      1720x768
   36   Retina     1    1   0    1     0      1600x900
PROBE online=3 active=3 main=35
PROBE id=35 active=1 isActive=1 main=1 builtin=0 mirrorOf=0 uuid=2DC98E40-1180-4888-AA7B-FEE581F5A785 1280x720 px=1280x720 hidpi=0 modes=[800x600,1024x576,1024x768,1280x720,640x360,640x480]
PROBE id=1 active=1 isActive=1 main=0 builtin=0 mirrorOf=0 uuid=9A0911C6-7B3D-4140-93FB-DE91CCE602DB 1720x768 px=1720x768 hidpi=0 modes=[800x600,1024x768,1280x572,1280x960,1344x600,1344x1008,1600x714,1600x1200,1720x768,640x480,860x384]
PROBE id=36 active=1 isActive=1 main=0 builtin=0 mirrorOf=0 uuid=E3BD08CD-9ACF-4ABF-A67F-76EF61BBDD8D 1600x900 px=3200x1800 hidpi=1 modes=[800x600@2x,800x600,960x540@2x,1024x576,1024x768,1280x720,1280x960,1344x756,1344x1008,1600x900@2x,1600x900,1600x1200,1920x1080,3200x1800,400x300@2x,512x384@2x,640x360@2x,640x480@2x,640x480,672x378@2x,672x504@2x,800x450@2x,800x450@2x,1600x900]
[09:27:12]    PASS  consola encendida de nuevo
[09:27:12] -> simpledisplay://disable?id=1
[09:27:16] -> pkill DURANTE la cuenta atras (simula crash); relanzar
[09:27:35] -- status (G7):
   id   name       virt on  main hidpi mirror mode
   38   Twin       1    1   1    0     0      1280x720
   1    Apple Virtual 0    1   0    0     0      1720x768
   39   Retina     1    1   0    1     0      1600x900
PROBE online=3 active=3 main=38
PROBE id=38 active=1 isActive=1 main=1 builtin=0 mirrorOf=0 uuid=2DC98E40-1180-4888-AA7B-FEE581F5A785 1280x720 px=1280x720 hidpi=0 modes=[800x600,1024x576,1024x768,1280x720,640x360,640x480]
PROBE id=1 active=1 isActive=1 main=0 builtin=0 mirrorOf=0 uuid=9A0911C6-7B3D-4140-93FB-DE91CCE602DB 1720x768 px=1720x768 hidpi=0 modes=[800x600,1024x768,1280x572,1280x960,1344x600,1344x1008,1600x714,1600x1200,1720x768,640x480,860x384]
PROBE id=39 active=1 isActive=1 main=0 builtin=0 mirrorOf=0 uuid=E3BD08CD-9ACF-4ABF-A67F-76EF61BBDD8D 1600x900 px=3200x1800 hidpi=1 modes=[800x600@2x,800x600,960x540@2x,1024x576,1024x768,1280x720,1280x960,1344x756,1344x1008,1600x900@2x,1600x900,1600x1200,1920x1080,3200x1800,400x300@2x,512x384@2x,640x360@2x,640x480@2x,640x480,672x378@2x,672x504@2x,800x450@2x,800x450@2x,1600x900]
[09:27:35]    PASS  al arrancar sin pantalla visible y sin headless confirmado, la consola se recupera sola
[09:27:35]    PASS  persistencia limpia tras la recuperacion (isDisabled=false) (False)
   LOG 2026-09-07 13:25:53.830 I  SimpleDisplay[2353:54b4] [app.simpledisplay:URLScheme] URL command: <private>
   LOG 2026-09-07 13:26:00.179 I  SimpleDisplay[2353:54b4] [app.simpledisplay:URLScheme] URL command: <private>
   LOG 2026-09-07 13:26:09.369 I  SimpleDisplay[2353:54b4] [app.simpledisplay:ViewModel] Headless countdown reverted: '<private>' is back on
   LOG 2026-09-07 13:26:15.232 I  SimpleDisplay[2353:54b4] [app.simpledisplay:URLScheme] URL command: <private>
   LOG 2026-09-07 13:26:16.261 I  SimpleDisplay[2353:54b4] [app.simpledisplay:URLScheme] URL command: <private>
   LOG 2026-09-07 13:26:22.677 I  SimpleDisplay[2353:54b4] [app.simpledisplay:URLScheme] URL command: <private>
   LOG 2026-09-07 13:26:40.760 I  SimpleDisplay[2353:54b4] [app.simpledisplay:URLScheme] URL command: <private>
   LOG 2026-09-07 13:26:48.015 I  SimpleDisplay[2594:5c15] [app.simpledisplay:VirtualDisplayService] Created virtual display '<private>' (1280x720) → ID 35
   LOG 2026-09-07 13:26:48.359 I  SimpleDisplay[2594:5c15] [app.simpledisplay:VirtualDisplayService] Created virtual display '<private>' (1600x900) → ID 36
   LOG 2026-09-07 13:26:48.375 E  SimpleDisplay[2594:5c15] [app.simpledisplay:ViewModel] Dropping ghost row '<private>' (<private>): its retained ID 1 now belongs to <private>
   LOG 2026-09-07 13:27:01.995 I  SimpleDisplay[2594:5c15] [app.simpledisplay:URLScheme] URL command: <private>
   LOG 2026-09-07 13:27:03.223 I  SimpleDisplay[2594:5c15] [app.simpledisplay:URLScheme] URL command: <private>
   LOG 2026-09-07 13:27:11.556 I  SimpleDisplay[2594:5c15] [app.simpledisplay:URLScheme] URL command: <private>
   LOG 2026-09-07 13:27:12.261 I  SimpleDisplay[2594:5c15] [app.simpledisplay:URLScheme] URL command: <private>
   LOG 2026-09-07 13:27:19.041 I  SimpleDisplay[2649:5ebf] [app.simpledisplay:VirtualDisplayService] Created virtual display '<private>' (1280x720) → ID 38
   LOG 2026-09-07 13:27:19.138 I  SimpleDisplay[2649:5ebf] [app.simpledisplay:VirtualDisplayService] Created virtual display '<private>' (1600x900) → ID 39
   LOG 2026-09-07 13:27:19.141 E  SimpleDisplay[2649:5ebf] [app.simpledisplay:ViewModel] Dropping ghost row '<private>' (<private>): its retained ID 1 now belongs to <private>
   LOG 2026-09-07 13:27:20.529 E  SimpleDisplay[2649:5ebf] [app.simpledisplay:ViewModel] Recovered '<private>': it was off with no visible display left and headless was never confirmed
   LOG 2026-09-07 13:27:21.165 I  SimpleDisplay[2649:5ebf] [app.simpledisplay:ViewModel] Dropping persisted disable of '<private>' — would leave no visible display and headless was not confirmed
   LOG 2026-09-07 13:27:35.036 I  SimpleDisplay[2649:5ebf] [app.simpledisplay:URLScheme] URL command: <private>
[09:27:37] 
[09:27:37] ################ M espejo: solo un display FISICO puede espejar; un virtual como esclavo crashea el WindowServer ################
[09:27:37] WindowServer pid=173
[09:27:37] -- status (M0):
   id   name       virt on  main hidpi mirror mode
   38   Twin       1    1   1    0     0      1280x720
   1    Apple Virtual 0    1   0    0     0      1720x768
   39   Retina     1    1   0    1     0      1600x900
PROBE online=3 active=3 main=38
PROBE id=38 active=1 isActive=1 main=1 builtin=0 mirrorOf=0 uuid=2DC98E40-1180-4888-AA7B-FEE581F5A785 1280x720 px=1280x720 hidpi=0 modes=[800x600,1024x576,1024x768,1280x720,640x360,640x480]
PROBE id=1 active=1 isActive=1 main=0 builtin=0 mirrorOf=0 uuid=9A0911C6-7B3D-4140-93FB-DE91CCE602DB 1720x768 px=1720x768 hidpi=0 modes=[800x600,1024x768,1280x572,1280x960,1344x600,1344x1008,1600x714,1600x1200,1720x768,640x480,860x384]
PROBE id=39 active=1 isActive=1 main=0 builtin=0 mirrorOf=0 uuid=E3BD08CD-9ACF-4ABF-A67F-76EF61BBDD8D 1600x900 px=3200x1800 hidpi=1 modes=[800x600@2x,800x600,960x540@2x,1024x576,1024x768,1280x720,1280x960,1344x756,1344x1008,1600x900@2x,1600x900,1600x1200,1920x1080,3200x1800,400x300@2x,512x384@2x,640x360@2x,640x480@2x,640x480,672x378@2x,672x504@2x,800x450@2x,800x450@2x,1600x900]
[09:27:38] consola=1 (1720px de ancho) twin=38 main=38
[09:27:38] -> simpledisplay://mirror?id=38
[09:27:45] -- status (M1):
   id   name       virt on  main hidpi mirror mode
   38   Twin       1    1   1    0     0      1280x720
   1    Apple Virtual 0    1   0    0     0      1720x768
   39   Retina     1    1   0    1     0      1600x900
PROBE online=3 active=3 main=38
PROBE id=38 active=1 isActive=1 main=1 builtin=0 mirrorOf=0 uuid=2DC98E40-1180-4888-AA7B-FEE581F5A785 1280x720 px=1280x720 hidpi=0 modes=[800x600,1024x576,1024x768,1280x720,640x360,640x480]
PROBE id=1 active=1 isActive=1 main=0 builtin=0 mirrorOf=0 uuid=9A0911C6-7B3D-4140-93FB-DE91CCE602DB 1720x768 px=1720x768 hidpi=0 modes=[800x600,1024x768,1280x572,1280x960,1344x600,1344x1008,1600x714,1600x1200,1720x768,640x480,860x384]
PROBE id=39 active=1 isActive=1 main=0 builtin=0 mirrorOf=0 uuid=E3BD08CD-9ACF-4ABF-A67F-76EF61BBDD8D 1600x900 px=3200x1800 hidpi=1 modes=[800x600@2x,800x600,960x540@2x,1024x576,1024x768,1280x720,1280x960,1344x756,1344x1008,1600x900@2x,1600x900,1600x1200,1920x1080,3200x1800,400x300@2x,512x384@2x,640x360@2x,640x480@2x,640x480,672x378@2x,672x504@2x,800x450@2x,800x450@2x,1600x900]
[09:27:45]    PASS  espejar un VIRTUAL se rechaza: Twin sigue sin espejo
[09:27:45]    PASS  tras rechazar el espejo del virtual: el WindowServer sigue siendo el mismo proceso (173)
[09:27:45] -> simpledisplayctl mirror --id 1
[09:27:56] -- status (M2):
   id   name       virt on  main hidpi mirror mode
   38   Twin       1    1   1    0     0      1280x720
   1    Apple Virtual 0    1   0    0     38     1280x720
   39   Retina     1    1   0    1     0      1600x900
PROBE online=3 active=2 main=38
PROBE id=38 active=1 isActive=1 main=1 builtin=0 mirrorOf=0 uuid=2DC98E40-1180-4888-AA7B-FEE581F5A785 1280x720 px=1280x720 hidpi=0 modes=[800x600,1024x576,1024x768,1280x720,640x360,640x480]
PROBE id=1 active=0 isActive=0 main=0 builtin=0 mirrorOf=38 uuid=9A0911C6-7B3D-4140-93FB-DE91CCE602DB 1280x720 px=1280x720 hidpi=0 modes=[800x600,1024x768,1280x572,1280x960,1344x600,1344x1008,1600x714,1600x1200,1720x768,640x480,860x384,1280x720]
PROBE id=39 active=1 isActive=1 main=0 builtin=0 mirrorOf=0 uuid=E3BD08CD-9ACF-4ABF-A67F-76EF61BBDD8D 1600x900 px=3200x1800 hidpi=1 modes=[800x600@2x,800x600,960x540@2x,1024x576,1024x768,1280x720,1280x960,1344x756,1344x1008,1600x900@2x,1600x900,1600x1200,1920x1080,3200x1800,400x300@2x,512x384@2x,640x360@2x,640x480@2x,640x480,672x378@2x,672x504@2x,800x450@2x,800x450@2x,1600x900]
[09:27:57]    PASS  tras espejar la consola: el WindowServer sigue siendo el mismo proceso (173)
[09:27:57]    PASS  la consola espeja al display main (un virtual)
[09:27:57]    PASS  la consola sigue encendida (espejar no es apagar)
PROBE online=3 active=2 main=38
PROBE id=38 active=1 isActive=1 main=1 builtin=0 mirrorOf=0 uuid=2DC98E40-1180-4888-AA7B-FEE581F5A785 1280x720 px=1280x720 hidpi=0 modes=[800x600,1024x576,1024x768,1280x720,640x360,640x480]
PROBE id=1 active=0 isActive=0 main=0 builtin=0 mirrorOf=38 uuid=9A0911C6-7B3D-4140-93FB-DE91CCE602DB 1280x720 px=1280x720 hidpi=0 modes=[800x600,1024x768,1280x572,1280x960,1344x600,1344x1008,1600x714,1600x1200,1720x768,640x480,860x384,1280x720]
PROBE id=39 active=1 isActive=1 main=0 builtin=0 mirrorOf=0 uuid=E3BD08CD-9ACF-4ABF-A67F-76EF61BBDD8D 1600x900 px=3200x1800 hidpi=1 modes=[800x600@2x,800x600,960x540@2x,1024x576,1024x768,1280x720,1280x960,1344x756,1344x1008,1600x900@2x,1600x900,1600x1200,1920x1080,3200x1800,400x300@2x,512x384@2x,640x360@2x,640x480@2x,640x480,672x378@2x,672x504@2x,800x450@2x,800x450@2x,1600x900]
[09:27:57]    PASS  CG: CGDisplayMirrorsDisplay(consola) == 38 (1)
[09:27:57]    PASS  persistido mirrorOf de la consola apunta a un UUID (True)
[09:27:57] -> relanzar: el espejo persistido se reaplica
[09:28:16] -- status (M3):
   id   name       virt on  main hidpi mirror mode
   40   Twin       1    1   1    0     0      1280x720
   1    Apple Virtual 0    1   0    0     40     1280x720
   41   Retina     1    1   0    1     0      1600x900
PROBE online=3 active=2 main=40
PROBE id=40 active=1 isActive=1 main=1 builtin=0 mirrorOf=0 uuid=2DC98E40-1180-4888-AA7B-FEE581F5A785 1280x720 px=1280x720 hidpi=0 modes=[800x600,1024x576,1024x768,1280x720,640x360,640x480]
PROBE id=1 active=0 isActive=0 main=0 builtin=0 mirrorOf=40 uuid=9A0911C6-7B3D-4140-93FB-DE91CCE602DB 1280x720 px=1280x720 hidpi=0 modes=[800x600,1024x768,1280x572,1280x960,1344x600,1344x1008,1600x714,1600x1200,1720x768,640x480,860x384,1280x720]
PROBE id=41 active=1 isActive=1 main=0 builtin=0 mirrorOf=0 uuid=E3BD08CD-9ACF-4ABF-A67F-76EF61BBDD8D 1600x900 px=3200x1800 hidpi=1 modes=[800x600@2x,800x600,960x540@2x,1024x576,1024x768,1280x720,1280x960,1344x756,1344x1008,1600x900@2x,1600x900,1600x1200,1920x1080,3200x1800,400x300@2x,512x384@2x,640x360@2x,640x480@2x,640x480,672x378@2x,672x504@2x,800x450@2x,800x450@2x,1600x900]
[09:28:17]    PASS  tras relanzar con espejo persistido: el WindowServer sigue siendo el mismo proceso (173)
[09:28:17]    PASS  tras relanzar, la consola vuelve espejada a un display encendido
[09:28:17] -> simpledisplayctl unmirror --id 1
[09:28:26] -- status (M4):
   id   name       virt on  main hidpi mirror mode
   40   Twin       1    1   1    0     0      1280x720
   1    Apple Virtual 0    1   0    0     0      1720x768
   41   Retina     1    1   0    1     0      1600x900
PROBE online=3 active=3 main=40
PROBE id=40 active=1 isActive=1 main=1 builtin=0 mirrorOf=0 uuid=2DC98E40-1180-4888-AA7B-FEE581F5A785 1280x720 px=1280x720 hidpi=0 modes=[800x600,1024x576,1024x768,1280x720,640x360,640x480]
PROBE id=1 active=1 isActive=1 main=0 builtin=0 mirrorOf=0 uuid=9A0911C6-7B3D-4140-93FB-DE91CCE602DB 1720x768 px=1720x768 hidpi=0 modes=[800x600,1024x768,1280x572,1280x960,1344x600,1344x1008,1600x714,1600x1200,1720x768,640x480,860x384]
PROBE id=41 active=1 isActive=1 main=0 builtin=0 mirrorOf=0 uuid=E3BD08CD-9ACF-4ABF-A67F-76EF61BBDD8D 1600x900 px=3200x1800 hidpi=1 modes=[800x600@2x,800x600,960x540@2x,1024x576,1024x768,1280x720,1280x960,1344x756,1344x1008,1600x900@2x,1600x900,1600x1200,1920x1080,3200x1800,400x300@2x,512x384@2x,640x360@2x,640x480@2x,640x480,672x378@2x,672x504@2x,800x450@2x,800x450@2x,1600x900]
[09:28:26]    PASS  sin espejos
[09:28:26]    PASS  la consola volvio a su modo previo al espejo (1720px)
[09:28:26]    PASS  persistencia sin mirrorOf (0)
[09:28:26] -> simpledisplay://mirror?id=1
[09:28:37] -- status (M5):
   id   name       virt on  main hidpi mirror mode
   40   Twin       1    1   1    0     0      1280x720
   1    Apple Virtual 0    1   0    0     40     1280x720
   41   Retina     1    1   0    1     0      1600x900
PROBE online=3 active=2 main=40
PROBE id=40 active=1 isActive=1 main=1 builtin=0 mirrorOf=0 uuid=2DC98E40-1180-4888-AA7B-FEE581F5A785 1280x720 px=1280x720 hidpi=0 modes=[800x600,1024x576,1024x768,1280x720,640x360,640x480]
PROBE id=1 active=0 isActive=0 main=0 builtin=0 mirrorOf=40 uuid=9A0911C6-7B3D-4140-93FB-DE91CCE602DB 1280x720 px=1280x720 hidpi=0 modes=[800x600,1024x768,1280x572,1280x960,1344x600,1344x1008,1600x714,1600x1200,1720x768,640x480,860x384,1280x720]
PROBE id=41 active=1 isActive=1 main=0 builtin=0 mirrorOf=0 uuid=E3BD08CD-9ACF-4ABF-A67F-76EF61BBDD8D 1600x900 px=3200x1800 hidpi=1 modes=[800x600@2x,800x600,960x540@2x,1024x576,1024x768,1280x720,1280x960,1344x756,1344x1008,1600x900@2x,1600x900,1600x1200,1920x1080,3200x1800,400x300@2x,512x384@2x,640x360@2x,640x480@2x,640x480,672x378@2x,672x504@2x,800x450@2x,800x450@2x,1600x900]
[09:28:37] la consola espeja a 40; ahora apago ese destino
[09:28:37] -> simpledisplay://disable?id=40
[09:28:48] -- status (M6):
   id   name       virt on  main hidpi mirror mode
   1    Apple Virtual 0    1   1    0     0      1720x768
   41   Retina     1    1   0    1     0      1600x900
   40   Twin       1    0   0    0     0      1280x720
PROBE online=2 active=2 main=1
PROBE id=1 active=1 isActive=1 main=1 builtin=0 mirrorOf=0 uuid=9A0911C6-7B3D-4140-93FB-DE91CCE602DB 1720x768 px=1720x768 hidpi=0 modes=[800x600,1024x768,1280x572,1280x960,1344x600,1344x1008,1600x714,1600x1200,1720x768,640x480,860x384]
PROBE id=41 active=1 isActive=1 main=0 builtin=0 mirrorOf=0 uuid=E3BD08CD-9ACF-4ABF-A67F-76EF61BBDD8D 1600x900 px=3200x1800 hidpi=1 modes=[800x600@2x,800x600,960x540@2x,1024x576,1024x768,1280x720,1280x960,1344x756,1344x1008,1600x900@2x,1600x900,1600x1200,1920x1080,3200x1800,400x300@2x,512x384@2x,640x360@2x,640x480@2x,640x480,672x378@2x,672x504@2x,800x450@2x,800x450@2x,1600x900]
[09:28:49]    PASS  tras apagar el destino de un espejo: el WindowServer sigue siendo el mismo proceso (173)
[09:28:49]    PASS  apagar el destino disuelve el espejo primero: la consola queda sin espejo y encendida
[09:28:49]    PASS  el destino quedo apagado
[09:28:49] -> simpledisplay://enable?id=40
[09:28:58] -- status (M7):
   id   name       virt on  main hidpi mirror mode
   1    Apple Virtual 0    1   1    0     0      1720x768
   40   Twin       1    1   0    0     0      1280x720
   41   Retina     1    1   0    1     0      1600x900
PROBE online=3 active=3 main=1
PROBE id=1 active=1 isActive=1 main=1 builtin=0 mirrorOf=0 uuid=9A0911C6-7B3D-4140-93FB-DE91CCE602DB 1720x768 px=1720x768 hidpi=0 modes=[800x600,1024x768,1280x572,1280x960,1344x600,1344x1008,1600x714,1600x1200,1720x768,640x480,860x384]
PROBE id=40 active=1 isActive=1 main=0 builtin=0 mirrorOf=0 uuid=2DC98E40-1180-4888-AA7B-FEE581F5A785 1280x720 px=1280x720 hidpi=0 modes=[800x600,1024x576,1024x768,1280x720,640x360,640x480]
PROBE id=41 active=1 isActive=1 main=0 builtin=0 mirrorOf=0 uuid=E3BD08CD-9ACF-4ABF-A67F-76EF61BBDD8D 1600x900 px=3200x1800 hidpi=1 modes=[800x600@2x,800x600,960x540@2x,1024x576,1024x768,1280x720,1280x960,1344x756,1344x1008,1600x900@2x,1600x900,1600x1200,1920x1080,3200x1800,400x300@2x,512x384@2x,640x360@2x,640x480@2x,640x480,672x378@2x,672x504@2x,800x450@2x,800x450@2x,1600x900]
[09:28:59]    PASS  todos encendidos y sin espejos
   LOG 2026-09-07 13:27:20.529 E  SimpleDisplay[2649:5ebf] [app.simpledisplay:ViewModel] Recovered '<private>': it was off with no visible display left and headless was never confirmed
   LOG 2026-09-07 13:27:21.165 I  SimpleDisplay[2649:5ebf] [app.simpledisplay:ViewModel] Dropping persisted disable of '<private>' — would leave no visible display and headless was not confirmed
   LOG 2026-09-07 13:27:35.036 I  SimpleDisplay[2649:5ebf] [app.simpledisplay:URLScheme] URL command: <private>
   LOG 2026-09-07 13:27:37.632 I  SimpleDisplay[2649:5ebf] [app.simpledisplay:URLScheme] URL command: <private>
   LOG 2026-09-07 13:27:38.413 I  SimpleDisplay[2649:5ebf] [app.simpledisplay:URLScheme] URL command: <private>
   LOG 2026-09-07 13:27:44.775 I  SimpleDisplay[2649:5ebf] [app.simpledisplay:URLScheme] URL command: <private>
   LOG 2026-09-07 13:27:45.821 I  SimpleDisplay[2649:5ebf] [app.simpledisplay:URLScheme] URL command: <private>
   LOG 2026-09-07 13:27:56.221 I  SimpleDisplay[2649:5ebf] [app.simpledisplay:URLScheme] URL command: <private>
   LOG 2026-09-07 13:28:00.371 I  SimpleDisplay[2765:6247] [app.simpledisplay:VirtualDisplayService] Created virtual display '<private>' (1280x720) → ID 40
   LOG 2026-09-07 13:28:00.514 I  SimpleDisplay[2765:6247] [app.simpledisplay:VirtualDisplayService] Created virtual display '<private>' (1600x900) → ID 41
   LOG 2026-09-07 13:28:00.534 E  SimpleDisplay[2765:6247] [app.simpledisplay:ViewModel] Dropping ghost row '<private>' (<private>): its retained ID 1 now belongs to <private>
   LOG 2026-09-07 13:28:16.371 I  SimpleDisplay[2765:6247] [app.simpledisplay:URLScheme] URL command: <private>
   LOG 2026-09-07 13:28:17.404 I  SimpleDisplay[2765:6247] [app.simpledisplay:URLScheme] URL command: <private>
   LOG 2026-09-07 13:28:25.804 I  SimpleDisplay[2765:6247] [app.simpledisplay:URLScheme] URL command: <private>
   LOG 2026-09-07 13:28:27.205 I  SimpleDisplay[2765:6247] [app.simpledisplay:URLScheme] URL command: <private>
   LOG 2026-09-07 13:28:37.562 I  SimpleDisplay[2765:6247] [app.simpledisplay:URLScheme] URL command: <private>
   LOG 2026-09-07 13:28:38.274 I  SimpleDisplay[2765:6247] [app.simpledisplay:URLScheme] URL command: <private>
   LOG 2026-09-07 13:28:48.635 I  SimpleDisplay[2765:6247] [app.simpledisplay:URLScheme] URL command: <private>
   LOG 2026-09-07 13:28:49.687 I  SimpleDisplay[2765:6247] [app.simpledisplay:URLScheme] URL command: <private>
   LOG 2026-09-07 13:28:59.029 I  SimpleDisplay[2765:6247] [app.simpledisplay:URLScheme] URL command: <private>
[09:29:00] 
[09:29:00] ################ F sleep/wake (puede no estar soportado en VM) ################
[09:29:00] pmset:  sleep 0 (sleep prevented by powerd); Sleep On Power Button 1; standby 0;
[09:29:00] -> simpledisplay://disable?id=30
[09:29:08] -- status (F0):
   id   name       virt on  main hidpi mirror mode
   1    Apple Virtual 0    1   1    0     0      1720x768
   40   Twin       1    1   0    0     0      1280x720
   41   Retina     1    1   0    1     0      1600x900
PROBE online=3 active=3 main=1
PROBE id=1 active=1 isActive=1 main=1 builtin=0 mirrorOf=0 uuid=9A0911C6-7B3D-4140-93FB-DE91CCE602DB 1720x768 px=1720x768 hidpi=0 modes=[800x600,1024x768,1280x572,1280x960,1344x600,1344x1008,1600x714,1600x1200,1720x768,640x480,860x384]
PROBE id=40 active=1 isActive=1 main=0 builtin=0 mirrorOf=0 uuid=2DC98E40-1180-4888-AA7B-FEE581F5A785 1280x720 px=1280x720 hidpi=0 modes=[800x600,1024x576,1024x768,1280x720,640x360,640x480]
PROBE id=41 active=1 isActive=1 main=0 builtin=0 mirrorOf=0 uuid=E3BD08CD-9ACF-4ABF-A67F-76EF61BBDD8D 1600x900 px=3200x1800 hidpi=1 modes=[800x600@2x,800x600,960x540@2x,1024x576,1024x768,1280x720,1280x960,1344x756,1344x1008,1600x900@2x,1600x900,1600x1200,1920x1080,3200x1800,400x300@2x,512x384@2x,640x360@2x,640x480@2x,640x480,672x378@2x,672x504@2x,800x450@2x,800x450@2x,1600x900]
Unable to sleep system: error 0xe00002e2
[09:29:08]    INFO  sleepnow no aceptado en la VM
[09:29:08] -> simpledisplay://enable?id=30
[09:29:17] -- status (F2):
   id   name       virt on  main hidpi mirror mode
   1    Apple Virtual 0    1   1    0     0      1720x768
   40   Twin       1    1   0    0     0      1280x720
   41   Retina     1    1   0    1     0      1600x900
PROBE online=3 active=3 main=1
PROBE id=1 active=1 isActive=1 main=1 builtin=0 mirrorOf=0 uuid=9A0911C6-7B3D-4140-93FB-DE91CCE602DB 1720x768 px=1720x768 hidpi=0 modes=[800x600,1024x768,1280x572,1280x960,1344x600,1344x1008,1600x714,1600x1200,1720x768,640x480,860x384]
PROBE id=40 active=1 isActive=1 main=0 builtin=0 mirrorOf=0 uuid=2DC98E40-1180-4888-AA7B-FEE581F5A785 1280x720 px=1280x720 hidpi=0 modes=[800x600,1024x576,1024x768,1280x720,640x360,640x480]
PROBE id=41 active=1 isActive=1 main=0 builtin=0 mirrorOf=0 uuid=E3BD08CD-9ACF-4ABF-A67F-76EF61BBDD8D 1600x900 px=3200x1800 hidpi=1 modes=[800x600@2x,800x600,960x540@2x,1024x576,1024x768,1280x720,1280x960,1344x756,1344x1008,1600x900@2x,1600x900,1600x1200,1920x1080,3200x1800,400x300@2x,512x384@2x,640x360@2x,640x480@2x,640x480,672x378@2x,672x504@2x,800x450@2x,800x450@2x,1600x900]
[09:29:17] 
[09:29:17] ################ RESUMEN ################
[09:29:17] PASS=70 FAIL=0
