[00:18:16] == real-disable VM test  ip=192.168.64.14  Mon Sep  7 00:18:16 -04 2026 ==
[00:18:17] guest: 26.6.2 arm64 
[00:18:17] 
[00:18:17] ################ S0 reset + baseline ################
[00:18:17] -> pkill; defaults delete app.simpledisplay; open -a SimpleDisplay
[00:18:25] -- status (S0):
   id   name       virt on  main hidpi mode
   1    Apple Virtual 0    1   1    0     1920x1080
PROBE online=1 active=1 main=1
PROBE id=1 active=1 isActive=1 main=1 builtin=0 uuid=9A0911C6-7B3D-4140-93FB-DE91CCE602DB 1920x1080 px=1920x1080 hidpi=0 modes=[800x600,960x540,1024x576,1024x768,1280x720,1280x960,1344x756,1344x1008,1600x900,1600x1200,1920x1080,640x480]
[00:18:26]    PASS  solo la consola de la VM, encendida y main
[00:18:26] consola id=1
[00:18:26] 
[00:18:26] ################ S1 crear 2 'Twin' identicos + 1 'Retina' HiDPI ################
[00:18:26] -> simpledisplay://create?width=1280&height=720&name=Twin
[00:18:30] -> simpledisplay://create?width=1280&height=720&name=Twin
[00:18:34] -> simpledisplay://create?width=1600&height=900&name=Retina&hidpi=true
[00:18:40] -- status (S1):
   id   name       virt on  main hidpi mode
   1    Apple Virtual 0    1   1    0     1920x1080
   24   Twin       1    1   0    0     1280x720
   25   Twin       1    1   0    0     1280x720
   26   Retina     1    1   0    1     1600x900
PROBE online=4 active=4 main=1
PROBE id=1 active=1 isActive=1 main=1 builtin=0 uuid=9A0911C6-7B3D-4140-93FB-DE91CCE602DB 1920x1080 px=1920x1080 hidpi=0 modes=[800x600,960x540,1024x576,1024x768,1280x720,1280x960,1344x756,1344x1008,1600x900,1600x1200,1920x1080,640x480]
PROBE id=24 active=1 isActive=1 main=0 builtin=0 uuid=2DC98E40-1180-4888-AA7B-FEE581F5A785 1280x720 px=1280x720 hidpi=0 modes=[800x600,1024x576,1024x768,1280x720,640x360,640x480]
PROBE id=25 active=1 isActive=1 main=0 builtin=0 uuid=B5DF2BF2-76B2-4159-B011-5E1EC8C6A772 1280x720 px=1280x720 hidpi=0 modes=[800x600,1024x576,1024x768,1280x720,640x360,640x480]
PROBE id=26 active=1 isActive=1 main=0 builtin=0 uuid=E3BD08CD-9ACF-4ABF-A67F-76EF61BBDD8D 1600x900 px=3200x1800 hidpi=1 modes=[800x600@2x,800x600,960x540@2x,1024x576,1024x768,1280x720,1280x960,1344x756,1344x1008,1600x900@2x,1600x900,1600x1200,1920x1080,3200x1800,400x300@2x,512x384@2x,640x360@2x,640x480@2x,640x480,672x378@2x,672x504@2x,800x450@2x,800x450@2x,1600x900]
[00:18:41]    PASS  4 displays, todos encendidos
[00:18:41]    PASS  dos filas 'Twin'
[00:18:41]    PASS  Retina es HiDPI 1600x900
[00:18:41] ids: TWIN1=24 TWIN2=25 RET=26
[00:18:41] 
[00:18:41] ################ A gemelos: apagar Twin#1, el otro Twin conserva nombre y fila ################
[00:18:41] -> simpledisplay://disable?id=24
[00:18:48] -- status (A1):
   id   name       virt on  main hidpi mode
   1    Apple Virtual 0    1   1    0     1920x1080
   25   Twin       1    1   0    0     1280x720
   26   Retina     1    1   0    1     1600x900
   24   Twin       1    0   0    0     1280x720
PROBE online=3 active=3 main=1
PROBE id=1 active=1 isActive=1 main=1 builtin=0 uuid=9A0911C6-7B3D-4140-93FB-DE91CCE602DB 1920x1080 px=1920x1080 hidpi=0 modes=[800x600,960x540,1024x576,1024x768,1280x720,1280x960,1344x756,1344x1008,1600x900,1600x1200,1920x1080,640x480]
PROBE id=25 active=1 isActive=1 main=0 builtin=0 uuid=B5DF2BF2-76B2-4159-B011-5E1EC8C6A772 1280x720 px=1280x720 hidpi=0 modes=[800x600,1024x576,1024x768,1280x720,640x360,640x480]
PROBE id=26 active=1 isActive=1 main=0 builtin=0 uuid=E3BD08CD-9ACF-4ABF-A67F-76EF61BBDD8D 1600x900 px=3200x1800 hidpi=1 modes=[800x600@2x,800x600,960x540@2x,1024x576,1024x768,1280x720,1280x960,1344x756,1344x1008,1600x900@2x,1600x900,1600x1200,1920x1080,3200x1800,400x300@2x,512x384@2x,640x360@2x,640x480@2x,640x480,672x378@2x,672x504@2x,800x450@2x,800x450@2x,1600x900]
[00:18:49]    PASS  Twin#1 sigue listado (fantasma) y apagado
[00:18:49]    PASS  Twin#1 conserva el nombre 'Twin'
[00:18:49]    PASS  Twin#2 sigue encendido y con nombre 'Twin'
[00:18:49]    PASS  siguen 4 filas (ninguna desaparecio)
PROBE online=3 active=3 main=1
PROBE id=1 active=1 isActive=1 main=1 builtin=0 uuid=9A0911C6-7B3D-4140-93FB-DE91CCE602DB 1920x1080 px=1920x1080 hidpi=0 modes=[800x600,960x540,1024x576,1024x768,1280x720,1280x960,1344x756,1344x1008,1600x900,1600x1200,1920x1080,640x480]
PROBE id=25 active=1 isActive=1 main=0 builtin=0 uuid=B5DF2BF2-76B2-4159-B011-5E1EC8C6A772 1280x720 px=1280x720 hidpi=0 modes=[800x600,1024x576,1024x768,1280x720,640x360,640x480]
PROBE id=26 active=1 isActive=1 main=0 builtin=0 uuid=E3BD08CD-9ACF-4ABF-A67F-76EF61BBDD8D 1600x900 px=3200x1800 hidpi=1 modes=[800x600@2x,800x600,960x540@2x,1024x576,1024x768,1280x720,1280x960,1344x756,1344x1008,1600x900@2x,1600x900,1600x1200,1920x1080,3200x1800,400x300@2x,512x384@2x,640x360@2x,640x480@2x,640x480,672x378@2x,672x504@2x,800x450@2x,800x450@2x,1600x900]
[00:18:49]    PASS  CG: Twin#1 fuera de la lista online (0=si) (0)
[00:18:49] -> simpledisplay://enable?id=24
[00:18:59] -- status (A2):
   id   name       virt on  main hidpi mode
   1    Apple Virtual 0    1   1    0     1920x1080
   24   Twin       1    1   0    0     1280x720
   25   Twin       1    1   0    0     1280x720
   26   Retina     1    1   0    1     1600x900
PROBE online=4 active=4 main=1
PROBE id=1 active=1 isActive=1 main=1 builtin=0 uuid=9A0911C6-7B3D-4140-93FB-DE91CCE602DB 1920x1080 px=1920x1080 hidpi=0 modes=[800x600,960x540,1024x576,1024x768,1280x720,1280x960,1344x756,1344x1008,1600x900,1600x1200,1920x1080,640x480]
PROBE id=24 active=1 isActive=1 main=0 builtin=0 uuid=2DC98E40-1180-4888-AA7B-FEE581F5A785 1280x720 px=1280x720 hidpi=0 modes=[800x600,1024x576,1024x768,1280x720,640x360,640x480]
PROBE id=25 active=1 isActive=1 main=0 builtin=0 uuid=B5DF2BF2-76B2-4159-B011-5E1EC8C6A772 1280x720 px=1280x720 hidpi=0 modes=[800x600,1024x576,1024x768,1280x720,640x360,640x480]
PROBE id=26 active=1 isActive=1 main=0 builtin=0 uuid=E3BD08CD-9ACF-4ABF-A67F-76EF61BBDD8D 1600x900 px=3200x1800 hidpi=1 modes=[800x600@2x,800x600,960x540@2x,1024x576,1024x768,1280x720,1280x960,1344x756,1344x1008,1600x900@2x,1600x900,1600x1200,1920x1080,3200x1800,400x300@2x,512x384@2x,640x360@2x,640x480@2x,640x480,672x378@2x,672x504@2x,800x450@2x,800x450@2x,1600x900]
[00:18:59]    PASS  Twin#1 encendido de nuevo
[00:18:59]    PASS  los 4 encendidos
PROBE online=4 active=4 main=1
PROBE id=1 active=1 isActive=1 main=1 builtin=0 uuid=9A0911C6-7B3D-4140-93FB-DE91CCE602DB 1920x1080 px=1920x1080 hidpi=0 modes=[800x600,960x540,1024x576,1024x768,1280x720,1280x960,1344x756,1344x1008,1600x900,1600x1200,1920x1080,640x480]
PROBE id=24 active=1 isActive=1 main=0 builtin=0 uuid=2DC98E40-1180-4888-AA7B-FEE581F5A785 1280x720 px=1280x720 hidpi=0 modes=[800x600,1024x576,1024x768,1280x720,640x360,640x480]
PROBE id=25 active=1 isActive=1 main=0 builtin=0 uuid=B5DF2BF2-76B2-4159-B011-5E1EC8C6A772 1280x720 px=1280x720 hidpi=0 modes=[800x600,1024x576,1024x768,1280x720,640x360,640x480]
PROBE id=26 active=1 isActive=1 main=0 builtin=0 uuid=E3BD08CD-9ACF-4ABF-A67F-76EF61BBDD8D 1600x900 px=3200x1800 hidpi=1 modes=[800x600@2x,800x600,960x540@2x,1024x576,1024x768,1280x720,1280x960,1344x756,1344x1008,1600x900@2x,1600x900,1600x1200,1920x1080,3200x1800,400x300@2x,512x384@2x,640x360@2x,640x480@2x,640x480,672x378@2x,672x504@2x,800x450@2x,800x450@2x,1600x900]
[00:18:59]    PASS  CG: Twin#1 online y activo (1)
   LOG 2026-09-07 04:18:25.909 I  SimpleDisplay[2124:4dfe] [app.simpledisplay:URLScheme] URL command: <private>
   LOG 2026-09-07 04:18:26.641 I  SimpleDisplay[2124:4dfe] [app.simpledisplay:URLScheme] URL command: <private>
   LOG 2026-09-07 04:18:26.918 I  SimpleDisplay[2124:4dfe] [app.simpledisplay:VirtualDisplayService] Created virtual display '<private>' (1280x720) → ID 24
   LOG 2026-09-07 04:18:30.989 I  SimpleDisplay[2124:4dfe] [app.simpledisplay:URLScheme] URL command: <private>
   LOG 2026-09-07 04:18:31.277 I  SimpleDisplay[2124:4dfe] [app.simpledisplay:VirtualDisplayService] Created virtual display '<private>' (1280x720) → ID 25
   LOG 2026-09-07 04:18:35.331 I  SimpleDisplay[2124:4dfe] [app.simpledisplay:URLScheme] URL command: <private>
   LOG 2026-09-07 04:18:35.617 I  SimpleDisplay[2124:4dfe] [app.simpledisplay:VirtualDisplayService] Created virtual display '<private>' (1600x900) → ID 26
   LOG 2026-09-07 04:18:40.674 I  SimpleDisplay[2124:4dfe] [app.simpledisplay:URLScheme] URL command: <private>
   LOG 2026-09-07 04:18:41.554 I  SimpleDisplay[2124:4dfe] [app.simpledisplay:URLScheme] URL command: <private>
   LOG 2026-09-07 04:18:48.875 I  SimpleDisplay[2124:4dfe] [app.simpledisplay:URLScheme] URL command: <private>
   LOG 2026-09-07 04:18:49.973 I  SimpleDisplay[2124:4dfe] [app.simpledisplay:URLScheme] URL command: <private>
   LOG 2026-09-07 04:18:59.302 I  SimpleDisplay[2124:4dfe] [app.simpledisplay:URLScheme] URL command: <private>
[00:19:00] 
[00:19:00] ################ B HiDPI: apagar y encender Retina, debe volver en HiDPI ################
[00:19:00] -> simpledisplay://disable?id=26
[00:19:08] -- status (B1):
   id   name       virt on  main hidpi mode
   24   Twin       1    1   1    0     1280x720
   1    Apple Virtual 0    1   0    0     1920x1080
   25   Twin       1    1   0    0     1280x720
   26   Retina     1    0   0    1     1600x900
PROBE online=3 active=3 main=24
PROBE id=24 active=1 isActive=1 main=1 builtin=0 uuid=2DC98E40-1180-4888-AA7B-FEE581F5A785 1280x720 px=1280x720 hidpi=0 modes=[800x600,1024x576,1024x768,1280x720,640x360,640x480]
PROBE id=1 active=1 isActive=1 main=0 builtin=0 uuid=9A0911C6-7B3D-4140-93FB-DE91CCE602DB 1920x1080 px=1920x1080 hidpi=0 modes=[800x600,960x540,1024x576,1024x768,1280x720,1280x960,1344x756,1344x1008,1600x900,1600x1200,1920x1080,640x480]
PROBE id=25 active=1 isActive=1 main=0 builtin=0 uuid=B5DF2BF2-76B2-4159-B011-5E1EC8C6A772 1280x720 px=1280x720 hidpi=0 modes=[800x600,1024x576,1024x768,1280x720,640x360,640x480]
[00:19:08]    PASS  Retina apagada
[00:19:08] -> simpledisplay://enable?id=26
[00:19:19] -- status (B2):
   id   name       virt on  main hidpi mode
   1    Apple Virtual 0    1   1    0     1920x1080
   24   Twin       1    1   0    0     1280x720
   25   Twin       1    1   0    0     1280x720
   26   Retina     1    1   0    1     1600x900
PROBE online=4 active=4 main=1
PROBE id=1 active=1 isActive=1 main=1 builtin=0 uuid=9A0911C6-7B3D-4140-93FB-DE91CCE602DB 1920x1080 px=1920x1080 hidpi=0 modes=[800x600,960x540,1024x576,1024x768,1280x720,1280x960,1344x756,1344x1008,1600x900,1600x1200,1920x1080,640x480]
PROBE id=24 active=1 isActive=1 main=0 builtin=0 uuid=2DC98E40-1180-4888-AA7B-FEE581F5A785 1280x720 px=1280x720 hidpi=0 modes=[800x600,1024x576,1024x768,1280x720,640x360,640x480]
PROBE id=25 active=1 isActive=1 main=0 builtin=0 uuid=B5DF2BF2-76B2-4159-B011-5E1EC8C6A772 1280x720 px=1280x720 hidpi=0 modes=[800x600,1024x576,1024x768,1280x720,640x360,640x480]
PROBE id=26 active=1 isActive=1 main=0 builtin=0 uuid=E3BD08CD-9ACF-4ABF-A67F-76EF61BBDD8D 1600x900 px=3200x1800 hidpi=1 modes=[800x600@2x,800x600,960x540@2x,1024x576,1024x768,1280x720,1280x960,1344x756,1344x1008,1600x900@2x,1600x900,1600x1200,1920x1080,3200x1800,400x300@2x,512x384@2x,640x360@2x,640x480@2x,640x480,672x378@2x,672x504@2x,800x450@2x,800x450@2x,1600x900]
[00:19:19]    PASS  Retina encendida
[00:19:19]    PASS  Retina sigue HiDPI 1600x900
   LOG 2026-09-07 04:18:41.554 I  SimpleDisplay[2124:4dfe] [app.simpledisplay:URLScheme] URL command: <private>
   LOG 2026-09-07 04:18:48.875 I  SimpleDisplay[2124:4dfe] [app.simpledisplay:URLScheme] URL command: <private>
   LOG 2026-09-07 04:18:49.973 I  SimpleDisplay[2124:4dfe] [app.simpledisplay:URLScheme] URL command: <private>
   LOG 2026-09-07 04:18:59.302 I  SimpleDisplay[2124:4dfe] [app.simpledisplay:URLScheme] URL command: <private>
   LOG 2026-09-07 04:19:01.242 I  SimpleDisplay[2124:4dfe] [app.simpledisplay:URLScheme] URL command: <private>
   LOG 2026-09-07 04:19:08.574 I  SimpleDisplay[2124:4dfe] [app.simpledisplay:URLScheme] URL command: <private>
   LOG 2026-09-07 04:19:09.267 I  SimpleDisplay[2124:4dfe] [app.simpledisplay:URLScheme] URL command: <private>
   LOG 2026-09-07 04:19:19.594 I  SimpleDisplay[2124:4dfe] [app.simpledisplay:URLScheme] URL command: <private>
[00:19:20] 
[00:19:20] ################ C reinicio de la app con Retina apagada; reactivar desde la fila fantasma ################
[00:19:20] -> simpledisplay://disable?id=26
[00:19:28] -- status (C1):
   id   name       virt on  main hidpi mode
   24   Twin       1    1   1    0     1280x720
   1    Apple Virtual 0    1   0    0     1920x1080
   25   Twin       1    1   0    0     1280x720
   26   Retina     1    0   0    1     1600x900
PROBE online=3 active=3 main=24
PROBE id=24 active=1 isActive=1 main=1 builtin=0 uuid=2DC98E40-1180-4888-AA7B-FEE581F5A785 1280x720 px=1280x720 hidpi=0 modes=[800x600,1024x576,1024x768,1280x720,640x360,640x480]
PROBE id=1 active=1 isActive=1 main=0 builtin=0 uuid=9A0911C6-7B3D-4140-93FB-DE91CCE602DB 1920x1080 px=1920x1080 hidpi=0 modes=[800x600,960x540,1024x576,1024x768,1280x720,1280x960,1344x756,1344x1008,1600x900,1600x1200,1920x1080,640x480]
PROBE id=25 active=1 isActive=1 main=0 builtin=0 uuid=B5DF2BF2-76B2-4159-B011-5E1EC8C6A772 1280x720 px=1280x720 hidpi=0 modes=[800x600,1024x576,1024x768,1280x720,640x360,640x480]
[00:19:28]    PASS  Retina apagada antes de reiniciar
[00:19:28] -> pkill SimpleDisplay; open -a SimpleDisplay
[00:19:45] -- status (C2):
   id   name       virt on  main hidpi mode
   27   Twin       1    1   1    0     1280x720
   1    Apple Virtual 0    1   0    0     1920x1080
   28   Twin       1    1   0    0     1280x720
   29   Retina     1    0   0    1     1600x900
PROBE online=3 active=3 main=27
PROBE id=27 active=1 isActive=1 main=1 builtin=0 uuid=2DC98E40-1180-4888-AA7B-FEE581F5A785 1280x720 px=1280x720 hidpi=0 modes=[800x600,1024x576,1024x768,1280x720,640x360,640x480]
PROBE id=1 active=1 isActive=1 main=0 builtin=0 uuid=9A0911C6-7B3D-4140-93FB-DE91CCE602DB 1920x1080 px=1920x1080 hidpi=0 modes=[800x600,960x540,1024x576,1024x768,1280x720,1280x960,1344x756,1344x1008,1600x900,1600x1200,1920x1080,640x480]
PROBE id=28 active=1 isActive=1 main=0 builtin=0 uuid=B5DF2BF2-76B2-4159-B011-5E1EC8C6A772 1280x720 px=1280x720 hidpi=0 modes=[800x600,1024x576,1024x768,1280x720,640x360,640x480]
[00:19:45]    PASS  app relanzada: 4 filas
[00:19:45]    PASS  Retina sigue apagada tras relanzar (estado persistido)
[00:19:45]    PASS  los dos Twin encendidos
PROBE online=3 active=3 main=27
PROBE id=27 active=1 isActive=1 main=1 builtin=0 uuid=2DC98E40-1180-4888-AA7B-FEE581F5A785 1280x720 px=1280x720 hidpi=0 modes=[800x600,1024x576,1024x768,1280x720,640x360,640x480]
PROBE id=1 active=1 isActive=1 main=0 builtin=0 uuid=9A0911C6-7B3D-4140-93FB-DE91CCE602DB 1920x1080 px=1920x1080 hidpi=0 modes=[800x600,960x540,1024x576,1024x768,1280x720,1280x960,1344x756,1344x1008,1600x900,1600x1200,1920x1080,640x480]
PROBE id=28 active=1 isActive=1 main=0 builtin=0 uuid=B5DF2BF2-76B2-4159-B011-5E1EC8C6A772 1280x720 px=1280x720 hidpi=0 modes=[800x600,1024x576,1024x768,1280x720,640x360,640x480]
[00:19:46]    PASS  CG: Retina (3200x1800 px) no esta online (0=si) (0)
[00:19:46] -> simpledisplay://enable?name=Retina
[00:19:56] -- status (C3):
   id   name       virt on  main hidpi mode
   1    Apple Virtual 0    1   1    0     1920x1080
   27   Twin       1    1   0    0     1280x720
   28   Twin       1    1   0    0     1280x720
   29   Retina     1    1   0    1     1600x900
PROBE online=4 active=4 main=1
PROBE id=1 active=1 isActive=1 main=1 builtin=0 uuid=9A0911C6-7B3D-4140-93FB-DE91CCE602DB 1920x1080 px=1920x1080 hidpi=0 modes=[800x600,960x540,1024x576,1024x768,1280x720,1280x960,1344x756,1344x1008,1600x900,1600x1200,1920x1080,640x480]
PROBE id=27 active=1 isActive=1 main=0 builtin=0 uuid=2DC98E40-1180-4888-AA7B-FEE581F5A785 1280x720 px=1280x720 hidpi=0 modes=[800x600,1024x576,1024x768,1280x720,640x360,640x480]
PROBE id=28 active=1 isActive=1 main=0 builtin=0 uuid=B5DF2BF2-76B2-4159-B011-5E1EC8C6A772 1280x720 px=1280x720 hidpi=0 modes=[800x600,1024x576,1024x768,1280x720,640x360,640x480]
PROBE id=29 active=1 isActive=1 main=0 builtin=0 uuid=E3BD08CD-9ACF-4ABF-A67F-76EF61BBDD8D 1600x900 px=3200x1800 hidpi=1 modes=[800x600@2x,800x600,960x540@2x,1024x576,1024x768,1280x720,1280x960,1344x756,1344x1008,1600x900@2x,1600x900,1600x1200,1920x1080,3200x1800,400x300@2x,512x384@2x,640x360@2x,640x480@2x,640x480,672x378@2x,672x504@2x,800x450@2x,800x450@2x,1600x900]
[00:19:57]    PASS  Retina reactivada desde el fantasma
[00:19:57]    PASS  Retina volvio en HiDPI
   LOG 2026-09-07 04:18:30.989 I  SimpleDisplay[2124:4dfe] [app.simpledisplay:URLScheme] URL command: <private>
   LOG 2026-09-07 04:18:31.277 I  SimpleDisplay[2124:4dfe] [app.simpledisplay:VirtualDisplayService] Created virtual display '<private>' (1280x720) → ID 25
   LOG 2026-09-07 04:18:35.331 I  SimpleDisplay[2124:4dfe] [app.simpledisplay:URLScheme] URL command: <private>
   LOG 2026-09-07 04:18:35.617 I  SimpleDisplay[2124:4dfe] [app.simpledisplay:VirtualDisplayService] Created virtual display '<private>' (1600x900) → ID 26
   LOG 2026-09-07 04:18:40.674 I  SimpleDisplay[2124:4dfe] [app.simpledisplay:URLScheme] URL command: <private>
   LOG 2026-09-07 04:18:41.554 I  SimpleDisplay[2124:4dfe] [app.simpledisplay:URLScheme] URL command: <private>
   LOG 2026-09-07 04:18:48.875 I  SimpleDisplay[2124:4dfe] [app.simpledisplay:URLScheme] URL command: <private>
   LOG 2026-09-07 04:18:49.973 I  SimpleDisplay[2124:4dfe] [app.simpledisplay:URLScheme] URL command: <private>
   LOG 2026-09-07 04:18:59.302 I  SimpleDisplay[2124:4dfe] [app.simpledisplay:URLScheme] URL command: <private>
   LOG 2026-09-07 04:19:01.242 I  SimpleDisplay[2124:4dfe] [app.simpledisplay:URLScheme] URL command: <private>
   LOG 2026-09-07 04:19:08.574 I  SimpleDisplay[2124:4dfe] [app.simpledisplay:URLScheme] URL command: <private>
   LOG 2026-09-07 04:19:09.267 I  SimpleDisplay[2124:4dfe] [app.simpledisplay:URLScheme] URL command: <private>
   LOG 2026-09-07 04:19:19.594 I  SimpleDisplay[2124:4dfe] [app.simpledisplay:URLScheme] URL command: <private>
   LOG 2026-09-07 04:19:21.212 I  SimpleDisplay[2124:4dfe] [app.simpledisplay:URLScheme] URL command: <private>
   LOG 2026-09-07 04:19:28.535 I  SimpleDisplay[2124:4dfe] [app.simpledisplay:URLScheme] URL command: <private>
   LOG 2026-09-07 04:19:31.598 I  SimpleDisplay[2303:5428] [app.simpledisplay:VirtualDisplayService] Created virtual display '<private>' (1280x720) → ID 27
   LOG 2026-09-07 04:19:31.728 I  SimpleDisplay[2303:5428] [app.simpledisplay:VirtualDisplayService] Created virtual display '<private>' (1280x720) → ID 28
   LOG 2026-09-07 04:19:32.066 I  SimpleDisplay[2303:5428] [app.simpledisplay:VirtualDisplayService] Created virtual display '<private>' (1600x900) → ID 29
   LOG 2026-09-07 04:19:32.812 I  SimpleDisplay[2303:5428] [app.simpledisplay:ViewModel] Restored disabled state on '<private>'
   LOG 2026-09-07 04:19:45.583 I  SimpleDisplay[2303:5428] [app.simpledisplay:URLScheme] URL command: <private>
   LOG 2026-09-07 04:19:46.640 I  SimpleDisplay[2303:5428] [app.simpledisplay:URLScheme] URL command: <private>
   LOG 2026-09-07 04:19:56.971 I  SimpleDisplay[2303:5428] [app.simpledisplay:URLScheme] URL command: <private>
[00:19:58] ids tras reinicio: TWIN1=27 TWIN2=28 RET=29 CONSOLE=1
[00:19:58] 
[00:19:58] ################ D quitar un display virtual apagado: no debe dejar fila muerta ni fantasma en el WindowServer ################
PROBE online=4 active=4 main=1
PROBE id=1 active=1 isActive=1 main=1 builtin=0 uuid=9A0911C6-7B3D-4140-93FB-DE91CCE602DB 1920x1080 px=1920x1080 hidpi=0 modes=[800x600,960x540,1024x576,1024x768,1280x720,1280x960,1344x756,1344x1008,1600x900,1600x1200,1920x1080,640x480]
PROBE id=27 active=1 isActive=1 main=0 builtin=0 uuid=2DC98E40-1180-4888-AA7B-FEE581F5A785 1280x720 px=1280x720 hidpi=0 modes=[800x600,1024x576,1024x768,1280x720,640x360,640x480]
PROBE id=28 active=1 isActive=1 main=0 builtin=0 uuid=B5DF2BF2-76B2-4159-B011-5E1EC8C6A772 1280x720 px=1280x720 hidpi=0 modes=[800x600,1024x576,1024x768,1280x720,640x360,640x480]
PROBE id=29 active=1 isActive=1 main=0 builtin=0 uuid=E3BD08CD-9ACF-4ABF-A67F-76EF61BBDD8D 1600x900 px=3200x1800 hidpi=1 modes=[800x600@2x,800x600,960x540@2x,1024x576,1024x768,1280x720,1280x960,1344x756,1344x1008,1600x900@2x,1600x900,1600x1200,1920x1080,3200x1800,400x300@2x,512x384@2x,640x360@2x,640x480@2x,640x480,672x378@2x,672x504@2x,800x450@2x,800x450@2x,1600x900]
[00:19:58] Twin#2 uuid=B5DF2BF2-76B2-4159-B011-5E1EC8C6A772
[00:19:58] -> simpledisplay://disable?id=28
[00:20:06] -- status (D1):
   id   name       virt on  main hidpi mode
   1    Apple Virtual 0    1   1    0     1920x1080
   27   Twin       1    1   0    0     1280x720
   29   Retina     1    1   0    1     1600x900
   28   Twin       1    0   0    0     1280x720
PROBE online=3 active=3 main=1
PROBE id=1 active=1 isActive=1 main=1 builtin=0 uuid=9A0911C6-7B3D-4140-93FB-DE91CCE602DB 1920x1080 px=1920x1080 hidpi=0 modes=[800x600,960x540,1024x576,1024x768,1280x720,1280x960,1344x756,1344x1008,1600x900,1600x1200,1920x1080,640x480]
PROBE id=27 active=1 isActive=1 main=0 builtin=0 uuid=2DC98E40-1180-4888-AA7B-FEE581F5A785 1280x720 px=1280x720 hidpi=0 modes=[800x600,1024x576,1024x768,1280x720,640x360,640x480]
PROBE id=29 active=1 isActive=1 main=0 builtin=0 uuid=E3BD08CD-9ACF-4ABF-A67F-76EF61BBDD8D 1600x900 px=3200x1800 hidpi=1 modes=[800x600@2x,800x600,960x540@2x,1024x576,1024x768,1280x720,1280x960,1344x756,1344x1008,1600x900@2x,1600x900,1600x1200,1920x1080,3200x1800,400x300@2x,512x384@2x,640x360@2x,640x480@2x,640x480,672x378@2x,672x504@2x,800x450@2x,800x450@2x,1600x900]
[00:20:06]    PASS  Twin#2 apagado
[00:20:06] -> simpledisplay://remove?id=28
[00:20:16] -- status (D2):
   id   name       virt on  main hidpi mode
   1    Apple Virtual 0    1   1    0     1920x1080
   27   Twin       1    1   0    0     1280x720
   29   Retina     1    1   0    1     1600x900
PROBE online=3 active=3 main=1
PROBE id=1 active=1 isActive=1 main=1 builtin=0 uuid=9A0911C6-7B3D-4140-93FB-DE91CCE602DB 1920x1080 px=1920x1080 hidpi=0 modes=[800x600,960x540,1024x576,1024x768,1280x720,1280x960,1344x756,1344x1008,1600x900,1600x1200,1920x1080,640x480]
PROBE id=27 active=1 isActive=1 main=0 builtin=0 uuid=2DC98E40-1180-4888-AA7B-FEE581F5A785 1280x720 px=1280x720 hidpi=0 modes=[800x600,1024x576,1024x768,1280x720,640x360,640x480]
PROBE id=29 active=1 isActive=1 main=0 builtin=0 uuid=E3BD08CD-9ACF-4ABF-A67F-76EF61BBDD8D 1600x900 px=3200x1800 hidpi=1 modes=[800x600@2x,800x600,960x540@2x,1024x576,1024x768,1280x720,1280x960,1344x756,1344x1008,1600x900@2x,1600x900,1600x1200,1920x1080,3200x1800,400x300@2x,512x384@2x,640x360@2x,640x480@2x,640x480,672x378@2x,672x504@2x,800x450@2x,800x450@2x,1600x900]
[00:20:16]    PASS  la fila de Twin#2 desaparecio al quitarlo (sin fantasma muerto)
[00:20:16]    PASS  quedan 3 filas, todas encendidas
[00:20:17]    persistido: [{"isMain": false, "name": "Twin", "lastKnownID": 24, "uuid": "2DC98E40-1180-4888-AA7B-FEE581F5A785", "isDisabled": false}, {"isMain": false, "name": "Retina", "lastKnownID": 29, "uuid": "E3BD08CD-9ACF-4ABF-A67F-76EF61BBDD8D", "isDisabled": false}]
[00:20:17]    PASS  persistencia olvido el uuid de Twin#2 (False)
[00:20:17] -> relanzar la app: quien herede el slot de serial de Twin#2 no debe heredar su modo
[00:20:37] -- status (D3):
   id   name       virt on  main hidpi mode
   30   Twin       1    1   1    0     1280x720
   1    Apple Virtual 0    1   0    0     1920x1080
   31   Retina     1    1   0    0     1280x720
PROBE online=3 active=3 main=30
PROBE id=30 active=1 isActive=1 main=1 builtin=0 uuid=2DC98E40-1180-4888-AA7B-FEE581F5A785 1280x720 px=1280x720 hidpi=0 modes=[800x600,1024x576,1024x768,1280x720,640x360,640x480]
PROBE id=1 active=1 isActive=1 main=0 builtin=0 uuid=9A0911C6-7B3D-4140-93FB-DE91CCE602DB 1920x1080 px=1920x1080 hidpi=0 modes=[800x600,960x540,1024x576,1024x768,1280x720,1280x960,1344x756,1344x1008,1600x900,1600x1200,1920x1080,640x480]
PROBE id=31 active=1 isActive=1 main=0 builtin=0 uuid=B5DF2BF2-76B2-4159-B011-5E1EC8C6A772 1280x720 px=1280x720 hidpi=0 modes=[800x600@2x,800x600,960x540@2x,1024x576,1024x768,1280x720,1280x960,1344x756,1344x1008,1600x900@2x,1600x900,1600x1200,1920x1080,3200x1800,400x300@2x,512x384@2x,640x360@2x,640x480@2x,640x480,672x378@2x,672x504@2x,800x450@2x,800x450@2x,1600x900]
[00:20:38]    PASS  tras relanzar: 3 filas encendidas
[00:20:38]    INFO  Retina tras relanzar: 1280x720 hidpi=False (issue preexistente de main: el slot de serial se reasigna y macOS recuerda el modo por identidad; ver informe)
   LOG 2026-09-07 04:19:45.583 I  SimpleDisplay[2303:5428] [app.simpledisplay:URLScheme] URL command: <private>
   LOG 2026-09-07 04:19:46.640 I  SimpleDisplay[2303:5428] [app.simpledisplay:URLScheme] URL command: <private>
   LOG 2026-09-07 04:19:56.971 I  SimpleDisplay[2303:5428] [app.simpledisplay:URLScheme] URL command: <private>
   LOG 2026-09-07 04:19:59.056 I  SimpleDisplay[2303:5428] [app.simpledisplay:URLScheme] URL command: <private>
   LOG 2026-09-07 04:20:06.386 I  SimpleDisplay[2303:5428] [app.simpledisplay:URLScheme] URL command: <private>
   LOG 2026-09-07 04:20:07.089 I  SimpleDisplay[2303:5428] [app.simpledisplay:URLScheme] URL command: <private>
   LOG 2026-09-07 04:20:07.733 I  SimpleDisplay[2303:5428] [app.simpledisplay:VirtualDisplayService] Removed virtual display<private> (ID 28)
   LOG 2026-09-07 04:20:16.425 I  SimpleDisplay[2303:5428] [app.simpledisplay:URLScheme] URL command: <private>
   LOG 2026-09-07 04:20:23.966 I  SimpleDisplay[2415:5848] [app.simpledisplay:VirtualDisplayService] Created virtual display '<private>' (1280x720) → ID 30
   LOG 2026-09-07 04:20:24.099 I  SimpleDisplay[2415:5848] [app.simpledisplay:VirtualDisplayService] Created virtual display '<private>' (1600x900) → ID 31
   LOG 2026-09-07 04:20:37.953 I  SimpleDisplay[2415:5848] [app.simpledisplay:URLScheme] URL command: <private>
[00:20:39] ids: TWIN1=30 RET=31 CONSOLE=1
[00:20:39] 
[00:20:39] ################ H fantasmas sembrados desde una sesion previa: colision de ID y display inexistente ################
[00:20:39] -> pkill; defaults write con 'Phantom' (lastKnownID=1, id vivo de otro display) y 'Orphan' (lastKnownID=9999)
[00:20:41]    persistido antes: [{"isMain": false, "name": "Twin", "lastKnownID": 24, "uuid": "2DC98E40-1180-4888-AA7B-FEE581F5A785", "isDisabled": false}, {"isMain": false, "name": "Retina", "lastKnownID": 29, "uuid": "E3BD08CD-9ACF-4ABF-A67F-76EF61BBDD8D", "isDisabled": false}]
[00:20:42]    sembrado: [{"isMain": false, "name": "Twin", "lastKnownID": 24, "uuid": "2DC98E40-1180-4888-AA7B-FEE581F5A785", "isDisabled": false}, {"isMain": false, "name": "Retina", "lastKnownID": 29, "uuid": "E3BD08CD-9ACF-4ABF-A67F-76EF61BBDD8D", "isDisabled": false}, {"uuid": "FAKE-PHANTOM", "isDisabled": true, "isMain": false, "lastKnownID": 1, "name": "Phantom"}, {"uuid": "FAKE-ORPHAN", "isDisabled": true, "isMain": false, "lastKnownID": 9999, "name": "Orphan"}]
[00:20:57] -- status (H1):
   id   name       virt on  main hidpi mode
   32   Twin       1    1   1    0     1280x720
   1    Apple Virtual 0    1   0    0     1920x1080
   33   Retina     1    1   0    0     1280x720
   9999 Orphan     0    0   0    0     0x0
PROBE online=3 active=3 main=32
PROBE id=32 active=1 isActive=1 main=1 builtin=0 uuid=2DC98E40-1180-4888-AA7B-FEE581F5A785 1280x720 px=1280x720 hidpi=0 modes=[800x600,1024x576,1024x768,1280x720,640x360,640x480]
PROBE id=1 active=1 isActive=1 main=0 builtin=0 uuid=9A0911C6-7B3D-4140-93FB-DE91CCE602DB 1920x1080 px=1920x1080 hidpi=0 modes=[800x600,960x540,1024x576,1024x768,1280x720,1280x960,1344x756,1344x1008,1600x900,1600x1200,1920x1080,640x480]
PROBE id=33 active=1 isActive=1 main=0 builtin=0 uuid=B5DF2BF2-76B2-4159-B011-5E1EC8C6A772 1280x720 px=1280x720 hidpi=0 modes=[800x600@2x,800x600,960x540@2x,1024x576,1024x768,1280x720,1280x960,1344x756,1344x1008,1600x900@2x,1600x900,1600x1200,1920x1080,3200x1800,400x300@2x,512x384@2x,640x360@2x,640x480@2x,640x480,672x378@2x,672x504@2x,800x450@2x,800x450@2x,1600x900]
[00:20:58]    PASS  'Phantom' (ID en colision con la consola) NO se muestra
[00:20:58]    PASS  la consola sigue encendida (no se toco el display equivocado)
[00:20:58]    PASS  'Orphan' (ID libre) se muestra como fila apagada placeholder
[00:20:58] -> simpledisplay://enable?name=Orphan
[00:21:06] -- status (H2):
   id   name       virt on  main hidpi mode
   32   Twin       1    1   1    0     1280x720
   1    Apple Virtual 0    1   0    0     1920x1080
   33   Retina     1    1   0    0     1280x720
PROBE online=3 active=3 main=32
PROBE id=32 active=1 isActive=1 main=1 builtin=0 uuid=2DC98E40-1180-4888-AA7B-FEE581F5A785 1280x720 px=1280x720 hidpi=0 modes=[800x600,1024x576,1024x768,1280x720,640x360,640x480]
PROBE id=1 active=1 isActive=1 main=0 builtin=0 uuid=9A0911C6-7B3D-4140-93FB-DE91CCE602DB 1920x1080 px=1920x1080 hidpi=0 modes=[800x600,960x540,1024x576,1024x768,1280x720,1280x960,1344x756,1344x1008,1600x900,1600x1200,1920x1080,640x480]
PROBE id=33 active=1 isActive=1 main=0 builtin=0 uuid=B5DF2BF2-76B2-4159-B011-5E1EC8C6A772 1280x720 px=1280x720 hidpi=0 modes=[800x600@2x,800x600,960x540@2x,1024x576,1024x768,1280x720,1280x960,1344x756,1344x1008,1600x900@2x,1600x900,1600x1200,1920x1080,3200x1800,400x300@2x,512x384@2x,640x360@2x,640x480@2x,640x480,672x378@2x,672x504@2x,800x450@2x,800x450@2x,1600x900]
[00:21:07]    PASS  al intentar encender 'Orphan' inexistente, se olvida la fila
   LOG 2026-09-07 04:19:45.583 I  SimpleDisplay[2303:5428] [app.simpledisplay:URLScheme] URL command: <private>
   LOG 2026-09-07 04:19:46.640 I  SimpleDisplay[2303:5428] [app.simpledisplay:URLScheme] URL command: <private>
   LOG 2026-09-07 04:19:56.971 I  SimpleDisplay[2303:5428] [app.simpledisplay:URLScheme] URL command: <private>
   LOG 2026-09-07 04:19:59.056 I  SimpleDisplay[2303:5428] [app.simpledisplay:URLScheme] URL command: <private>
   LOG 2026-09-07 04:20:06.386 I  SimpleDisplay[2303:5428] [app.simpledisplay:URLScheme] URL command: <private>
   LOG 2026-09-07 04:20:07.089 I  SimpleDisplay[2303:5428] [app.simpledisplay:URLScheme] URL command: <private>
   LOG 2026-09-07 04:20:07.733 I  SimpleDisplay[2303:5428] [app.simpledisplay:VirtualDisplayService] Removed virtual display<private> (ID 28)
   LOG 2026-09-07 04:20:16.425 I  SimpleDisplay[2303:5428] [app.simpledisplay:URLScheme] URL command: <private>
   LOG 2026-09-07 04:20:23.966 I  SimpleDisplay[2415:5848] [app.simpledisplay:VirtualDisplayService] Created virtual display '<private>' (1280x720) → ID 30
   LOG 2026-09-07 04:20:24.099 I  SimpleDisplay[2415:5848] [app.simpledisplay:VirtualDisplayService] Created virtual display '<private>' (1600x900) → ID 31
   LOG 2026-09-07 04:20:37.953 I  SimpleDisplay[2415:5848] [app.simpledisplay:URLScheme] URL command: <private>
   LOG 2026-09-07 04:20:43.280 I  SimpleDisplay[2470:5a0b] [app.simpledisplay:VirtualDisplayService] Created virtual display '<private>' (1280x720) → ID 32
   LOG 2026-09-07 04:20:43.418 I  SimpleDisplay[2470:5a0b] [app.simpledisplay:VirtualDisplayService] Created virtual display '<private>' (1600x900) → ID 33
   LOG 2026-09-07 04:20:43.436 E  SimpleDisplay[2470:5a0b] [app.simpledisplay:ViewModel] Dropping ghost row '<private>' (<private>): its retained ID 1 now belongs to <private>
   LOG 2026-09-07 04:20:57.282 I  SimpleDisplay[2470:5a0b] [app.simpledisplay:URLScheme] URL command: <private>
   LOG 2026-09-07 04:20:58.565 I  SimpleDisplay[2470:5a0b] [app.simpledisplay:URLScheme] URL command: <private>
   LOG 2026-09-07 04:21:06.904 I  SimpleDisplay[2470:5a0b] [app.simpledisplay:URLScheme] URL command: <private>
[00:21:08]    persistido ahora: [{"lastKnownID": 24, "uuid": "2DC98E40-1180-4888-AA7B-FEE581F5A785", "isMain": false, "name": "Twin", "isDisabled": false}, {"lastKnownID": 29, "uuid": "E3BD08CD-9ACF-4ABF-A67F-76EF61BBDD8D", "isMain": false, "name": "Retina", "isDisabled": false}, {"lastKnownID": 1, "uuid": "FAKE-PHANTOM", "isMain": false, "name": "Phantom", "isDisabled": true}, {"lastKnownID": 9999, "uuid": "FAKE-ORPHAN", "isMain": false, "name": "Orphan", "isDisabled": false}]
[00:21:08]    PASS  Orphan quedo con isDisabled=false en persistencia (False)
[00:21:08]    PASS  Phantom conserva isDisabled=true en persistencia (True)
[00:21:08] 
[00:21:08] ################ E apagar el display MAIN (la consola): main debe transferirse antes ################
[00:21:08] -- status (E0):
   id   name       virt on  main hidpi mode
   32   Twin       1    1   1    0     1280x720
   1    Apple Virtual 0    1   0    0     1920x1080
   33   Retina     1    1   0    0     1280x720
PROBE online=3 active=3 main=32
PROBE id=32 active=1 isActive=1 main=1 builtin=0 uuid=2DC98E40-1180-4888-AA7B-FEE581F5A785 1280x720 px=1280x720 hidpi=0 modes=[800x600,1024x576,1024x768,1280x720,640x360,640x480]
PROBE id=1 active=1 isActive=1 main=0 builtin=0 uuid=9A0911C6-7B3D-4140-93FB-DE91CCE602DB 1920x1080 px=1920x1080 hidpi=0 modes=[800x600,960x540,1024x576,1024x768,1280x720,1280x960,1344x756,1344x1008,1600x900,1600x1200,1920x1080,640x480]
PROBE id=33 active=1 isActive=1 main=0 builtin=0 uuid=B5DF2BF2-76B2-4159-B011-5E1EC8C6A772 1280x720 px=1280x720 hidpi=0 modes=[800x600@2x,800x600,960x540@2x,1024x576,1024x768,1280x720,1280x960,1344x756,1344x1008,1600x900@2x,1600x900,1600x1200,1920x1080,3200x1800,400x300@2x,512x384@2x,640x360@2x,640x480@2x,640x480,672x378@2x,672x504@2x,800x450@2x,800x450@2x,1600x900]
[00:21:09] consola id=1
[00:21:09] -> simpledisplay://disable?id=1
[00:21:18] -- status (E1):
   id   name       virt on  main hidpi mode
   32   Twin       1    1   1    0     1280x720
   33   Retina     1    1   0    0     1280x720
   1    Apple Virtual 0    0   0    0     1920x1080
PROBE online=2 active=2 main=32
PROBE id=32 active=1 isActive=1 main=1 builtin=0 uuid=2DC98E40-1180-4888-AA7B-FEE581F5A785 1280x720 px=1280x720 hidpi=0 modes=[800x600,1024x576,1024x768,1280x720,640x360,640x480]
PROBE id=33 active=1 isActive=1 main=0 builtin=0 uuid=B5DF2BF2-76B2-4159-B011-5E1EC8C6A772 1280x720 px=1280x720 hidpi=0 modes=[800x600@2x,800x600,960x540@2x,1024x576,1024x768,1280x720,1280x960,1344x756,1344x1008,1600x900@2x,1600x900,1600x1200,1920x1080,3200x1800,400x300@2x,512x384@2x,640x360@2x,640x480@2x,640x480,672x378@2x,672x504@2x,800x450@2x,800x450@2x,1600x900]
[00:21:19]    PASS  consola apagada (fantasma)
[00:21:19]    PASS  otro display es main ahora
PROBE online=2 active=2 main=32
PROBE id=32 active=1 isActive=1 main=1 builtin=0 uuid=2DC98E40-1180-4888-AA7B-FEE581F5A785 1280x720 px=1280x720 hidpi=0 modes=[800x600,1024x576,1024x768,1280x720,640x360,640x480]
PROBE id=33 active=1 isActive=1 main=0 builtin=0 uuid=B5DF2BF2-76B2-4159-B011-5E1EC8C6A772 1280x720 px=1280x720 hidpi=0 modes=[800x600@2x,800x600,960x540@2x,1024x576,1024x768,1280x720,1280x960,1344x756,1344x1008,1600x900@2x,1600x900,1600x1200,1920x1080,3200x1800,400x300@2x,512x384@2x,640x360@2x,640x480@2x,640x480,672x378@2x,672x504@2x,800x450@2x,800x450@2x,1600x900]
[00:21:19]    PASS  CG: consola fuera de la lista online (0=si) (0)
[00:21:19] -> simpledisplay://enable?id=1
[00:21:29] -- status (E2):
   id   name       virt on  main hidpi mode
   32   Twin       1    1   1    0     1280x720
   1    Apple Virtual 0    1   0    0     1920x1080
   33   Retina     1    1   0    0     1280x720
PROBE online=3 active=3 main=32
PROBE id=32 active=1 isActive=1 main=1 builtin=0 uuid=2DC98E40-1180-4888-AA7B-FEE581F5A785 1280x720 px=1280x720 hidpi=0 modes=[800x600,1024x576,1024x768,1280x720,640x360,640x480]
PROBE id=1 active=1 isActive=1 main=0 builtin=0 uuid=9A0911C6-7B3D-4140-93FB-DE91CCE602DB 1920x1080 px=1920x1080 hidpi=0 modes=[800x600,960x540,1024x576,1024x768,1280x720,1280x960,1344x756,1344x1008,1600x900,1600x1200,1920x1080,640x480]
PROBE id=33 active=1 isActive=1 main=0 builtin=0 uuid=B5DF2BF2-76B2-4159-B011-5E1EC8C6A772 1280x720 px=1280x720 hidpi=0 modes=[800x600@2x,800x600,960x540@2x,1024x576,1024x768,1280x720,1280x960,1344x756,1344x1008,1600x900@2x,1600x900,1600x1200,1920x1080,3200x1800,400x300@2x,512x384@2x,640x360@2x,640x480@2x,640x480,672x378@2x,672x504@2x,800x450@2x,800x450@2x,1600x900]
[00:21:29]    PASS  consola encendida de nuevo
[00:21:29]    PASS  todos encendidos
   LOG 2026-09-07 04:20:37.953 I  SimpleDisplay[2415:5848] [app.simpledisplay:URLScheme] URL command: <private>
   LOG 2026-09-07 04:20:43.280 I  SimpleDisplay[2470:5a0b] [app.simpledisplay:VirtualDisplayService] Created virtual display '<private>' (1280x720) → ID 32
   LOG 2026-09-07 04:20:43.418 I  SimpleDisplay[2470:5a0b] [app.simpledisplay:VirtualDisplayService] Created virtual display '<private>' (1600x900) → ID 33
   LOG 2026-09-07 04:20:43.436 E  SimpleDisplay[2470:5a0b] [app.simpledisplay:ViewModel] Dropping ghost row '<private>' (<private>): its retained ID 1 now belongs to <private>
   LOG 2026-09-07 04:20:57.282 I  SimpleDisplay[2470:5a0b] [app.simpledisplay:URLScheme] URL command: <private>
   LOG 2026-09-07 04:20:58.565 I  SimpleDisplay[2470:5a0b] [app.simpledisplay:URLScheme] URL command: <private>
   LOG 2026-09-07 04:21:06.904 I  SimpleDisplay[2470:5a0b] [app.simpledisplay:URLScheme] URL command: <private>
   LOG 2026-09-07 04:21:08.901 I  SimpleDisplay[2470:5a0b] [app.simpledisplay:URLScheme] URL command: <private>
   LOG 2026-09-07 04:21:09.605 I  SimpleDisplay[2470:5a0b] [app.simpledisplay:URLScheme] URL command: <private>
   LOG 2026-09-07 04:21:18.939 I  SimpleDisplay[2470:5a0b] [app.simpledisplay:URLScheme] URL command: <private>
   LOG 2026-09-07 04:21:19.987 I  SimpleDisplay[2470:5a0b] [app.simpledisplay:URLScheme] URL command: <private>
   LOG 2026-09-07 04:21:29.331 I  SimpleDisplay[2470:5a0b] [app.simpledisplay:URLScheme] URL command: <private>
[00:21:30] 
[00:21:30] ################ F sleep/wake (puede no estar soportado en VM) ################
[00:21:30] pmset:  sleep 0 (sleep prevented by powerd); Sleep On Power Button 1; standby 0;
[00:21:30] -> simpledisplay://disable?id=31
[00:21:38] -- status (F0):
   id   name       virt on  main hidpi mode
   32   Twin       1    1   1    0     1280x720
   1    Apple Virtual 0    1   0    0     1920x1080
   33   Retina     1    1   0    0     1280x720
PROBE online=3 active=3 main=32
PROBE id=32 active=1 isActive=1 main=1 builtin=0 uuid=2DC98E40-1180-4888-AA7B-FEE581F5A785 1280x720 px=1280x720 hidpi=0 modes=[800x600,1024x576,1024x768,1280x720,640x360,640x480]
PROBE id=1 active=1 isActive=1 main=0 builtin=0 uuid=9A0911C6-7B3D-4140-93FB-DE91CCE602DB 1920x1080 px=1920x1080 hidpi=0 modes=[800x600,960x540,1024x576,1024x768,1280x720,1280x960,1344x756,1344x1008,1600x900,1600x1200,1920x1080,640x480]
PROBE id=33 active=1 isActive=1 main=0 builtin=0 uuid=B5DF2BF2-76B2-4159-B011-5E1EC8C6A772 1280x720 px=1280x720 hidpi=0 modes=[800x600@2x,800x600,960x540@2x,1024x576,1024x768,1280x720,1280x960,1344x756,1344x1008,1600x900@2x,1600x900,1600x1200,1920x1080,3200x1800,400x300@2x,512x384@2x,640x360@2x,640x480@2x,640x480,672x378@2x,672x504@2x,800x450@2x,800x450@2x,1600x900]
Unable to sleep system: error 0xe00002e2
[00:21:39]    INFO  sleepnow no aceptado en la VM
[00:21:39] -> simpledisplay://enable?id=31
[00:21:47] -- status (F2):
   id   name       virt on  main hidpi mode
   32   Twin       1    1   1    0     1280x720
   1    Apple Virtual 0    1   0    0     1920x1080
   33   Retina     1    1   0    0     1280x720
PROBE online=3 active=3 main=32
PROBE id=32 active=1 isActive=1 main=1 builtin=0 uuid=2DC98E40-1180-4888-AA7B-FEE581F5A785 1280x720 px=1280x720 hidpi=0 modes=[800x600,1024x576,1024x768,1280x720,640x360,640x480]
PROBE id=1 active=1 isActive=1 main=0 builtin=0 uuid=9A0911C6-7B3D-4140-93FB-DE91CCE602DB 1920x1080 px=1920x1080 hidpi=0 modes=[800x600,960x540,1024x576,1024x768,1280x720,1280x960,1344x756,1344x1008,1600x900,1600x1200,1920x1080,640x480]
PROBE id=33 active=1 isActive=1 main=0 builtin=0 uuid=B5DF2BF2-76B2-4159-B011-5E1EC8C6A772 1280x720 px=1280x720 hidpi=0 modes=[800x600@2x,800x600,960x540@2x,1024x576,1024x768,1280x720,1280x960,1344x756,1344x1008,1600x900@2x,1600x900,1600x1200,1920x1080,3200x1800,400x300@2x,512x384@2x,640x360@2x,640x480@2x,640x480,672x378@2x,672x504@2x,800x450@2x,800x450@2x,1600x900]
[00:21:48] 
[00:21:48] ################ RESUMEN ################
[00:21:48] PASS=38 FAIL=0
