[05:10:07] == real-disable VM test  ip=192.168.64.14  Mon Sep  7 05:10:07 -04 2026 ==
[05:10:07] guest: 26.6.2 arm64 
[05:10:07] 
[05:10:07] ################ S0 reset + baseline ################
[05:10:07] -> pkill; defaults delete app.simpledisplay; open -a SimpleDisplay
[05:10:16] -- status (S0):
   id   name       virt on  main hidpi mirror mode
   1    Apple Virtual 0    1   1    0     0      1920x1080
PROBE online=1 active=1 main=1
PROBE id=1 active=1 isActive=1 main=1 builtin=0 mirrorOf=0 uuid=9A0911C6-7B3D-4140-93FB-DE91CCE602DB 1920x1080 px=1920x1080 hidpi=0 modes=[800x600,960x540,1024x576,1024x768,1280x720,1280x960,1344x756,1344x1008,1600x900,1600x1200,1920x1080,640x480]
[05:10:16]    PASS  solo la consola de la VM, encendida y main
[05:10:16] consola id=1
[05:10:16] 
[05:10:16] ################ S1 crear 2 'Twin' identicos + 1 'Retina' HiDPI ################
[05:10:16] -> simpledisplay://create?width=1280&height=720&name=Twin
[05:10:21] -> simpledisplay://create?width=1280&height=720&name=Twin
[05:10:25] -> simpledisplay://create?width=1600&height=900&name=Retina&hidpi=true
[05:10:31] -- status (S1):
   id   name       virt on  main hidpi mirror mode
   1    Apple Virtual 0    1   1    0     0      1920x1080
   4    Twin       1    1   0    0     0      1280x720
   5    Twin       1    1   0    0     0      1280x720
   6    Retina     1    1   0    1     0      1600x900
PROBE online=4 active=4 main=1
PROBE id=1 active=1 isActive=1 main=1 builtin=0 mirrorOf=0 uuid=9A0911C6-7B3D-4140-93FB-DE91CCE602DB 1920x1080 px=1920x1080 hidpi=0 modes=[800x600,960x540,1024x576,1024x768,1280x720,1280x960,1344x756,1344x1008,1600x900,1600x1200,1920x1080,640x480]
PROBE id=4 active=1 isActive=1 main=0 builtin=0 mirrorOf=0 uuid=2DC98E40-1180-4888-AA7B-FEE581F5A785 1280x720 px=1280x720 hidpi=0 modes=[800x600,1024x576,1024x768,1280x720,640x360,640x480]
PROBE id=5 active=1 isActive=1 main=0 builtin=0 mirrorOf=0 uuid=B5DF2BF2-76B2-4159-B011-5E1EC8C6A772 1280x720 px=1280x720 hidpi=0 modes=[800x600,1024x576,1024x768,1280x720,640x360,640x480]
PROBE id=6 active=1 isActive=1 main=0 builtin=0 mirrorOf=0 uuid=E3BD08CD-9ACF-4ABF-A67F-76EF61BBDD8D 1600x900 px=3200x1800 hidpi=1 modes=[800x600@2x,800x600,960x540@2x,1024x576,1024x768,1280x720,1280x960,1344x756,1344x1008,1600x900@2x,1600x900,1600x1200,1920x1080,3200x1800,400x300@2x,512x384@2x,640x360@2x,640x480@2x,640x480,672x378@2x,672x504@2x,800x450@2x,800x450@2x,1600x900]
[05:10:31]    PASS  4 displays, todos encendidos
[05:10:31]    PASS  dos filas 'Twin'
[05:10:31]    PASS  Retina es HiDPI 1600x900
PROBE online=4 active=4 main=1
PROBE id=1 active=1 isActive=1 main=1 builtin=0 mirrorOf=0 uuid=9A0911C6-7B3D-4140-93FB-DE91CCE602DB 1920x1080 px=1920x1080 hidpi=0 modes=[800x600,960x540,1024x576,1024x768,1280x720,1280x960,1344x756,1344x1008,1600x900,1600x1200,1920x1080,640x480]
PROBE id=4 active=1 isActive=1 main=0 builtin=0 mirrorOf=0 uuid=2DC98E40-1180-4888-AA7B-FEE581F5A785 1280x720 px=1280x720 hidpi=0 modes=[800x600,1024x576,1024x768,1280x720,640x360,640x480]
PROBE id=5 active=1 isActive=1 main=0 builtin=0 mirrorOf=0 uuid=B5DF2BF2-76B2-4159-B011-5E1EC8C6A772 1280x720 px=1280x720 hidpi=0 modes=[800x600,1024x576,1024x768,1280x720,640x360,640x480]
PROBE id=6 active=1 isActive=1 main=0 builtin=0 mirrorOf=0 uuid=E3BD08CD-9ACF-4ABF-A67F-76EF61BBDD8D 1600x900 px=3200x1800 hidpi=1 modes=[800x600@2x,800x600,960x540@2x,1024x576,1024x768,1280x720,1280x960,1344x756,1344x1008,1600x900@2x,1600x900,1600x1200,1920x1080,3200x1800,400x300@2x,512x384@2x,640x360@2x,640x480@2x,640x480,672x378@2x,672x504@2x,800x450@2x,800x450@2x,1600x900]
[05:10:32] ids: TWIN1=4 TWIN2=5 RET=6  RET_UUID=E3BD08CD-9ACF-4ABF-A67F-76EF61BBDD8D
[05:10:32] 
[05:10:32] ################ A gemelos: apagar Twin#1, el otro Twin conserva nombre y fila ################
[05:10:32] -> simpledisplayctl disable --id 4
[05:10:39] -- status (A1):
   id   name       virt on  main hidpi mirror mode
   1    Apple Virtual 0    1   1    0     0      1920x1080
   5    Twin       1    1   0    0     0      1280x720
   6    Retina     1    1   0    1     0      1600x900
   4    Twin       1    0   0    0     0      1280x720
PROBE online=3 active=3 main=1
PROBE id=1 active=1 isActive=1 main=1 builtin=0 mirrorOf=0 uuid=9A0911C6-7B3D-4140-93FB-DE91CCE602DB 1920x1080 px=1920x1080 hidpi=0 modes=[800x600,960x540,1024x576,1024x768,1280x720,1280x960,1344x756,1344x1008,1600x900,1600x1200,1920x1080,640x480]
PROBE id=5 active=1 isActive=1 main=0 builtin=0 mirrorOf=0 uuid=B5DF2BF2-76B2-4159-B011-5E1EC8C6A772 1280x720 px=1280x720 hidpi=0 modes=[800x600,1024x576,1024x768,1280x720,640x360,640x480]
PROBE id=6 active=1 isActive=1 main=0 builtin=0 mirrorOf=0 uuid=E3BD08CD-9ACF-4ABF-A67F-76EF61BBDD8D 1600x900 px=3200x1800 hidpi=1 modes=[800x600@2x,800x600,960x540@2x,1024x576,1024x768,1280x720,1280x960,1344x756,1344x1008,1600x900@2x,1600x900,1600x1200,1920x1080,3200x1800,400x300@2x,512x384@2x,640x360@2x,640x480@2x,640x480,672x378@2x,672x504@2x,800x450@2x,800x450@2x,1600x900]
[05:10:40]    PASS  Twin#1 sigue listado (fantasma) y apagado
[05:10:40]    PASS  Twin#1 conserva el nombre 'Twin'
[05:10:40]    PASS  Twin#2 sigue encendido y con nombre 'Twin'
[05:10:40]    PASS  siguen 4 filas (ninguna desaparecio)
PROBE online=3 active=3 main=1
PROBE id=1 active=1 isActive=1 main=1 builtin=0 mirrorOf=0 uuid=9A0911C6-7B3D-4140-93FB-DE91CCE602DB 1920x1080 px=1920x1080 hidpi=0 modes=[800x600,960x540,1024x576,1024x768,1280x720,1280x960,1344x756,1344x1008,1600x900,1600x1200,1920x1080,640x480]
PROBE id=5 active=1 isActive=1 main=0 builtin=0 mirrorOf=0 uuid=B5DF2BF2-76B2-4159-B011-5E1EC8C6A772 1280x720 px=1280x720 hidpi=0 modes=[800x600,1024x576,1024x768,1280x720,640x360,640x480]
PROBE id=6 active=1 isActive=1 main=0 builtin=0 mirrorOf=0 uuid=E3BD08CD-9ACF-4ABF-A67F-76EF61BBDD8D 1600x900 px=3200x1800 hidpi=1 modes=[800x600@2x,800x600,960x540@2x,1024x576,1024x768,1280x720,1280x960,1344x756,1344x1008,1600x900@2x,1600x900,1600x1200,1920x1080,3200x1800,400x300@2x,512x384@2x,640x360@2x,640x480@2x,640x480,672x378@2x,672x504@2x,800x450@2x,800x450@2x,1600x900]
[05:10:40]    PASS  CG: Twin#1 fuera de la lista online (0=si) (0)
[05:10:40] -> simpledisplayctl enable --id 4
[05:10:50] -- status (A2):
   id   name       virt on  main hidpi mirror mode
   1    Apple Virtual 0    1   1    0     0      1920x1080
   4    Twin       1    1   0    0     0      1280x720
   5    Twin       1    1   0    0     0      1280x720
   6    Retina     1    1   0    1     0      1600x900
PROBE online=4 active=4 main=1
PROBE id=1 active=1 isActive=1 main=1 builtin=0 mirrorOf=0 uuid=9A0911C6-7B3D-4140-93FB-DE91CCE602DB 1920x1080 px=1920x1080 hidpi=0 modes=[800x600,960x540,1024x576,1024x768,1280x720,1280x960,1344x756,1344x1008,1600x900,1600x1200,1920x1080,640x480]
PROBE id=4 active=1 isActive=1 main=0 builtin=0 mirrorOf=0 uuid=2DC98E40-1180-4888-AA7B-FEE581F5A785 1280x720 px=1280x720 hidpi=0 modes=[800x600,1024x576,1024x768,1280x720,640x360,640x480]
PROBE id=5 active=1 isActive=1 main=0 builtin=0 mirrorOf=0 uuid=B5DF2BF2-76B2-4159-B011-5E1EC8C6A772 1280x720 px=1280x720 hidpi=0 modes=[800x600,1024x576,1024x768,1280x720,640x360,640x480]
PROBE id=6 active=1 isActive=1 main=0 builtin=0 mirrorOf=0 uuid=E3BD08CD-9ACF-4ABF-A67F-76EF61BBDD8D 1600x900 px=3200x1800 hidpi=1 modes=[800x600@2x,800x600,960x540@2x,1024x576,1024x768,1280x720,1280x960,1344x756,1344x1008,1600x900@2x,1600x900,1600x1200,1920x1080,3200x1800,400x300@2x,512x384@2x,640x360@2x,640x480@2x,640x480,672x378@2x,672x504@2x,800x450@2x,800x450@2x,1600x900]
[05:10:50]    PASS  Twin#1 encendido de nuevo
[05:10:50]    PASS  los 4 encendidos
PROBE online=4 active=4 main=1
PROBE id=1 active=1 isActive=1 main=1 builtin=0 mirrorOf=0 uuid=9A0911C6-7B3D-4140-93FB-DE91CCE602DB 1920x1080 px=1920x1080 hidpi=0 modes=[800x600,960x540,1024x576,1024x768,1280x720,1280x960,1344x756,1344x1008,1600x900,1600x1200,1920x1080,640x480]
PROBE id=4 active=1 isActive=1 main=0 builtin=0 mirrorOf=0 uuid=2DC98E40-1180-4888-AA7B-FEE581F5A785 1280x720 px=1280x720 hidpi=0 modes=[800x600,1024x576,1024x768,1280x720,640x360,640x480]
PROBE id=5 active=1 isActive=1 main=0 builtin=0 mirrorOf=0 uuid=B5DF2BF2-76B2-4159-B011-5E1EC8C6A772 1280x720 px=1280x720 hidpi=0 modes=[800x600,1024x576,1024x768,1280x720,640x360,640x480]
PROBE id=6 active=1 isActive=1 main=0 builtin=0 mirrorOf=0 uuid=E3BD08CD-9ACF-4ABF-A67F-76EF61BBDD8D 1600x900 px=3200x1800 hidpi=1 modes=[800x600@2x,800x600,960x540@2x,1024x576,1024x768,1280x720,1280x960,1344x756,1344x1008,1600x900@2x,1600x900,1600x1200,1920x1080,3200x1800,400x300@2x,512x384@2x,640x360@2x,640x480@2x,640x480,672x378@2x,672x504@2x,800x450@2x,800x450@2x,1600x900]
[05:10:51]    PASS  CG: Twin#1 online y activo (1)
   LOG 2026-09-07 09:10:15.935 I  SimpleDisplay[822:1917] [app.simpledisplay:URLScheme] URL command: <private>
   LOG 2026-09-07 09:10:16.695 I  SimpleDisplay[822:1917] [app.simpledisplay:URLScheme] URL command: <private>
   LOG 2026-09-07 09:10:16.968 I  SimpleDisplay[822:1917] [app.simpledisplay:VirtualDisplayService] Created virtual display '<private>' (1280x720) → ID 4
   LOG 2026-09-07 09:10:21.044 I  SimpleDisplay[822:1917] [app.simpledisplay:URLScheme] URL command: <private>
   LOG 2026-09-07 09:10:21.325 I  SimpleDisplay[822:1917] [app.simpledisplay:VirtualDisplayService] Created virtual display '<private>' (1280x720) → ID 5
   LOG 2026-09-07 09:10:25.389 I  SimpleDisplay[822:1917] [app.simpledisplay:URLScheme] URL command: <private>
   LOG 2026-09-07 09:10:25.676 I  SimpleDisplay[822:1917] [app.simpledisplay:VirtualDisplayService] Created virtual display '<private>' (1600x900) → ID 6
   LOG 2026-09-07 09:10:30.750 I  SimpleDisplay[822:1917] [app.simpledisplay:URLScheme] URL command: <private>
   LOG 2026-09-07 09:10:31.928 I  SimpleDisplay[822:1917] [app.simpledisplay:URLScheme] URL command: <private>
   LOG 2026-09-07 09:10:39.344 I  SimpleDisplay[822:1917] [app.simpledisplay:URLScheme] URL command: <private>
   LOG 2026-09-07 09:10:40.441 I  SimpleDisplay[822:1917] [app.simpledisplay:URLScheme] URL command: <private>
   LOG 2026-09-07 09:10:49.849 I  SimpleDisplay[822:1917] [app.simpledisplay:URLScheme] URL command: <private>
[05:10:52] 
[05:10:52] ################ B HiDPI: apagar y encender Retina, debe volver en HiDPI ################
[05:10:52] -> simpledisplay://disable?id=6
[05:11:00] -- status (B1):
   id   name       virt on  main hidpi mirror mode
   4    Twin       1    1   1    0     0      1280x720
   1    Apple Virtual 0    1   0    0     4      1280x720
   5    Twin       1    1   0    0     0      1280x720
   6    Retina     1    0   0    1     0      1600x900
PROBE online=3 active=2 main=4
PROBE id=4 active=1 isActive=1 main=1 builtin=0 mirrorOf=0 uuid=2DC98E40-1180-4888-AA7B-FEE581F5A785 1280x720 px=1280x720 hidpi=0 modes=[800x600,1024x576,1024x768,1280x720,640x360,640x480]
PROBE id=1 active=0 isActive=0 main=0 builtin=0 mirrorOf=4 uuid=9A0911C6-7B3D-4140-93FB-DE91CCE602DB 1280x720 px=1280x720 hidpi=0 modes=[800x600,960x540,1024x576,1024x768,1280x720,1280x960,1344x756,1344x1008,1600x900,1600x1200,1920x1080,640x480,1280x720]
PROBE id=5 active=1 isActive=1 main=0 builtin=0 mirrorOf=0 uuid=B5DF2BF2-76B2-4159-B011-5E1EC8C6A772 1280x720 px=1280x720 hidpi=0 modes=[800x600,1024x576,1024x768,1280x720,640x360,640x480]
[05:11:04]    PASS  Retina apagada
[05:11:04] -> simpledisplay://enable?id=6
[05:11:15] -- status (B2):
   id   name       virt on  main hidpi mirror mode
   1    Apple Virtual 0    1   1    0     0      1920x1080
   4    Twin       1    1   0    0     0      1280x720
   5    Twin       1    1   0    0     0      1280x720
   6    Retina     1    1   0    1     0      1600x900
PROBE online=4 active=4 main=1
PROBE id=1 active=1 isActive=1 main=1 builtin=0 mirrorOf=0 uuid=9A0911C6-7B3D-4140-93FB-DE91CCE602DB 1920x1080 px=1920x1080 hidpi=0 modes=[800x600,960x540,1024x576,1024x768,1280x720,1280x960,1344x756,1344x1008,1600x900,1600x1200,1920x1080,640x480]
PROBE id=4 active=1 isActive=1 main=0 builtin=0 mirrorOf=0 uuid=2DC98E40-1180-4888-AA7B-FEE581F5A785 1280x720 px=1280x720 hidpi=0 modes=[800x600,1024x576,1024x768,1280x720,640x360,640x480]
PROBE id=5 active=1 isActive=1 main=0 builtin=0 mirrorOf=0 uuid=B5DF2BF2-76B2-4159-B011-5E1EC8C6A772 1280x720 px=1280x720 hidpi=0 modes=[800x600,1024x576,1024x768,1280x720,640x360,640x480]
PROBE id=6 active=1 isActive=1 main=0 builtin=0 mirrorOf=0 uuid=E3BD08CD-9ACF-4ABF-A67F-76EF61BBDD8D 1600x900 px=3200x1800 hidpi=1 modes=[800x600@2x,800x600,960x540@2x,1024x576,1024x768,1280x720,1280x960,1344x756,1344x1008,1600x900@2x,1600x900,1600x1200,1920x1080,3200x1800,400x300@2x,512x384@2x,640x360@2x,640x480@2x,640x480,672x378@2x,672x504@2x,800x450@2x,800x450@2x,1600x900]
[05:11:15]    PASS  Retina encendida
[05:11:15]    PASS  Retina sigue HiDPI 1600x900
   LOG 2026-09-07 09:10:39.344 I  SimpleDisplay[822:1917] [app.simpledisplay:URLScheme] URL command: <private>
   LOG 2026-09-07 09:10:40.441 I  SimpleDisplay[822:1917] [app.simpledisplay:URLScheme] URL command: <private>
   LOG 2026-09-07 09:10:49.849 I  SimpleDisplay[822:1917] [app.simpledisplay:URLScheme] URL command: <private>
   LOG 2026-09-07 09:10:52.107 I  SimpleDisplay[822:1917] [app.simpledisplay:URLScheme] URL command: <private>
   LOG 2026-09-07 09:10:59.469 I  SimpleDisplay[822:1917] [app.simpledisplay:URLScheme] URL command: <private>
   LOG 2026-09-07 09:11:04.300 I  SimpleDisplay[822:1917] [app.simpledisplay:URLScheme] URL command: <private>
   LOG 2026-09-07 09:11:14.669 I  SimpleDisplay[822:1917] [app.simpledisplay:URLScheme] URL command: <private>
[05:11:16] 
[05:11:16] ################ C reinicio de la app con Retina apagada; reactivar desde la fila fantasma ################
[05:11:16] -> simpledisplay://disable?id=6
[05:11:24] -- status (C1):
   id   name       virt on  main hidpi mirror mode
   4    Twin       1    1   1    0     0      1280x720
   1    Apple Virtual 0    1   0    0     4      1280x720
   5    Twin       1    1   0    0     0      1280x720
   6    Retina     1    0   0    1     0      1600x900
PROBE online=3 active=2 main=4
PROBE id=4 active=1 isActive=1 main=1 builtin=0 mirrorOf=0 uuid=2DC98E40-1180-4888-AA7B-FEE581F5A785 1280x720 px=1280x720 hidpi=0 modes=[800x600,1024x576,1024x768,1280x720,640x360,640x480]
PROBE id=1 active=0 isActive=0 main=0 builtin=0 mirrorOf=4 uuid=9A0911C6-7B3D-4140-93FB-DE91CCE602DB 1280x720 px=1280x720 hidpi=0 modes=[800x600,960x540,1024x576,1024x768,1280x720,1280x960,1344x756,1344x1008,1600x900,1600x1200,1920x1080,640x480,1280x720]
PROBE id=5 active=1 isActive=1 main=0 builtin=0 mirrorOf=0 uuid=B5DF2BF2-76B2-4159-B011-5E1EC8C6A772 1280x720 px=1280x720 hidpi=0 modes=[800x600,1024x576,1024x768,1280x720,640x360,640x480]
[05:11:24]    PASS  Retina apagada antes de reiniciar
[05:11:24] -> pkill SimpleDisplay; open -a SimpleDisplay
[05:11:41] -- status (C2):
   id   name       virt on  main hidpi mirror mode
   7    Twin       1    1   1    0     0      1280x720
   1    Apple Virtual 0    1   0    0     7      1280x720
   8    Twin       1    1   0    0     0      1280x720
   9    Retina     1    0   0    1     0      1600x900
PROBE online=3 active=2 main=7
PROBE id=7 active=1 isActive=1 main=1 builtin=0 mirrorOf=0 uuid=2DC98E40-1180-4888-AA7B-FEE581F5A785 1280x720 px=1280x720 hidpi=0 modes=[800x600,1024x576,1024x768,1280x720,640x360,640x480]
PROBE id=1 active=0 isActive=0 main=0 builtin=0 mirrorOf=7 uuid=9A0911C6-7B3D-4140-93FB-DE91CCE602DB 1280x720 px=1280x720 hidpi=0 modes=[800x600,960x540,1024x576,1024x768,1280x720,1280x960,1344x756,1344x1008,1600x900,1600x1200,1920x1080,640x480,1280x720]
PROBE id=8 active=1 isActive=1 main=0 builtin=0 mirrorOf=0 uuid=B5DF2BF2-76B2-4159-B011-5E1EC8C6A772 1280x720 px=1280x720 hidpi=0 modes=[800x600,1024x576,1024x768,1280x720,640x360,640x480]
[05:11:42]    PASS  app relanzada: 4 filas
[05:11:42]    PASS  Retina sigue apagada tras relanzar (estado persistido)
[05:11:42]    PASS  los dos Twin encendidos
PROBE online=3 active=2 main=7
PROBE id=7 active=1 isActive=1 main=1 builtin=0 mirrorOf=0 uuid=2DC98E40-1180-4888-AA7B-FEE581F5A785 1280x720 px=1280x720 hidpi=0 modes=[800x600,1024x576,1024x768,1280x720,640x360,640x480]
PROBE id=1 active=0 isActive=0 main=0 builtin=0 mirrorOf=7 uuid=9A0911C6-7B3D-4140-93FB-DE91CCE602DB 1280x720 px=1280x720 hidpi=0 modes=[800x600,960x540,1024x576,1024x768,1280x720,1280x960,1344x756,1344x1008,1600x900,1600x1200,1920x1080,640x480,1280x720]
PROBE id=8 active=1 isActive=1 main=0 builtin=0 mirrorOf=0 uuid=B5DF2BF2-76B2-4159-B011-5E1EC8C6A772 1280x720 px=1280x720 hidpi=0 modes=[800x600,1024x576,1024x768,1280x720,640x360,640x480]
[05:11:42]    PASS  CG: Retina (3200x1800 px) no esta online (0=si) (0)
[05:11:42] -> simpledisplay://enable?name=Retina
[05:11:53] -- status (C3):
   id   name       virt on  main hidpi mirror mode
   1    Apple Virtual 0    1   1    0     0      1920x1080
   7    Twin       1    1   0    0     0      1280x720
   8    Twin       1    1   0    0     0      1280x720
   9    Retina     1    1   0    1     0      1600x900
PROBE online=4 active=4 main=1
PROBE id=1 active=1 isActive=1 main=1 builtin=0 mirrorOf=0 uuid=9A0911C6-7B3D-4140-93FB-DE91CCE602DB 1920x1080 px=1920x1080 hidpi=0 modes=[800x600,960x540,1024x576,1024x768,1280x720,1280x960,1344x756,1344x1008,1600x900,1600x1200,1920x1080,640x480]
PROBE id=7 active=1 isActive=1 main=0 builtin=0 mirrorOf=0 uuid=2DC98E40-1180-4888-AA7B-FEE581F5A785 1280x720 px=1280x720 hidpi=0 modes=[800x600,1024x576,1024x768,1280x720,640x360,640x480]
PROBE id=8 active=1 isActive=1 main=0 builtin=0 mirrorOf=0 uuid=B5DF2BF2-76B2-4159-B011-5E1EC8C6A772 1280x720 px=1280x720 hidpi=0 modes=[800x600,1024x576,1024x768,1280x720,640x360,640x480]
PROBE id=9 active=1 isActive=1 main=0 builtin=0 mirrorOf=0 uuid=E3BD08CD-9ACF-4ABF-A67F-76EF61BBDD8D 1600x900 px=3200x1800 hidpi=1 modes=[800x600@2x,800x600,960x540@2x,1024x576,1024x768,1280x720,1280x960,1344x756,1344x1008,1600x900@2x,1600x900,1600x1200,1920x1080,3200x1800,400x300@2x,512x384@2x,640x360@2x,640x480@2x,640x480,672x378@2x,672x504@2x,800x450@2x,800x450@2x,1600x900]
[05:11:53]    PASS  Retina reactivada desde el fantasma
[05:11:53]    PASS  Retina volvio en HiDPI
   LOG 2026-09-07 09:10:25.389 I  SimpleDisplay[822:1917] [app.simpledisplay:URLScheme] URL command: <private>
   LOG 2026-09-07 09:10:25.676 I  SimpleDisplay[822:1917] [app.simpledisplay:VirtualDisplayService] Created virtual display '<private>' (1600x900) → ID 6
   LOG 2026-09-07 09:10:30.750 I  SimpleDisplay[822:1917] [app.simpledisplay:URLScheme] URL command: <private>
   LOG 2026-09-07 09:10:31.928 I  SimpleDisplay[822:1917] [app.simpledisplay:URLScheme] URL command: <private>
   LOG 2026-09-07 09:10:39.344 I  SimpleDisplay[822:1917] [app.simpledisplay:URLScheme] URL command: <private>
   LOG 2026-09-07 09:10:40.441 I  SimpleDisplay[822:1917] [app.simpledisplay:URLScheme] URL command: <private>
   LOG 2026-09-07 09:10:49.849 I  SimpleDisplay[822:1917] [app.simpledisplay:URLScheme] URL command: <private>
   LOG 2026-09-07 09:10:52.107 I  SimpleDisplay[822:1917] [app.simpledisplay:URLScheme] URL command: <private>
   LOG 2026-09-07 09:10:59.469 I  SimpleDisplay[822:1917] [app.simpledisplay:URLScheme] URL command: <private>
   LOG 2026-09-07 09:11:04.300 I  SimpleDisplay[822:1917] [app.simpledisplay:URLScheme] URL command: <private>
   LOG 2026-09-07 09:11:14.669 I  SimpleDisplay[822:1917] [app.simpledisplay:URLScheme] URL command: <private>
   LOG 2026-09-07 09:11:16.567 I  SimpleDisplay[822:1917] [app.simpledisplay:URLScheme] URL command: <private>
   LOG 2026-09-07 09:11:23.914 I  SimpleDisplay[822:1917] [app.simpledisplay:URLScheme] URL command: <private>
   LOG 2026-09-07 09:11:27.024 I  SimpleDisplay[1032:215c] [app.simpledisplay:VirtualDisplayService] Created virtual display '<private>' (1280x720) → ID 7
   LOG 2026-09-07 09:11:27.128 I  SimpleDisplay[1032:215c] [app.simpledisplay:VirtualDisplayService] Created virtual display '<private>' (1280x720) → ID 8
   LOG 2026-09-07 09:11:27.302 I  SimpleDisplay[1032:215c] [app.simpledisplay:VirtualDisplayService] Created virtual display '<private>' (1600x900) → ID 9
   LOG 2026-09-07 09:11:28.112 I  SimpleDisplay[1032:215c] [app.simpledisplay:ViewModel] Restored disabled state on '<private>'
   LOG 2026-09-07 09:11:41.028 I  SimpleDisplay[1032:215c] [app.simpledisplay:URLScheme] URL command: <private>
   LOG 2026-09-07 09:11:42.175 I  SimpleDisplay[1032:215c] [app.simpledisplay:URLScheme] URL command: <private>
   LOG 2026-09-07 09:11:52.518 I  SimpleDisplay[1032:215c] [app.simpledisplay:URLScheme] URL command: <private>
[05:11:54] ids tras reinicio: TWIN1=7 TWIN2=8 RET=9 CONSOLE=1
[05:11:54] 
[05:11:54] ################ D quitar un display virtual apagado: no debe dejar fila muerta ni fantasma en el WindowServer ################
PROBE online=4 active=4 main=1
PROBE id=1 active=1 isActive=1 main=1 builtin=0 mirrorOf=0 uuid=9A0911C6-7B3D-4140-93FB-DE91CCE602DB 1920x1080 px=1920x1080 hidpi=0 modes=[800x600,960x540,1024x576,1024x768,1280x720,1280x960,1344x756,1344x1008,1600x900,1600x1200,1920x1080,640x480]
PROBE id=7 active=1 isActive=1 main=0 builtin=0 mirrorOf=0 uuid=2DC98E40-1180-4888-AA7B-FEE581F5A785 1280x720 px=1280x720 hidpi=0 modes=[800x600,1024x576,1024x768,1280x720,640x360,640x480]
PROBE id=8 active=1 isActive=1 main=0 builtin=0 mirrorOf=0 uuid=B5DF2BF2-76B2-4159-B011-5E1EC8C6A772 1280x720 px=1280x720 hidpi=0 modes=[800x600,1024x576,1024x768,1280x720,640x360,640x480]
PROBE id=9 active=1 isActive=1 main=0 builtin=0 mirrorOf=0 uuid=E3BD08CD-9ACF-4ABF-A67F-76EF61BBDD8D 1600x900 px=3200x1800 hidpi=1 modes=[800x600@2x,800x600,960x540@2x,1024x576,1024x768,1280x720,1280x960,1344x756,1344x1008,1600x900@2x,1600x900,1600x1200,1920x1080,3200x1800,400x300@2x,512x384@2x,640x360@2x,640x480@2x,640x480,672x378@2x,672x504@2x,800x450@2x,800x450@2x,1600x900]
[05:11:55] Twin#2 uuid=B5DF2BF2-76B2-4159-B011-5E1EC8C6A772
[05:11:55] -> simpledisplay://disable?id=8
[05:12:02] -- status (D1):
   id   name       virt on  main hidpi mirror mode
   1    Apple Virtual 0    1   1    0     0      1920x1080
   7    Twin       1    1   0    0     0      1280x720
   9    Retina     1    1   0    1     0      1600x900
   8    Twin       1    0   0    0     0      1280x720
PROBE online=3 active=3 main=1
PROBE id=1 active=1 isActive=1 main=1 builtin=0 mirrorOf=0 uuid=9A0911C6-7B3D-4140-93FB-DE91CCE602DB 1920x1080 px=1920x1080 hidpi=0 modes=[800x600,960x540,1024x576,1024x768,1280x720,1280x960,1344x756,1344x1008,1600x900,1600x1200,1920x1080,640x480]
PROBE id=7 active=1 isActive=1 main=0 builtin=0 mirrorOf=0 uuid=2DC98E40-1180-4888-AA7B-FEE581F5A785 1280x720 px=1280x720 hidpi=0 modes=[800x600,1024x576,1024x768,1280x720,640x360,640x480]
PROBE id=9 active=1 isActive=1 main=0 builtin=0 mirrorOf=0 uuid=E3BD08CD-9ACF-4ABF-A67F-76EF61BBDD8D 1600x900 px=3200x1800 hidpi=1 modes=[800x600@2x,800x600,960x540@2x,1024x576,1024x768,1280x720,1280x960,1344x756,1344x1008,1600x900@2x,1600x900,1600x1200,1920x1080,3200x1800,400x300@2x,512x384@2x,640x360@2x,640x480@2x,640x480,672x378@2x,672x504@2x,800x450@2x,800x450@2x,1600x900]
[05:12:03]    PASS  Twin#2 apagado
[05:12:03] -> simpledisplay://remove?id=8
[05:12:16] -- status (D2):
   id   name       virt on  main hidpi mirror mode
   1    Apple Virtual 0    1   1    0     0      1920x1080
   7    Twin       1    1   0    0     0      1280x720
   9    Retina     1    1   0    1     0      1600x900
PROBE online=3 active=3 main=1
PROBE id=1 active=1 isActive=1 main=1 builtin=0 mirrorOf=0 uuid=9A0911C6-7B3D-4140-93FB-DE91CCE602DB 1920x1080 px=1920x1080 hidpi=0 modes=[800x600,960x540,1024x576,1024x768,1280x720,1280x960,1344x756,1344x1008,1600x900,1600x1200,1920x1080,640x480]
PROBE id=7 active=1 isActive=1 main=0 builtin=0 mirrorOf=0 uuid=2DC98E40-1180-4888-AA7B-FEE581F5A785 1280x720 px=1280x720 hidpi=0 modes=[800x600,1024x576,1024x768,1280x720,640x360,640x480]
PROBE id=9 active=1 isActive=1 main=0 builtin=0 mirrorOf=0 uuid=E3BD08CD-9ACF-4ABF-A67F-76EF61BBDD8D 1600x900 px=3200x1800 hidpi=1 modes=[800x600@2x,800x600,960x540@2x,1024x576,1024x768,1280x720,1280x960,1344x756,1344x1008,1600x900@2x,1600x900,1600x1200,1920x1080,3200x1800,400x300@2x,512x384@2x,640x360@2x,640x480@2x,640x480,672x378@2x,672x504@2x,800x450@2x,800x450@2x,1600x900]
[05:12:17]    PASS  la fila de Twin#2 desaparecio al quitarlo (sin fantasma muerto)
[05:12:17]    PASS  quedan 3 filas, todas encendidas
[05:12:17]    persistido: [{"isDisabled": false, "lastKnownID": 4, "isMain": false, "name": "Twin", "uuid": "2DC98E40-1180-4888-AA7B-FEE581F5A785"}, {"isDisabled": false, "lastKnownID": 9, "isMain": false, "name": "Retina", "uuid": "E3BD08CD-9ACF-4ABF-A67F-76EF61BBDD8D"}]
[05:12:17]    PASS  persistencia olvido el uuid de Twin#2 (False)
[05:12:17] -> relanzar la app: quien herede el slot de serial de Twin#2 no debe heredar su modo
[05:12:34] -- status (D3):
   id   name       virt on  main hidpi mirror mode
   1    Apple Virtual 0    1   1    0     0      1920x1080
   10   Twin       1    1   0    0     0      1280x720
   11   Retina     1    1   0    1     0      1600x900
PROBE online=3 active=3 main=1
PROBE id=1 active=1 isActive=1 main=1 builtin=0 mirrorOf=0 uuid=9A0911C6-7B3D-4140-93FB-DE91CCE602DB 1920x1080 px=1920x1080 hidpi=0 modes=[800x600,960x540,1024x576,1024x768,1280x720,1280x960,1344x756,1344x1008,1600x900,1600x1200,1920x1080,640x480]
PROBE id=10 active=1 isActive=1 main=0 builtin=0 mirrorOf=0 uuid=2DC98E40-1180-4888-AA7B-FEE581F5A785 1280x720 px=1280x720 hidpi=0 modes=[800x600,1024x576,1024x768,1280x720,640x360,640x480]
PROBE id=11 active=1 isActive=1 main=0 builtin=0 mirrorOf=0 uuid=E3BD08CD-9ACF-4ABF-A67F-76EF61BBDD8D 1600x900 px=3200x1800 hidpi=1 modes=[800x600@2x,800x600,960x540@2x,1024x576,1024x768,1280x720,1280x960,1344x756,1344x1008,1600x900@2x,1600x900,1600x1200,1920x1080,3200x1800,400x300@2x,512x384@2x,640x360@2x,640x480@2x,640x480,672x378@2x,672x504@2x,800x450@2x,800x450@2x,1600x900]
[05:12:34]    PASS  tras relanzar: 3 filas encendidas
[05:12:34]    PASS  Retina sigue 1600x900 HiDPI tras relanzar (serial persistente: no hereda el slot de Twin#2)
PROBE online=3 active=3 main=1
PROBE id=1 active=1 isActive=1 main=1 builtin=0 mirrorOf=0 uuid=9A0911C6-7B3D-4140-93FB-DE91CCE602DB 1920x1080 px=1920x1080 hidpi=0 modes=[800x600,960x540,1024x576,1024x768,1280x720,1280x960,1344x756,1344x1008,1600x900,1600x1200,1920x1080,640x480]
PROBE id=10 active=1 isActive=1 main=0 builtin=0 mirrorOf=0 uuid=2DC98E40-1180-4888-AA7B-FEE581F5A785 1280x720 px=1280x720 hidpi=0 modes=[800x600,1024x576,1024x768,1280x720,640x360,640x480]
PROBE id=11 active=1 isActive=1 main=0 builtin=0 mirrorOf=0 uuid=E3BD08CD-9ACF-4ABF-A67F-76EF61BBDD8D 1600x900 px=3200x1800 hidpi=1 modes=[800x600@2x,800x600,960x540@2x,1024x576,1024x768,1280x720,1280x960,1344x756,1344x1008,1600x900@2x,1600x900,1600x1200,1920x1080,3200x1800,400x300@2x,512x384@2x,640x360@2x,640x480@2x,640x480,672x378@2x,672x504@2x,800x450@2x,800x450@2x,1600x900]
[05:12:35]    PASS  Retina conserva su UUID (identidad) tras relanzar (E3BD08CD-9ACF-4ABF-A67F-76EF61BBDD8D)
   LOG 2026-09-07 09:11:41.028 I  SimpleDisplay[1032:215c] [app.simpledisplay:URLScheme] URL command: <private>
   LOG 2026-09-07 09:11:42.175 I  SimpleDisplay[1032:215c] [app.simpledisplay:URLScheme] URL command: <private>
   LOG 2026-09-07 09:11:52.518 I  SimpleDisplay[1032:215c] [app.simpledisplay:URLScheme] URL command: <private>
   LOG 2026-09-07 09:11:54.897 I  SimpleDisplay[1032:215c] [app.simpledisplay:URLScheme] URL command: <private>
   LOG 2026-09-07 09:12:02.223 I  SimpleDisplay[1032:215c] [app.simpledisplay:URLScheme] URL command: <private>
   LOG 2026-09-07 09:12:06.992 I  SimpleDisplay[1032:215c] [app.simpledisplay:URLScheme] URL command: <private>
   LOG 2026-09-07 09:12:07.645 I  SimpleDisplay[1032:215c] [app.simpledisplay:VirtualDisplayService] Removed virtual display<private> (ID 8)
   LOG 2026-09-07 09:12:16.332 I  SimpleDisplay[1032:215c] [app.simpledisplay:URLScheme] URL command: <private>
   LOG 2026-09-07 09:12:19.826 I  SimpleDisplay[1141:2624] [app.simpledisplay:VirtualDisplayService] Created virtual display '<private>' (1280x720) → ID 10
   LOG 2026-09-07 09:12:19.922 I  SimpleDisplay[1141:2624] [app.simpledisplay:VirtualDisplayService] Created virtual display '<private>' (1600x900) → ID 11
   LOG 2026-09-07 09:12:33.833 I  SimpleDisplay[1141:2624] [app.simpledisplay:URLScheme] URL command: <private>
[05:12:36] ids: TWIN1=10 RET=11 CONSOLE=1
[05:12:36] 
[05:12:36] ################ H fantasmas sembrados desde una sesion previa: colision de ID y display inexistente ################
[05:12:36] -> pkill; defaults write con 'Phantom' (lastKnownID=1, id vivo de otro display) y 'Orphan' (lastKnownID=9999)
[05:12:38]    persistido antes: [{"isDisabled": false, "lastKnownID": 4, "isMain": false, "name": "Twin", "uuid": "2DC98E40-1180-4888-AA7B-FEE581F5A785"}, {"isDisabled": false, "lastKnownID": 9, "isMain": false, "name": "Retina", "uuid": "E3BD08CD-9ACF-4ABF-A67F-76EF61BBDD8D"}]
[05:12:39]    sembrado: [{"isDisabled": false, "lastKnownID": 4, "isMain": false, "name": "Twin", "uuid": "2DC98E40-1180-4888-AA7B-FEE581F5A785"}, {"isDisabled": false, "lastKnownID": 9, "isMain": false, "name": "Retina", "uuid": "E3BD08CD-9ACF-4ABF-A67F-76EF61BBDD8D"}, {"uuid": "FAKE-PHANTOM", "isDisabled": true, "isMain": false, "lastKnownID": 1, "name": "Phantom"}, {"uuid": "FAKE-ORPHAN", "isDisabled": true, "isMain": false, "lastKnownID": 9999, "name": "Orphan"}]
[05:12:54] -- status (H1):
   id   name       virt on  main hidpi mirror mode
   1    Apple Virtual 0    1   1    0     0      1920x1080
   12   Twin       1    1   0    0     0      1280x720
   13   Retina     1    1   0    1     0      1600x900
   9999 Orphan     0    0   0    0     0      0x0
PROBE online=3 active=3 main=1
PROBE id=1 active=1 isActive=1 main=1 builtin=0 mirrorOf=0 uuid=9A0911C6-7B3D-4140-93FB-DE91CCE602DB 1920x1080 px=1920x1080 hidpi=0 modes=[800x600,960x540,1024x576,1024x768,1280x720,1280x960,1344x756,1344x1008,1600x900,1600x1200,1920x1080,640x480]
PROBE id=12 active=1 isActive=1 main=0 builtin=0 mirrorOf=0 uuid=2DC98E40-1180-4888-AA7B-FEE581F5A785 1280x720 px=1280x720 hidpi=0 modes=[800x600,1024x576,1024x768,1280x720,640x360,640x480]
PROBE id=13 active=1 isActive=1 main=0 builtin=0 mirrorOf=0 uuid=E3BD08CD-9ACF-4ABF-A67F-76EF61BBDD8D 1600x900 px=3200x1800 hidpi=1 modes=[800x600@2x,800x600,960x540@2x,1024x576,1024x768,1280x720,1280x960,1344x756,1344x1008,1600x900@2x,1600x900,1600x1200,1920x1080,3200x1800,400x300@2x,512x384@2x,640x360@2x,640x480@2x,640x480,672x378@2x,672x504@2x,800x450@2x,800x450@2x,1600x900]
[05:12:54]    PASS  'Phantom' (ID en colision con la consola) NO se muestra
[05:12:54]    PASS  la consola sigue encendida (no se toco el display equivocado)
[05:12:54]    PASS  'Orphan' (ID libre) se muestra como fila apagada placeholder
[05:12:54] -> simpledisplay://enable?name=Orphan
[05:13:03] -- status (H2):
   id   name       virt on  main hidpi mirror mode
   1    Apple Virtual 0    1   1    0     0      1920x1080
   12   Twin       1    1   0    0     0      1280x720
   13   Retina     1    1   0    1     0      1600x900
PROBE online=3 active=3 main=1
PROBE id=1 active=1 isActive=1 main=1 builtin=0 mirrorOf=0 uuid=9A0911C6-7B3D-4140-93FB-DE91CCE602DB 1920x1080 px=1920x1080 hidpi=0 modes=[800x600,960x540,1024x576,1024x768,1280x720,1280x960,1344x756,1344x1008,1600x900,1600x1200,1920x1080,640x480]
PROBE id=12 active=1 isActive=1 main=0 builtin=0 mirrorOf=0 uuid=2DC98E40-1180-4888-AA7B-FEE581F5A785 1280x720 px=1280x720 hidpi=0 modes=[800x600,1024x576,1024x768,1280x720,640x360,640x480]
PROBE id=13 active=1 isActive=1 main=0 builtin=0 mirrorOf=0 uuid=E3BD08CD-9ACF-4ABF-A67F-76EF61BBDD8D 1600x900 px=3200x1800 hidpi=1 modes=[800x600@2x,800x600,960x540@2x,1024x576,1024x768,1280x720,1280x960,1344x756,1344x1008,1600x900@2x,1600x900,1600x1200,1920x1080,3200x1800,400x300@2x,512x384@2x,640x360@2x,640x480@2x,640x480,672x378@2x,672x504@2x,800x450@2x,800x450@2x,1600x900]
[05:13:03]    PASS  al intentar encender 'Orphan' inexistente, se olvida la fila
   LOG 2026-09-07 09:11:41.028 I  SimpleDisplay[1032:215c] [app.simpledisplay:URLScheme] URL command: <private>
   LOG 2026-09-07 09:11:42.175 I  SimpleDisplay[1032:215c] [app.simpledisplay:URLScheme] URL command: <private>
   LOG 2026-09-07 09:11:52.518 I  SimpleDisplay[1032:215c] [app.simpledisplay:URLScheme] URL command: <private>
   LOG 2026-09-07 09:11:54.897 I  SimpleDisplay[1032:215c] [app.simpledisplay:URLScheme] URL command: <private>
   LOG 2026-09-07 09:12:02.223 I  SimpleDisplay[1032:215c] [app.simpledisplay:URLScheme] URL command: <private>
   LOG 2026-09-07 09:12:06.992 I  SimpleDisplay[1032:215c] [app.simpledisplay:URLScheme] URL command: <private>
   LOG 2026-09-07 09:12:07.645 I  SimpleDisplay[1032:215c] [app.simpledisplay:VirtualDisplayService] Removed virtual display<private> (ID 8)
   LOG 2026-09-07 09:12:16.332 I  SimpleDisplay[1032:215c] [app.simpledisplay:URLScheme] URL command: <private>
   LOG 2026-09-07 09:12:19.826 I  SimpleDisplay[1141:2624] [app.simpledisplay:VirtualDisplayService] Created virtual display '<private>' (1280x720) → ID 10
   LOG 2026-09-07 09:12:19.922 I  SimpleDisplay[1141:2624] [app.simpledisplay:VirtualDisplayService] Created virtual display '<private>' (1600x900) → ID 11
   LOG 2026-09-07 09:12:33.833 I  SimpleDisplay[1141:2624] [app.simpledisplay:URLScheme] URL command: <private>
   LOG 2026-09-07 09:12:39.483 I  SimpleDisplay[1198:27e4] [app.simpledisplay:VirtualDisplayService] Created virtual display '<private>' (1280x720) → ID 12
   LOG 2026-09-07 09:12:39.588 I  SimpleDisplay[1198:27e4] [app.simpledisplay:VirtualDisplayService] Created virtual display '<private>' (1600x900) → ID 13
   LOG 2026-09-07 09:12:39.602 E  SimpleDisplay[1198:27e4] [app.simpledisplay:ViewModel] Dropping ghost row '<private>' (<private>): its retained ID 1 now belongs to <private>
   LOG 2026-09-07 09:12:53.502 I  SimpleDisplay[1198:27e4] [app.simpledisplay:URLScheme] URL command: <private>
   LOG 2026-09-07 09:12:54.279 I  SimpleDisplay[1198:27e4] [app.simpledisplay:URLScheme] URL command: <private>
   LOG 2026-09-07 09:13:02.640 I  SimpleDisplay[1198:27e4] [app.simpledisplay:URLScheme] URL command: <private>
[05:13:04]    persistido ahora: [{"isDisabled": false, "isMain": false, "name": "Twin", "uuid": "2DC98E40-1180-4888-AA7B-FEE581F5A785", "lastKnownID": 4}, {"isDisabled": false, "isMain": false, "name": "Retina", "uuid": "E3BD08CD-9ACF-4ABF-A67F-76EF61BBDD8D", "lastKnownID": 9}, {"isDisabled": true, "isMain": false, "name": "Phantom", "uuid": "FAKE-PHANTOM", "lastKnownID": 1}, {"isDisabled": false, "isMain": false, "name": "Orphan", "uuid": "FAKE-ORPHAN", "lastKnownID": 9999}]
[05:13:04]    PASS  Orphan quedo con isDisabled=false en persistencia (False)
[05:13:04]    PASS  Phantom conserva isDisabled=true en persistencia (True)
[05:13:04] 
[05:13:04] ################ E apagar el display MAIN (la consola): main debe transferirse antes ################
[05:13:05] -- status (E0):
   id   name       virt on  main hidpi mirror mode
   1    Apple Virtual 0    1   1    0     0      1920x1080
   12   Twin       1    1   0    0     0      1280x720
   13   Retina     1    1   0    1     0      1600x900
PROBE online=3 active=3 main=1
PROBE id=1 active=1 isActive=1 main=1 builtin=0 mirrorOf=0 uuid=9A0911C6-7B3D-4140-93FB-DE91CCE602DB 1920x1080 px=1920x1080 hidpi=0 modes=[800x600,960x540,1024x576,1024x768,1280x720,1280x960,1344x756,1344x1008,1600x900,1600x1200,1920x1080,640x480]
PROBE id=12 active=1 isActive=1 main=0 builtin=0 mirrorOf=0 uuid=2DC98E40-1180-4888-AA7B-FEE581F5A785 1280x720 px=1280x720 hidpi=0 modes=[800x600,1024x576,1024x768,1280x720,640x360,640x480]
PROBE id=13 active=1 isActive=1 main=0 builtin=0 mirrorOf=0 uuid=E3BD08CD-9ACF-4ABF-A67F-76EF61BBDD8D 1600x900 px=3200x1800 hidpi=1 modes=[800x600@2x,800x600,960x540@2x,1024x576,1024x768,1280x720,1280x960,1344x756,1344x1008,1600x900@2x,1600x900,1600x1200,1920x1080,3200x1800,400x300@2x,512x384@2x,640x360@2x,640x480@2x,640x480,672x378@2x,672x504@2x,800x450@2x,800x450@2x,1600x900]
[05:13:05] consola id=1
[05:13:05] -> simpledisplay://disable?id=1
[05:13:15] -- status (E1):
   id   name       virt on  main hidpi mirror mode
   12   Twin       1    1   1    0     0      1280x720
   13   Retina     1    1   0    1     0      1600x900
   1    Apple Virtual 0    0   0    0     0      1920x1080
PROBE online=2 active=2 main=12
PROBE id=12 active=1 isActive=1 main=1 builtin=0 mirrorOf=0 uuid=2DC98E40-1180-4888-AA7B-FEE581F5A785 1280x720 px=1280x720 hidpi=0 modes=[800x600,1024x576,1024x768,1280x720,640x360,640x480]
PROBE id=13 active=1 isActive=1 main=0 builtin=0 mirrorOf=0 uuid=E3BD08CD-9ACF-4ABF-A67F-76EF61BBDD8D 1600x900 px=3200x1800 hidpi=1 modes=[800x600@2x,800x600,960x540@2x,1024x576,1024x768,1280x720,1280x960,1344x756,1344x1008,1600x900@2x,1600x900,1600x1200,1920x1080,3200x1800,400x300@2x,512x384@2x,640x360@2x,640x480@2x,640x480,672x378@2x,672x504@2x,800x450@2x,800x450@2x,1600x900]
[05:13:15]    PASS  consola apagada (fantasma)
[05:13:15]    PASS  otro display es main ahora
PROBE online=2 active=2 main=12
PROBE id=12 active=1 isActive=1 main=1 builtin=0 mirrorOf=0 uuid=2DC98E40-1180-4888-AA7B-FEE581F5A785 1280x720 px=1280x720 hidpi=0 modes=[800x600,1024x576,1024x768,1280x720,640x360,640x480]
PROBE id=13 active=1 isActive=1 main=0 builtin=0 mirrorOf=0 uuid=E3BD08CD-9ACF-4ABF-A67F-76EF61BBDD8D 1600x900 px=3200x1800 hidpi=1 modes=[800x600@2x,800x600,960x540@2x,1024x576,1024x768,1280x720,1280x960,1344x756,1344x1008,1600x900@2x,1600x900,1600x1200,1920x1080,3200x1800,400x300@2x,512x384@2x,640x360@2x,640x480@2x,640x480,672x378@2x,672x504@2x,800x450@2x,800x450@2x,1600x900]
[05:13:16]    PASS  CG: consola fuera de la lista online (0=si) (0)
[05:13:16] -> simpledisplay://enable?id=1
[05:13:25] -- status (E2):
   id   name       virt on  main hidpi mirror mode
   12   Twin       1    1   1    0     0      1280x720
   1    Apple Virtual 0    1   0    0     0      1920x1080
   13   Retina     1    1   0    1     0      1600x900
PROBE online=3 active=3 main=12
PROBE id=12 active=1 isActive=1 main=1 builtin=0 mirrorOf=0 uuid=2DC98E40-1180-4888-AA7B-FEE581F5A785 1280x720 px=1280x720 hidpi=0 modes=[800x600,1024x576,1024x768,1280x720,640x360,640x480]
PROBE id=1 active=1 isActive=1 main=0 builtin=0 mirrorOf=0 uuid=9A0911C6-7B3D-4140-93FB-DE91CCE602DB 1920x1080 px=1920x1080 hidpi=0 modes=[800x600,960x540,1024x576,1024x768,1280x720,1280x960,1344x756,1344x1008,1600x900,1600x1200,1920x1080,640x480]
PROBE id=13 active=1 isActive=1 main=0 builtin=0 mirrorOf=0 uuid=E3BD08CD-9ACF-4ABF-A67F-76EF61BBDD8D 1600x900 px=3200x1800 hidpi=1 modes=[800x600@2x,800x600,960x540@2x,1024x576,1024x768,1280x720,1280x960,1344x756,1344x1008,1600x900@2x,1600x900,1600x1200,1920x1080,3200x1800,400x300@2x,512x384@2x,640x360@2x,640x480@2x,640x480,672x378@2x,672x504@2x,800x450@2x,800x450@2x,1600x900]
[05:13:26]    PASS  consola encendida de nuevo
[05:13:26]    PASS  todos encendidos
   LOG 2026-09-07 09:12:33.833 I  SimpleDisplay[1141:2624] [app.simpledisplay:URLScheme] URL command: <private>
   LOG 2026-09-07 09:12:39.483 I  SimpleDisplay[1198:27e4] [app.simpledisplay:VirtualDisplayService] Created virtual display '<private>' (1280x720) → ID 12
   LOG 2026-09-07 09:12:39.588 I  SimpleDisplay[1198:27e4] [app.simpledisplay:VirtualDisplayService] Created virtual display '<private>' (1600x900) → ID 13
   LOG 2026-09-07 09:12:39.602 E  SimpleDisplay[1198:27e4] [app.simpledisplay:ViewModel] Dropping ghost row '<private>' (<private>): its retained ID 1 now belongs to <private>
   LOG 2026-09-07 09:12:53.502 I  SimpleDisplay[1198:27e4] [app.simpledisplay:URLScheme] URL command: <private>
   LOG 2026-09-07 09:12:54.279 I  SimpleDisplay[1198:27e4] [app.simpledisplay:URLScheme] URL command: <private>
   LOG 2026-09-07 09:13:02.640 I  SimpleDisplay[1198:27e4] [app.simpledisplay:URLScheme] URL command: <private>
   LOG 2026-09-07 09:13:04.644 I  SimpleDisplay[1198:27e4] [app.simpledisplay:URLScheme] URL command: <private>
   LOG 2026-09-07 09:13:05.344 I  SimpleDisplay[1198:27e4] [app.simpledisplay:URLScheme] URL command: <private>
   LOG 2026-09-07 09:13:14.714 I  SimpleDisplay[1198:27e4] [app.simpledisplay:URLScheme] URL command: <private>
   LOG 2026-09-07 09:13:15.799 I  SimpleDisplay[1198:27e4] [app.simpledisplay:URLScheme] URL command: <private>
   LOG 2026-09-07 09:13:25.164 I  SimpleDisplay[1198:27e4] [app.simpledisplay:URLScheme] URL command: <private>
[05:13:27] 
[05:13:27] ################ G ultimo display visible: cuenta atras, confirmacion headless y recuperacion al arrancar ################
[05:13:27] -- status (G0):
   id   name       virt on  main hidpi mirror mode
   12   Twin       1    1   1    0     0      1280x720
   1    Apple Virtual 0    1   0    0     0      1920x1080
   13   Retina     1    1   0    1     0      1600x900
PROBE online=3 active=3 main=12
PROBE id=12 active=1 isActive=1 main=1 builtin=0 mirrorOf=0 uuid=2DC98E40-1180-4888-AA7B-FEE581F5A785 1280x720 px=1280x720 hidpi=0 modes=[800x600,1024x576,1024x768,1280x720,640x360,640x480]
PROBE id=1 active=1 isActive=1 main=0 builtin=0 mirrorOf=0 uuid=9A0911C6-7B3D-4140-93FB-DE91CCE602DB 1920x1080 px=1920x1080 hidpi=0 modes=[800x600,960x540,1024x576,1024x768,1280x720,1280x960,1344x756,1344x1008,1600x900,1600x1200,1920x1080,640x480]
PROBE id=13 active=1 isActive=1 main=0 builtin=0 mirrorOf=0 uuid=E3BD08CD-9ACF-4ABF-A67F-76EF61BBDD8D 1600x900 px=3200x1800 hidpi=1 modes=[800x600@2x,800x600,960x540@2x,1024x576,1024x768,1280x720,1280x960,1344x756,1344x1008,1600x900@2x,1600x900,1600x1200,1920x1080,3200x1800,400x300@2x,512x384@2x,640x360@2x,640x480@2x,640x480,672x378@2x,672x504@2x,800x450@2x,800x450@2x,1600x900]
PROBE online=3 active=3 main=12
PROBE id=12 active=1 isActive=1 main=1 builtin=0 mirrorOf=0 uuid=2DC98E40-1180-4888-AA7B-FEE581F5A785 1280x720 px=1280x720 hidpi=0 modes=[800x600,1024x576,1024x768,1280x720,640x360,640x480]
PROBE id=1 active=1 isActive=1 main=0 builtin=0 mirrorOf=0 uuid=9A0911C6-7B3D-4140-93FB-DE91CCE602DB 1920x1080 px=1920x1080 hidpi=0 modes=[800x600,960x540,1024x576,1024x768,1280x720,1280x960,1344x756,1344x1008,1600x900,1600x1200,1920x1080,640x480]
PROBE id=13 active=1 isActive=1 main=0 builtin=0 mirrorOf=0 uuid=E3BD08CD-9ACF-4ABF-A67F-76EF61BBDD8D 1600x900 px=3200x1800 hidpi=1 modes=[800x600@2x,800x600,960x540@2x,1024x576,1024x768,1280x720,1280x960,1344x756,1344x1008,1600x900@2x,1600x900,1600x1200,1920x1080,3200x1800,400x300@2x,512x384@2x,640x360@2x,640x480@2x,640x480,672x378@2x,672x504@2x,800x450@2x,800x450@2x,1600x900]
[05:13:28] consola id=1 uuid=9A0911C6-7B3D-4140-93FB-DE91CCE602DB
[05:13:28] -> simpledisplay://disable?id=1
[05:13:34] -- status (G1):
   id   name       virt on  main hidpi mirror mode
   12   Twin       1    1   1    0     0      1280x720
   13   Retina     1    1   0    1     0      1600x900
   1    Apple Virtual 0    0   0    0     0      1920x1080
PROBE online=2 active=2 main=12
PROBE id=12 active=1 isActive=1 main=1 builtin=0 mirrorOf=0 uuid=2DC98E40-1180-4888-AA7B-FEE581F5A785 1280x720 px=1280x720 hidpi=0 modes=[800x600,1024x576,1024x768,1280x720,640x360,640x480]
PROBE id=13 active=1 isActive=1 main=0 builtin=0 mirrorOf=0 uuid=E3BD08CD-9ACF-4ABF-A67F-76EF61BBDD8D 1600x900 px=3200x1800 hidpi=1 modes=[800x600@2x,800x600,960x540@2x,1024x576,1024x768,1280x720,1280x960,1344x756,1344x1008,1600x900@2x,1600x900,1600x1200,1920x1080,3200x1800,400x300@2x,512x384@2x,640x360@2x,640x480@2x,640x480,672x378@2x,672x504@2x,800x450@2x,800x450@2x,1600x900]
[05:13:35]    PASS  consola apagada (cuenta atras corriendo)
[05:13:35]    PASS  persistido como apagado NO confirmado (headless ausente) (None)
[05:13:35]    esperando 14 s a que venza la cuenta atras
[05:13:49] -- status (G2):
   id   name       virt on  main hidpi mirror mode
   12   Twin       1    1   1    0     0      1280x720
   1    Apple Virtual 0    1   0    0     0      1920x1080
   13   Retina     1    1   0    1     0      1600x900
PROBE online=3 active=3 main=12
PROBE id=12 active=1 isActive=1 main=1 builtin=0 mirrorOf=0 uuid=2DC98E40-1180-4888-AA7B-FEE581F5A785 1280x720 px=1280x720 hidpi=0 modes=[800x600,1024x576,1024x768,1280x720,640x360,640x480]
PROBE id=1 active=1 isActive=1 main=0 builtin=0 mirrorOf=0 uuid=9A0911C6-7B3D-4140-93FB-DE91CCE602DB 1920x1080 px=1920x1080 hidpi=0 modes=[800x600,960x540,1024x576,1024x768,1280x720,1280x960,1344x756,1344x1008,1600x900,1600x1200,1920x1080,640x480]
PROBE id=13 active=1 isActive=1 main=0 builtin=0 mirrorOf=0 uuid=E3BD08CD-9ACF-4ABF-A67F-76EF61BBDD8D 1600x900 px=3200x1800 hidpi=1 modes=[800x600@2x,800x600,960x540@2x,1024x576,1024x768,1280x720,1280x960,1344x756,1344x1008,1600x900@2x,1600x900,1600x1200,1920x1080,3200x1800,400x300@2x,512x384@2x,640x360@2x,640x480@2x,640x480,672x378@2x,672x504@2x,800x450@2x,800x450@2x,1600x900]
[05:13:50]    PASS  la consola volvio sola al vencer la cuenta atras
[05:13:50]    PASS  persistencia: consola isDisabled=false tras revertir (False)
[05:13:50] -> simpledisplayctl disable --id 1 --headless
[05:13:57] -- status (G3):
   id   name       virt on  main hidpi mirror mode
   12   Twin       1    1   1    0     0      1280x720
   13   Retina     1    1   0    1     0      1600x900
   1    Apple Virtual 0    0   0    0     0      1920x1080
PROBE online=2 active=2 main=12
PROBE id=12 active=1 isActive=1 main=1 builtin=0 mirrorOf=0 uuid=2DC98E40-1180-4888-AA7B-FEE581F5A785 1280x720 px=1280x720 hidpi=0 modes=[800x600,1024x576,1024x768,1280x720,640x360,640x480]
PROBE id=13 active=1 isActive=1 main=0 builtin=0 mirrorOf=0 uuid=E3BD08CD-9ACF-4ABF-A67F-76EF61BBDD8D 1600x900 px=3200x1800 hidpi=1 modes=[800x600@2x,800x600,960x540@2x,1024x576,1024x768,1280x720,1280x960,1344x756,1344x1008,1600x900@2x,1600x900,1600x1200,1920x1080,3200x1800,400x300@2x,512x384@2x,640x360@2x,640x480@2x,640x480,672x378@2x,672x504@2x,800x450@2x,800x450@2x,1600x900]
[05:13:57]    PASS  con headless=true la consola queda apagada
[05:13:57]    PASS  persistido headless=true (True)
[05:13:57]    esperando 17 s: con headless confirmado no debe revertirse
[05:14:15] -- status (G4):
   id   name       virt on  main hidpi mirror mode
   12   Twin       1    1   1    0     0      1280x720
   13   Retina     1    1   0    1     0      1600x900
   1    Apple Virtual 0    0   0    0     0      1920x1080
PROBE online=2 active=2 main=12
PROBE id=12 active=1 isActive=1 main=1 builtin=0 mirrorOf=0 uuid=2DC98E40-1180-4888-AA7B-FEE581F5A785 1280x720 px=1280x720 hidpi=0 modes=[800x600,1024x576,1024x768,1280x720,640x360,640x480]
PROBE id=13 active=1 isActive=1 main=0 builtin=0 mirrorOf=0 uuid=E3BD08CD-9ACF-4ABF-A67F-76EF61BBDD8D 1600x900 px=3200x1800 hidpi=1 modes=[800x600@2x,800x600,960x540@2x,1024x576,1024x768,1280x720,1280x960,1344x756,1344x1008,1600x900@2x,1600x900,1600x1200,1920x1080,3200x1800,400x300@2x,512x384@2x,640x360@2x,640x480@2x,640x480,672x378@2x,672x504@2x,800x450@2x,800x450@2x,1600x900]
[05:14:15]    PASS  sigue apagada tras 17 s (sin cuenta atras)
[05:14:15] -> relanzar la app: un headless confirmado se reaplica
[05:14:32] -- status (G5):
   id   name       virt on  main hidpi mirror mode
   15   Twin       1    1   1    0     0      1280x720
   16   Retina     1    1   0    1     0      1600x900
   1    Apple Virtual 0    0   0    0     0      0x0
PROBE online=2 active=2 main=15
PROBE id=15 active=1 isActive=1 main=1 builtin=0 mirrorOf=0 uuid=2DC98E40-1180-4888-AA7B-FEE581F5A785 1280x720 px=1280x720 hidpi=0 modes=[800x600,1024x576,1024x768,1280x720,640x360,640x480]
PROBE id=16 active=1 isActive=1 main=0 builtin=0 mirrorOf=0 uuid=E3BD08CD-9ACF-4ABF-A67F-76EF61BBDD8D 1600x900 px=3200x1800 hidpi=1 modes=[800x600@2x,800x600,960x540@2x,1024x576,1024x768,1280x720,1280x960,1344x756,1344x1008,1600x900@2x,1600x900,1600x1200,1920x1080,3200x1800,400x300@2x,512x384@2x,640x360@2x,640x480@2x,640x480,672x378@2x,672x504@2x,800x450@2x,800x450@2x,1600x900]
[05:14:33]    PASS  tras relanzar la consola sigue apagada (headless confirmado)
[05:14:33] -> simpledisplay://enable?id=1
[05:14:41] -- status (G6):
   id   name       virt on  main hidpi mirror mode
   15   Twin       1    1   1    0     0      1280x720
   1    Apple Virtual 0    1   0    0     0      1920x1080
   16   Retina     1    1   0    1     0      1600x900
PROBE online=3 active=3 main=15
PROBE id=15 active=1 isActive=1 main=1 builtin=0 mirrorOf=0 uuid=2DC98E40-1180-4888-AA7B-FEE581F5A785 1280x720 px=1280x720 hidpi=0 modes=[800x600,1024x576,1024x768,1280x720,640x360,640x480]
PROBE id=1 active=1 isActive=1 main=0 builtin=0 mirrorOf=0 uuid=9A0911C6-7B3D-4140-93FB-DE91CCE602DB 1920x1080 px=1920x1080 hidpi=0 modes=[800x600,960x540,1024x576,1024x768,1280x720,1280x960,1344x756,1344x1008,1600x900,1600x1200,1920x1080,640x480]
PROBE id=16 active=1 isActive=1 main=0 builtin=0 mirrorOf=0 uuid=E3BD08CD-9ACF-4ABF-A67F-76EF61BBDD8D 1600x900 px=3200x1800 hidpi=1 modes=[800x600@2x,800x600,960x540@2x,1024x576,1024x768,1280x720,1280x960,1344x756,1344x1008,1600x900@2x,1600x900,1600x1200,1920x1080,3200x1800,400x300@2x,512x384@2x,640x360@2x,640x480@2x,640x480,672x378@2x,672x504@2x,800x450@2x,800x450@2x,1600x900]
[05:14:42]    PASS  consola encendida de nuevo
[05:14:42] -> simpledisplay://disable?id=1
[05:14:46] -> pkill DURANTE la cuenta atras (simula crash); relanzar
[05:15:05] -- status (G7):
   id   name       virt on  main hidpi mirror mode
   18   Twin       1    1   1    0     0      1280x720
   1    Apple Virtual 0    1   0    0     0      1920x1080
   19   Retina     1    1   0    1     0      1600x900
PROBE online=3 active=3 main=18
PROBE id=18 active=1 isActive=1 main=1 builtin=0 mirrorOf=0 uuid=2DC98E40-1180-4888-AA7B-FEE581F5A785 1280x720 px=1280x720 hidpi=0 modes=[800x600,1024x576,1024x768,1280x720,640x360,640x480]
PROBE id=1 active=1 isActive=1 main=0 builtin=0 mirrorOf=0 uuid=9A0911C6-7B3D-4140-93FB-DE91CCE602DB 1920x1080 px=1920x1080 hidpi=0 modes=[800x600,960x540,1024x576,1024x768,1280x720,1280x960,1344x756,1344x1008,1600x900,1600x1200,1920x1080,640x480]
PROBE id=19 active=1 isActive=1 main=0 builtin=0 mirrorOf=0 uuid=E3BD08CD-9ACF-4ABF-A67F-76EF61BBDD8D 1600x900 px=3200x1800 hidpi=1 modes=[800x600@2x,800x600,960x540@2x,1024x576,1024x768,1280x720,1280x960,1344x756,1344x1008,1600x900@2x,1600x900,1600x1200,1920x1080,3200x1800,400x300@2x,512x384@2x,640x360@2x,640x480@2x,640x480,672x378@2x,672x504@2x,800x450@2x,800x450@2x,1600x900]
[05:15:05]    PASS  al arrancar sin pantalla visible y sin headless confirmado, la consola se recupera sola
[05:15:06]    PASS  persistencia limpia tras la recuperacion (isDisabled=false) (False)
   LOG 2026-09-07 09:13:27.794 I  SimpleDisplay[1198:27e4] [app.simpledisplay:URLScheme] URL command: <private>
   LOG 2026-09-07 09:13:34.144 I  SimpleDisplay[1198:27e4] [app.simpledisplay:URLScheme] URL command: <private>
   LOG 2026-09-07 09:13:43.443 I  SimpleDisplay[1198:27e4] [app.simpledisplay:ViewModel] Headless countdown reverted: '<private>' is back on
   LOG 2026-09-07 09:13:49.194 I  SimpleDisplay[1198:27e4] [app.simpledisplay:URLScheme] URL command: <private>
   LOG 2026-09-07 09:13:50.246 I  SimpleDisplay[1198:27e4] [app.simpledisplay:URLScheme] URL command: <private>
   LOG 2026-09-07 09:13:56.634 I  SimpleDisplay[1198:27e4] [app.simpledisplay:URLScheme] URL command: <private>
   LOG 2026-09-07 09:14:14.705 I  SimpleDisplay[1198:27e4] [app.simpledisplay:URLScheme] URL command: <private>
   LOG 2026-09-07 09:14:17.856 I  SimpleDisplay[1417:3009] [app.simpledisplay:VirtualDisplayService] Created virtual display '<private>' (1280x720) → ID 15
   LOG 2026-09-07 09:14:18.227 I  SimpleDisplay[1417:3009] [app.simpledisplay:VirtualDisplayService] Created virtual display '<private>' (1600x900) → ID 16
   LOG 2026-09-07 09:14:18.379 E  SimpleDisplay[1417:3009] [app.simpledisplay:ViewModel] Dropping ghost row '<private>' (<private>): its retained ID 1 now belongs to <private>
   LOG 2026-09-07 09:14:31.828 I  SimpleDisplay[1417:3009] [app.simpledisplay:URLScheme] URL command: <private>
   LOG 2026-09-07 09:14:33.044 I  SimpleDisplay[1417:3009] [app.simpledisplay:URLScheme] URL command: <private>
   LOG 2026-09-07 09:14:41.395 I  SimpleDisplay[1417:3009] [app.simpledisplay:URLScheme] URL command: <private>
   LOG 2026-09-07 09:14:42.112 I  SimpleDisplay[1417:3009] [app.simpledisplay:URLScheme] URL command: <private>
   LOG 2026-09-07 09:14:48.869 I  SimpleDisplay[1473:331e] [app.simpledisplay:VirtualDisplayService] Created virtual display '<private>' (1280x720) → ID 18
   LOG 2026-09-07 09:14:48.960 I  SimpleDisplay[1473:331e] [app.simpledisplay:VirtualDisplayService] Created virtual display '<private>' (1600x900) → ID 19
   LOG 2026-09-07 09:14:48.970 E  SimpleDisplay[1473:331e] [app.simpledisplay:ViewModel] Dropping ghost row '<private>' (<private>): its retained ID 1 now belongs to <private>
   LOG 2026-09-07 09:14:49.691 E  SimpleDisplay[1473:331e] [app.simpledisplay:ViewModel] Recovered '<private>': it was off with no visible display left and headless was never confirmed
   LOG 2026-09-07 09:14:50.331 I  SimpleDisplay[1473:331e] [app.simpledisplay:ViewModel] Dropping persisted disable of '<private>' — would leave no visible display and headless was not confirmed
   LOG 2026-09-07 09:15:04.883 I  SimpleDisplay[1473:331e] [app.simpledisplay:URLScheme] URL command: <private>
[05:15:07] 
[05:15:07] ################ M espejo: solo un display FISICO puede espejar; un virtual como esclavo crashea el WindowServer ################
[05:15:07] WindowServer pid=174
[05:15:11] -- status (M0):
   id   name       virt on  main hidpi mirror mode
   18   Twin       1    1   1    0     0      1280x720
   1    Apple Virtual 0    1   0    0     0      1920x1080
   19   Retina     1    1   0    1     0      1600x900
PROBE online=3 active=3 main=18
PROBE id=18 active=1 isActive=1 main=1 builtin=0 mirrorOf=0 uuid=2DC98E40-1180-4888-AA7B-FEE581F5A785 1280x720 px=1280x720 hidpi=0 modes=[800x600,1024x576,1024x768,1280x720,640x360,640x480]
PROBE id=1 active=1 isActive=1 main=0 builtin=0 mirrorOf=0 uuid=9A0911C6-7B3D-4140-93FB-DE91CCE602DB 1920x1080 px=1920x1080 hidpi=0 modes=[800x600,960x540,1024x576,1024x768,1280x720,1280x960,1344x756,1344x1008,1600x900,1600x1200,1920x1080,640x480]
PROBE id=19 active=1 isActive=1 main=0 builtin=0 mirrorOf=0 uuid=E3BD08CD-9ACF-4ABF-A67F-76EF61BBDD8D 1600x900 px=3200x1800 hidpi=1 modes=[800x600@2x,800x600,960x540@2x,1024x576,1024x768,1280x720,1280x960,1344x756,1344x1008,1600x900@2x,1600x900,1600x1200,1920x1080,3200x1800,400x300@2x,512x384@2x,640x360@2x,640x480@2x,640x480,672x378@2x,672x504@2x,800x450@2x,800x450@2x,1600x900]
[05:15:12] consola=1 twin=18 main=18
[05:15:12] -> simpledisplay://mirror?id=18
[05:15:18] -- status (M1):
   id   name       virt on  main hidpi mirror mode
   18   Twin       1    1   1    0     0      1280x720
   1    Apple Virtual 0    1   0    0     0      1920x1080
   19   Retina     1    1   0    1     0      1600x900
PROBE online=3 active=3 main=18
PROBE id=18 active=1 isActive=1 main=1 builtin=0 mirrorOf=0 uuid=2DC98E40-1180-4888-AA7B-FEE581F5A785 1280x720 px=1280x720 hidpi=0 modes=[800x600,1024x576,1024x768,1280x720,640x360,640x480]
PROBE id=1 active=1 isActive=1 main=0 builtin=0 mirrorOf=0 uuid=9A0911C6-7B3D-4140-93FB-DE91CCE602DB 1920x1080 px=1920x1080 hidpi=0 modes=[800x600,960x540,1024x576,1024x768,1280x720,1280x960,1344x756,1344x1008,1600x900,1600x1200,1920x1080,640x480]
PROBE id=19 active=1 isActive=1 main=0 builtin=0 mirrorOf=0 uuid=E3BD08CD-9ACF-4ABF-A67F-76EF61BBDD8D 1600x900 px=3200x1800 hidpi=1 modes=[800x600@2x,800x600,960x540@2x,1024x576,1024x768,1280x720,1280x960,1344x756,1344x1008,1600x900@2x,1600x900,1600x1200,1920x1080,3200x1800,400x300@2x,512x384@2x,640x360@2x,640x480@2x,640x480,672x378@2x,672x504@2x,800x450@2x,800x450@2x,1600x900]
[05:15:19]    PASS  espejar un VIRTUAL se rechaza: Twin sigue sin espejo
[05:15:19]    PASS  tras rechazar el espejo del virtual: el WindowServer sigue siendo el mismo proceso (174)
[05:15:19] -> simpledisplayctl mirror --id 1
[05:15:30] -- status (M2):
   id   name       virt on  main hidpi mirror mode
   18   Twin       1    1   1    0     0      1280x720
   1    Apple Virtual 0    1   0    0     18     1280x720
   19   Retina     1    1   0    1     0      1600x900
PROBE online=3 active=2 main=18
PROBE id=18 active=1 isActive=1 main=1 builtin=0 mirrorOf=0 uuid=2DC98E40-1180-4888-AA7B-FEE581F5A785 1280x720 px=1280x720 hidpi=0 modes=[800x600,1024x576,1024x768,1280x720,640x360,640x480]
PROBE id=1 active=0 isActive=0 main=0 builtin=0 mirrorOf=18 uuid=9A0911C6-7B3D-4140-93FB-DE91CCE602DB 1280x720 px=1280x720 hidpi=0 modes=[800x600,960x540,1024x576,1024x768,1280x720,1280x960,1344x756,1344x1008,1600x900,1600x1200,1920x1080,640x480,1280x720]
PROBE id=19 active=1 isActive=1 main=0 builtin=0 mirrorOf=0 uuid=E3BD08CD-9ACF-4ABF-A67F-76EF61BBDD8D 1600x900 px=3200x1800 hidpi=1 modes=[800x600@2x,800x600,960x540@2x,1024x576,1024x768,1280x720,1280x960,1344x756,1344x1008,1600x900@2x,1600x900,1600x1200,1920x1080,3200x1800,400x300@2x,512x384@2x,640x360@2x,640x480@2x,640x480,672x378@2x,672x504@2x,800x450@2x,800x450@2x,1600x900]
[05:15:30]    PASS  tras espejar la consola: el WindowServer sigue siendo el mismo proceso (174)
[05:15:30]    PASS  la consola espeja al display main (un virtual)
[05:15:30]    PASS  la consola sigue encendida (espejar no es apagar)
PROBE online=3 active=2 main=18
PROBE id=18 active=1 isActive=1 main=1 builtin=0 mirrorOf=0 uuid=2DC98E40-1180-4888-AA7B-FEE581F5A785 1280x720 px=1280x720 hidpi=0 modes=[800x600,1024x576,1024x768,1280x720,640x360,640x480]
PROBE id=1 active=0 isActive=0 main=0 builtin=0 mirrorOf=18 uuid=9A0911C6-7B3D-4140-93FB-DE91CCE602DB 1280x720 px=1280x720 hidpi=0 modes=[800x600,960x540,1024x576,1024x768,1280x720,1280x960,1344x756,1344x1008,1600x900,1600x1200,1920x1080,640x480,1280x720]
PROBE id=19 active=1 isActive=1 main=0 builtin=0 mirrorOf=0 uuid=E3BD08CD-9ACF-4ABF-A67F-76EF61BBDD8D 1600x900 px=3200x1800 hidpi=1 modes=[800x600@2x,800x600,960x540@2x,1024x576,1024x768,1280x720,1280x960,1344x756,1344x1008,1600x900@2x,1600x900,1600x1200,1920x1080,3200x1800,400x300@2x,512x384@2x,640x360@2x,640x480@2x,640x480,672x378@2x,672x504@2x,800x450@2x,800x450@2x,1600x900]
[05:15:31]    PASS  CG: CGDisplayMirrorsDisplay(consola) == 18 (1)
[05:15:31]    PASS  persistido mirrorOf de la consola apunta a un UUID (True)
[05:15:31] -> relanzar: el espejo persistido se reaplica
[05:15:50] -- status (M3):
   id   name       virt on  main hidpi mirror mode
   20   Twin       1    1   1    0     0      1280x720
   1    Apple Virtual 0    1   0    0     20     1280x720
   21   Retina     1    1   0    1     0      1600x900
PROBE online=3 active=2 main=20
PROBE id=20 active=1 isActive=1 main=1 builtin=0 mirrorOf=0 uuid=2DC98E40-1180-4888-AA7B-FEE581F5A785 1280x720 px=1280x720 hidpi=0 modes=[800x600,1024x576,1024x768,1280x720,640x360,640x480]
PROBE id=1 active=0 isActive=0 main=0 builtin=0 mirrorOf=20 uuid=9A0911C6-7B3D-4140-93FB-DE91CCE602DB 1280x720 px=1280x720 hidpi=0 modes=[800x600,960x540,1024x576,1024x768,1280x720,1280x960,1344x756,1344x1008,1600x900,1600x1200,1920x1080,640x480,1280x720]
PROBE id=21 active=1 isActive=1 main=0 builtin=0 mirrorOf=0 uuid=E3BD08CD-9ACF-4ABF-A67F-76EF61BBDD8D 1600x900 px=3200x1800 hidpi=1 modes=[800x600@2x,800x600,960x540@2x,1024x576,1024x768,1280x720,1280x960,1344x756,1344x1008,1600x900@2x,1600x900,1600x1200,1920x1080,3200x1800,400x300@2x,512x384@2x,640x360@2x,640x480@2x,640x480,672x378@2x,672x504@2x,800x450@2x,800x450@2x,1600x900]
[05:15:51]    PASS  tras relanzar con espejo persistido: el WindowServer sigue siendo el mismo proceso (174)
[05:15:51]    PASS  tras relanzar, la consola vuelve espejada a un display encendido
[05:15:51] -> simpledisplayctl unmirror --id 1
[05:16:00] -- status (M4):
   id   name       virt on  main hidpi mirror mode
   20   Twin       1    1   1    0     0      1280x720
   1    Apple Virtual 0    1   0    0     0      1920x1080
   21   Retina     1    1   0    1     0      1600x900
PROBE online=3 active=3 main=20
PROBE id=20 active=1 isActive=1 main=1 builtin=0 mirrorOf=0 uuid=2DC98E40-1180-4888-AA7B-FEE581F5A785 1280x720 px=1280x720 hidpi=0 modes=[800x600,1024x576,1024x768,1280x720,640x360,640x480]
PROBE id=1 active=1 isActive=1 main=0 builtin=0 mirrorOf=0 uuid=9A0911C6-7B3D-4140-93FB-DE91CCE602DB 1920x1080 px=1920x1080 hidpi=0 modes=[800x600,960x540,1024x576,1024x768,1280x720,1280x960,1344x756,1344x1008,1600x900,1600x1200,1920x1080,640x480]
PROBE id=21 active=1 isActive=1 main=0 builtin=0 mirrorOf=0 uuid=E3BD08CD-9ACF-4ABF-A67F-76EF61BBDD8D 1600x900 px=3200x1800 hidpi=1 modes=[800x600@2x,800x600,960x540@2x,1024x576,1024x768,1280x720,1280x960,1344x756,1344x1008,1600x900@2x,1600x900,1600x1200,1920x1080,3200x1800,400x300@2x,512x384@2x,640x360@2x,640x480@2x,640x480,672x378@2x,672x504@2x,800x450@2x,800x450@2x,1600x900]
[05:16:00]    PASS  sin espejos
[05:16:00]    PASS  la consola volvio a su modo nativo 1920x1080
[05:16:01]    PASS  persistencia sin mirrorOf (0)
[05:16:01] -> simpledisplay://mirror?id=1
[05:16:11] -- status (M5):
   id   name       virt on  main hidpi mirror mode
   20   Twin       1    1   1    0     0      1280x720
   1    Apple Virtual 0    1   0    0     20     1280x720
   21   Retina     1    1   0    1     0      1600x900
PROBE online=3 active=2 main=20
PROBE id=20 active=1 isActive=1 main=1 builtin=0 mirrorOf=0 uuid=2DC98E40-1180-4888-AA7B-FEE581F5A785 1280x720 px=1280x720 hidpi=0 modes=[800x600,1024x576,1024x768,1280x720,640x360,640x480]
PROBE id=1 active=0 isActive=0 main=0 builtin=0 mirrorOf=20 uuid=9A0911C6-7B3D-4140-93FB-DE91CCE602DB 1280x720 px=1280x720 hidpi=0 modes=[800x600,960x540,1024x576,1024x768,1280x720,1280x960,1344x756,1344x1008,1600x900,1600x1200,1920x1080,640x480,1280x720]
PROBE id=21 active=1 isActive=1 main=0 builtin=0 mirrorOf=0 uuid=E3BD08CD-9ACF-4ABF-A67F-76EF61BBDD8D 1600x900 px=3200x1800 hidpi=1 modes=[800x600@2x,800x600,960x540@2x,1024x576,1024x768,1280x720,1280x960,1344x756,1344x1008,1600x900@2x,1600x900,1600x1200,1920x1080,3200x1800,400x300@2x,512x384@2x,640x360@2x,640x480@2x,640x480,672x378@2x,672x504@2x,800x450@2x,800x450@2x,1600x900]
[05:16:12] la consola espeja a 20; ahora apago ese destino
[05:16:12] -> simpledisplay://disable?id=20
[05:16:22] -- status (M6):
   id   name       virt on  main hidpi mirror mode
   1    Apple Virtual 0    1   1    0     0      1920x1080
   21   Retina     1    1   0    1     0      1600x900
   20   Twin       1    0   0    0     0      1280x720
PROBE online=2 active=2 main=1
PROBE id=1 active=1 isActive=1 main=1 builtin=0 mirrorOf=0 uuid=9A0911C6-7B3D-4140-93FB-DE91CCE602DB 1920x1080 px=1920x1080 hidpi=0 modes=[800x600,960x540,1024x576,1024x768,1280x720,1280x960,1344x756,1344x1008,1600x900,1600x1200,1920x1080,640x480]
PROBE id=21 active=1 isActive=1 main=0 builtin=0 mirrorOf=0 uuid=E3BD08CD-9ACF-4ABF-A67F-76EF61BBDD8D 1600x900 px=3200x1800 hidpi=1 modes=[800x600@2x,800x600,960x540@2x,1024x576,1024x768,1280x720,1280x960,1344x756,1344x1008,1600x900@2x,1600x900,1600x1200,1920x1080,3200x1800,400x300@2x,512x384@2x,640x360@2x,640x480@2x,640x480,672x378@2x,672x504@2x,800x450@2x,800x450@2x,1600x900]
[05:16:23]    PASS  tras apagar el destino de un espejo: el WindowServer sigue siendo el mismo proceso (174)
[05:16:23]    PASS  apagar el destino disuelve el espejo primero: la consola queda sin espejo y encendida
[05:16:23]    PASS  el destino quedo apagado
[05:16:23] -> simpledisplay://enable?id=20
[05:16:33] -- status (M7):
   id   name       virt on  main hidpi mirror mode
   1    Apple Virtual 0    1   1    0     0      1920x1080
   20   Twin       1    1   0    0     0      1280x720
   21   Retina     1    1   0    1     0      1600x900
PROBE online=3 active=3 main=1
PROBE id=1 active=1 isActive=1 main=1 builtin=0 mirrorOf=0 uuid=9A0911C6-7B3D-4140-93FB-DE91CCE602DB 1920x1080 px=1920x1080 hidpi=0 modes=[800x600,960x540,1024x576,1024x768,1280x720,1280x960,1344x756,1344x1008,1600x900,1600x1200,1920x1080,640x480]
PROBE id=20 active=1 isActive=1 main=0 builtin=0 mirrorOf=0 uuid=2DC98E40-1180-4888-AA7B-FEE581F5A785 1280x720 px=1280x720 hidpi=0 modes=[800x600,1024x576,1024x768,1280x720,640x360,640x480]
PROBE id=21 active=1 isActive=1 main=0 builtin=0 mirrorOf=0 uuid=E3BD08CD-9ACF-4ABF-A67F-76EF61BBDD8D 1600x900 px=3200x1800 hidpi=1 modes=[800x600@2x,800x600,960x540@2x,1024x576,1024x768,1280x720,1280x960,1344x756,1344x1008,1600x900@2x,1600x900,1600x1200,1920x1080,3200x1800,400x300@2x,512x384@2x,640x360@2x,640x480@2x,640x480,672x378@2x,672x504@2x,800x450@2x,800x450@2x,1600x900]
[05:16:33]    PASS  todos encendidos y sin espejos
   LOG 2026-09-07 09:14:49.691 E  SimpleDisplay[1473:331e] [app.simpledisplay:ViewModel] Recovered '<private>': it was off with no visible display left and headless was never confirmed
   LOG 2026-09-07 09:14:50.331 I  SimpleDisplay[1473:331e] [app.simpledisplay:ViewModel] Dropping persisted disable of '<private>' — would leave no visible display and headless was not confirmed
   LOG 2026-09-07 09:15:04.883 I  SimpleDisplay[1473:331e] [app.simpledisplay:URLScheme] URL command: <private>
   LOG 2026-09-07 09:15:11.224 I  SimpleDisplay[1473:331e] [app.simpledisplay:URLScheme] URL command: <private>
   LOG 2026-09-07 09:15:11.967 I  SimpleDisplay[1473:331e] [app.simpledisplay:URLScheme] URL command: <private>
   LOG 2026-09-07 09:15:18.296 I  SimpleDisplay[1473:331e] [app.simpledisplay:URLScheme] URL command: <private>
   LOG 2026-09-07 09:15:19.297 I  SimpleDisplay[1473:331e] [app.simpledisplay:URLScheme] URL command: <private>
   LOG 2026-09-07 09:15:29.689 I  SimpleDisplay[1473:331e] [app.simpledisplay:URLScheme] URL command: <private>
   LOG 2026-09-07 09:15:33.811 I  SimpleDisplay[1596:37bb] [app.simpledisplay:VirtualDisplayService] Created virtual display '<private>' (1280x720) → ID 20
   LOG 2026-09-07 09:15:34.098 I  SimpleDisplay[1596:37bb] [app.simpledisplay:VirtualDisplayService] Created virtual display '<private>' (1600x900) → ID 21
   LOG 2026-09-07 09:15:34.103 E  SimpleDisplay[1596:37bb] [app.simpledisplay:ViewModel] Dropping ghost row '<private>' (<private>): its retained ID 1 now belongs to <private>
   LOG 2026-09-07 09:15:49.828 I  SimpleDisplay[1596:37bb] [app.simpledisplay:URLScheme] URL command: <private>
   LOG 2026-09-07 09:15:51.361 I  SimpleDisplay[1596:37bb] [app.simpledisplay:URLScheme] URL command: <private>
   LOG 2026-09-07 09:15:59.761 I  SimpleDisplay[1596:37bb] [app.simpledisplay:URLScheme] URL command: <private>
   LOG 2026-09-07 09:16:00.800 I  SimpleDisplay[1596:37bb] [app.simpledisplay:URLScheme] URL command: <private>
   LOG 2026-09-07 09:16:11.129 I  SimpleDisplay[1596:37bb] [app.simpledisplay:URLScheme] URL command: <private>
   LOG 2026-09-07 09:16:11.841 I  SimpleDisplay[1596:37bb] [app.simpledisplay:URLScheme] URL command: <private>
   LOG 2026-09-07 09:16:22.194 I  SimpleDisplay[1596:37bb] [app.simpledisplay:URLScheme] URL command: <private>
   LOG 2026-09-07 09:16:23.205 I  SimpleDisplay[1596:37bb] [app.simpledisplay:URLScheme] URL command: <private>
   LOG 2026-09-07 09:16:32.551 I  SimpleDisplay[1596:37bb] [app.simpledisplay:URLScheme] URL command: <private>
[05:16:34] 
[05:16:34] ################ F sleep/wake (puede no estar soportado en VM) ################
[05:16:34] pmset:  sleep 0 (sleep prevented by powerd); Sleep On Power Button 1; standby 0;
[05:16:34] -> simpledisplay://disable?id=11
[05:16:42] -- status (F0):
   id   name       virt on  main hidpi mirror mode
   1    Apple Virtual 0    1   1    0     0      1920x1080
   20   Twin       1    1   0    0     0      1280x720
   21   Retina     1    1   0    1     0      1600x900
PROBE online=3 active=3 main=1
PROBE id=1 active=1 isActive=1 main=1 builtin=0 mirrorOf=0 uuid=9A0911C6-7B3D-4140-93FB-DE91CCE602DB 1920x1080 px=1920x1080 hidpi=0 modes=[800x600,960x540,1024x576,1024x768,1280x720,1280x960,1344x756,1344x1008,1600x900,1600x1200,1920x1080,640x480]
PROBE id=20 active=1 isActive=1 main=0 builtin=0 mirrorOf=0 uuid=2DC98E40-1180-4888-AA7B-FEE581F5A785 1280x720 px=1280x720 hidpi=0 modes=[800x600,1024x576,1024x768,1280x720,640x360,640x480]
PROBE id=21 active=1 isActive=1 main=0 builtin=0 mirrorOf=0 uuid=E3BD08CD-9ACF-4ABF-A67F-76EF61BBDD8D 1600x900 px=3200x1800 hidpi=1 modes=[800x600@2x,800x600,960x540@2x,1024x576,1024x768,1280x720,1280x960,1344x756,1344x1008,1600x900@2x,1600x900,1600x1200,1920x1080,3200x1800,400x300@2x,512x384@2x,640x360@2x,640x480@2x,640x480,672x378@2x,672x504@2x,800x450@2x,800x450@2x,1600x900]
Unable to sleep system: error 0xe00002e2
[05:16:43]    INFO  sleepnow no aceptado en la VM
[05:16:43] -> simpledisplay://enable?id=11
[05:16:51] -- status (F2):
   id   name       virt on  main hidpi mirror mode
   1    Apple Virtual 0    1   1    0     0      1920x1080
   20   Twin       1    1   0    0     0      1280x720
   21   Retina     1    1   0    1     0      1600x900
PROBE online=3 active=3 main=1
PROBE id=1 active=1 isActive=1 main=1 builtin=0 mirrorOf=0 uuid=9A0911C6-7B3D-4140-93FB-DE91CCE602DB 1920x1080 px=1920x1080 hidpi=0 modes=[800x600,960x540,1024x576,1024x768,1280x720,1280x960,1344x756,1344x1008,1600x900,1600x1200,1920x1080,640x480]
PROBE id=20 active=1 isActive=1 main=0 builtin=0 mirrorOf=0 uuid=2DC98E40-1180-4888-AA7B-FEE581F5A785 1280x720 px=1280x720 hidpi=0 modes=[800x600,1024x576,1024x768,1280x720,640x360,640x480]
PROBE id=21 active=1 isActive=1 main=0 builtin=0 mirrorOf=0 uuid=E3BD08CD-9ACF-4ABF-A67F-76EF61BBDD8D 1600x900 px=3200x1800 hidpi=1 modes=[800x600@2x,800x600,960x540@2x,1024x576,1024x768,1280x720,1280x960,1344x756,1344x1008,1600x900@2x,1600x900,1600x1200,1920x1080,3200x1800,400x300@2x,512x384@2x,640x360@2x,640x480@2x,640x480,672x378@2x,672x504@2x,800x450@2x,800x450@2x,1600x900]
[05:16:52] 
[05:16:52] ################ RESUMEN ################
[05:16:52] PASS=67 FAIL=0
